../Core/Src/GSM.c:151:6:vGSM_eInit	56	static
../Core/Src/GSM.c:220:6:vGSM_eStartGSM_Exe	24	static
../Core/Src/GSM.c:273:6:vGSM_eInitaliseGSM_Exe	8	static
../Core/Src/GSM.c:310:9:ucGSM_eProcessATCommand_Exe	40	static
../Core/Src/GSM.c:366:9:ucGSM_eProcessATCmdDualResp_Exe	40	static
../Core/Src/GSM.c:457:6:bGSM_eWait4RespOrTimeOut_Exe	24	static
../Core/Src/GSM.c:480:6:bGSM_eWait4RespOrTimeOut1_Exe	24	static
../Core/Src/GSM.c:522:9:ucGSM_eCompareStringInGSMBuff_Exe	24	static
../Core/Src/GSM.c:568:6:vGSM_ePWRKeyStartGSM_Exe	8	static
../Core/Src/GSM.c:588:6:vGSM_eSoftOFFGSM_Exe	8	static
../Core/Src/GSM.c:635:6:vGSM_ePowerONGSM_Exe	16	static
../Core/Src/GSM.c:682:6:vGSM_ePowerOFFGSM_Exe	8	static
../Core/Src/GSM.c:700:6:vGSM_eResetGSM_Exe	8	static
../Core/Src/GSM.c:717:6:vGSM_eReStartGSM_Exe	8	static
../Core/Src/GSM.c:740:9:ucGSM_eCheckATResponse_Exe	24	static
../Core/Src/GSM.c:763:6:vGSM_eInitialiseSetting_Exe	32	static
../Core/Src/GSM.c:805:6:vGSM_eInitialSetup_Exe	8	static
../Core/Src/GSM.c:818:6:vGSM_eRegisterAndSetModule_Exe	24	static
../Core/Src/GSM.c:866:6:bGSM_eNetworkSetup_Exe	24	static
../Core/Src/GSM.c:934:6:bGSM_eReadNetworkRegStatus_Exe	48	static
../Core/Src/GSM.c:998:6:bGSM_eCheckAPNSetting_Exe	48	static
../Core/Src/GSM.c:1041:6:vGSM_eSetAPN_Exe	32	static
../Core/Src/GSM.c:1087:6:vGSM_eEnableGPRS_Exe	40	static
../Core/Src/GSM.c:1127:6:vGSM_eDisableGPRS_Exe	40	static
../Core/Src/GSM.c:1150:6:vGSM_eReadGPRSStatus_Exe	40	static
../Core/Src/GSM.c:1193:6:vGSM_eReadNetworkInfo_Exe	32	static
../Core/Src/GSM.c:1255:9:ucGSM_eReadSignalStrength_Exe	48	static
../Core/Src/GSM.c:1333:6:vGSM_eReadSIMInsertStatus_Exe	32	static
../Core/Src/GSM.c:1360:6:vGSM_eUpdateTimeZoneAndRTC_Exe	8	static
../Core/Src/GSM.c:1379:6:bGSM_eReadRTC_Exe	72	static
../Core/Src/GSM.c:1489:6:bGSM_eGetIMEINum_Exe	48	static
../Core/Src/GSM.c:1536:6:bGSM_eGetICCIDNum_Exe	48	static
../Core/Src/GSM.c:1570:6:vGSM_eCheckAndMakeSocket_Exe	24	static
../Core/Src/GSM.c:1624:6:bGSM_eReadSocketStatus_Exe	40	static
../Core/Src/GSM.c:1675:6:bGSM_eMakeSocket_Exe	136	static
../Core/Src/GSM.c:1725:6:vGSM_eCloseSocket_Exe	24	static
../Core/Src/GSM.c:1748:6:bGSM_eSendDataOnSocket_Exe	72	static
../Core/Src/GSM.c:1803:6:bGSM_eReadSocketData_Exe	8	static
../Core/Src/GSM.c:1861:6:vGSM_eReadURCData_Exe	40	static
../Core/Src/GSM.c:1961:6:bGSM_eCheckPendingSMS_Exe	48	static
../Core/Src/GSM.c:2009:6:bGSM_eGetPendingSMS_Exe	24	static
../Core/Src/GSM.c:2095:9:ucGSM_eReadSMS_Exe	48	static
../Core/Src/GSM.c:2182:6:bGSM_eDeleteSMS_Exe	32	static
../Core/Src/GSM.c:2227:6:bGSM_eSendSMS_Exe	240	static
