../Core/Src/stm32g0xx_it.c:77:6:NMI_Handler	8	static
../Core/Src/stm32g0xx_it.c:92:6:HardFault_Handler	8	static
../Core/Src/stm32g0xx_it.c:107:6:SVC_Handler	8	static
../Core/Src/stm32g0xx_it.c:120:6:PendSV_Handler	8	static
../Core/Src/stm32g0xx_it.c:133:6:SysTick_Handler	16	static
../Core/Src/stm32g0xx_it.c:158:6:EXTI2_3_IRQHandler	8	static
../Core/Src/stm32g0xx_it.c:172:6:EXTI4_15_IRQHandler	8	static
../Core/Src/stm32g0xx_it.c:186:6:DMA1_Channel1_IRQHandler	8	static
../Core/Src/stm32g0xx_it.c:200:6:TIM16_FDCAN_IT0_IRQHandler	8	static
../Core/Src/stm32g0xx_it.c:215:6:TIM17_FDCAN_IT1_IRQHandler	8	static
../Core/Src/stm32g0xx_it.c:229:6:I2C1_IRQHandler	8	static
../Core/Src/stm32g0xx_it.c:250:6:USART1_IRQHandler	8	static
../Core/Src/stm32g0xx_it.c:264:6:USART3_4_5_6_LPUART1_IRQHandler	8	static
