###############################################################################
#
# IAR ELF Linker V9.30.1.335/W64 for ARM                  07/Aug/2025  10:42:54
# Copyright 2007-2022 IAR Systems AB.
#
#    Output file  =
#        D:\BZ\PROJECTS\Embedded
#        Firmware\BZ\Standalone_IoT\Firmware\Standalone_IOT\Standalone_IOT
#        (MQTT with BL)\Bootloader\EWARM\Bootloader\Exe\Bootloader.out
#    Map file     =
#        D:\BZ\PROJECTS\Embedded
#        Firmware\BZ\Standalone_IoT\Firmware\Standalone_IOT\Standalone_IOT
#        (MQTT with BL)\Bootloader\EWARM\Bootloader\List\Bootloader.map
#    Command line =
#        -f "D:\BZ\PROJECTS\Embedded
#        Firmware\BZ\Standalone_IoT\Firmware\Standalone_IOT\Standalone_IOT
#        (MQTT with BL)\Bootloader\EWARM\Bootloader\Exe\Bootloader.out.rsp"
#        ("D:\BZ\PROJECTS\Embedded
#        Firmware\BZ\Standalone_IoT\Firmware\Standalone_IOT\Standalone_IOT
#        (MQTT with
#        BL)\Bootloader\EWARM\Bootloader\Obj\Application\User\Core\App.o"
#        "D:\BZ\PROJECTS\Embedded
#        Firmware\BZ\Standalone_IoT\Firmware\Standalone_IOT\Standalone_IOT
#        (MQTT with
#        BL)\Bootloader\EWARM\Bootloader\Obj\Application\User\Core\CAN.o"
#        "D:\BZ\PROJECTS\Embedded
#        Firmware\BZ\Standalone_IoT\Firmware\Standalone_IOT\Standalone_IOT
#        (MQTT with
#        BL)\Bootloader\EWARM\Bootloader\Obj\Application\User\Core\COMM.o"
#        "D:\BZ\PROJECTS\Embedded
#        Firmware\BZ\Standalone_IoT\Firmware\Standalone_IOT\Standalone_IOT
#        (MQTT with
#        BL)\Bootloader\EWARM\Bootloader\Obj\Application\User\Core\E2PROM_I2C.o"
#        "D:\BZ\PROJECTS\Embedded
#        Firmware\BZ\Standalone_IoT\Firmware\Standalone_IOT\Standalone_IOT
#        (MQTT with
#        BL)\Bootloader\EWARM\Bootloader\Obj\Application\User\Core\FTP.o"
#        "D:\BZ\PROJECTS\Embedded
#        Firmware\BZ\Standalone_IoT\Firmware\Standalone_IOT\Standalone_IOT
#        (MQTT with
#        BL)\Bootloader\EWARM\Bootloader\Obj\Application\User\Core\GSM.o"
#        "D:\BZ\PROJECTS\Embedded
#        Firmware\BZ\Standalone_IoT\Firmware\Standalone_IOT\Standalone_IOT
#        (MQTT with
#        BL)\Bootloader\EWARM\Bootloader\Obj\Application\User\Core\main.o"
#        "D:\BZ\PROJECTS\Embedded
#        Firmware\BZ\Standalone_IoT\Firmware\Standalone_IOT\Standalone_IOT
#        (MQTT with
#        BL)\Bootloader\EWARM\Bootloader\Obj\Application\User\Core\MCUFlash.o"
#        "D:\BZ\PROJECTS\Embedded
#        Firmware\BZ\Standalone_IoT\Firmware\Standalone_IOT\Standalone_IOT
#        (MQTT with
#        BL)\Bootloader\EWARM\Bootloader\Obj\Application\User\Core\MQTT.o"
#        "D:\BZ\PROJECTS\Embedded
#        Firmware\BZ\Standalone_IoT\Firmware\Standalone_IOT\Standalone_IOT
#        (MQTT with
#        BL)\Bootloader\EWARM\Bootloader\Obj\Application\EWARM\startup_stm32g0b1xx.o"
#        "D:\BZ\PROJECTS\Embedded
#        Firmware\BZ\Standalone_IoT\Firmware\Standalone_IOT\Standalone_IOT
#        (MQTT with
#        BL)\Bootloader\EWARM\Bootloader\Obj\Drivers\STM32G0xx_HAL_Driver\stm32g0xx_hal.o"
#        "D:\BZ\PROJECTS\Embedded
#        Firmware\BZ\Standalone_IoT\Firmware\Standalone_IOT\Standalone_IOT
#        (MQTT with
#        BL)\Bootloader\EWARM\Bootloader\Obj\Drivers\STM32G0xx_HAL_Driver\stm32g0xx_hal_cortex.o"
#        "D:\BZ\PROJECTS\Embedded
#        Firmware\BZ\Standalone_IoT\Firmware\Standalone_IOT\Standalone_IOT
#        (MQTT with
#        BL)\Bootloader\EWARM\Bootloader\Obj\Drivers\STM32G0xx_HAL_Driver\stm32g0xx_hal_crc.o"
#        "D:\BZ\PROJECTS\Embedded
#        Firmware\BZ\Standalone_IoT\Firmware\Standalone_IOT\Standalone_IOT
#        (MQTT with
#        BL)\Bootloader\EWARM\Bootloader\Obj\Drivers\STM32G0xx_HAL_Driver\stm32g0xx_hal_crc_ex.o"
#        "D:\BZ\PROJECTS\Embedded
#        Firmware\BZ\Standalone_IoT\Firmware\Standalone_IOT\Standalone_IOT
#        (MQTT with
#        BL)\Bootloader\EWARM\Bootloader\Obj\Drivers\STM32G0xx_HAL_Driver\stm32g0xx_hal_dma.o"
#        "D:\BZ\PROJECTS\Embedded
#        Firmware\BZ\Standalone_IoT\Firmware\Standalone_IOT\Standalone_IOT
#        (MQTT with
#        BL)\Bootloader\EWARM\Bootloader\Obj\Drivers\STM32G0xx_HAL_Driver\stm32g0xx_hal_dma_ex.o"
#        "D:\BZ\PROJECTS\Embedded
#        Firmware\BZ\Standalone_IoT\Firmware\Standalone_IOT\Standalone_IOT
#        (MQTT with
#        BL)\Bootloader\EWARM\Bootloader\Obj\Drivers\STM32G0xx_HAL_Driver\stm32g0xx_hal_exti.o"
#        "D:\BZ\PROJECTS\Embedded
#        Firmware\BZ\Standalone_IoT\Firmware\Standalone_IOT\Standalone_IOT
#        (MQTT with
#        BL)\Bootloader\EWARM\Bootloader\Obj\Drivers\STM32G0xx_HAL_Driver\stm32g0xx_hal_fdcan.o"
#        "D:\BZ\PROJECTS\Embedded
#        Firmware\BZ\Standalone_IoT\Firmware\Standalone_IOT\Standalone_IOT
#        (MQTT with
#        BL)\Bootloader\EWARM\Bootloader\Obj\Drivers\STM32G0xx_HAL_Driver\stm32g0xx_hal_flash.o"
#        "D:\BZ\PROJECTS\Embedded
#        Firmware\BZ\Standalone_IoT\Firmware\Standalone_IOT\Standalone_IOT
#        (MQTT with
#        BL)\Bootloader\EWARM\Bootloader\Obj\Drivers\STM32G0xx_HAL_Driver\stm32g0xx_hal_flash_ex.o"
#        "D:\BZ\PROJECTS\Embedded
#        Firmware\BZ\Standalone_IoT\Firmware\Standalone_IOT\Standalone_IOT
#        (MQTT with
#        BL)\Bootloader\EWARM\Bootloader\Obj\Drivers\STM32G0xx_HAL_Driver\stm32g0xx_hal_gpio.o"
#        "D:\BZ\PROJECTS\Embedded
#        Firmware\BZ\Standalone_IoT\Firmware\Standalone_IOT\Standalone_IOT
#        (MQTT with
#        BL)\Bootloader\EWARM\Bootloader\Obj\Drivers\STM32G0xx_HAL_Driver\stm32g0xx_hal_i2c.o"
#        "D:\BZ\PROJECTS\Embedded
#        Firmware\BZ\Standalone_IoT\Firmware\Standalone_IOT\Standalone_IOT
#        (MQTT with
#        BL)\Bootloader\EWARM\Bootloader\Obj\Drivers\STM32G0xx_HAL_Driver\stm32g0xx_hal_i2c_ex.o"
#        "D:\BZ\PROJECTS\Embedded
#        Firmware\BZ\Standalone_IoT\Firmware\Standalone_IOT\Standalone_IOT
#        (MQTT with
#        BL)\Bootloader\EWARM\Bootloader\Obj\Drivers\STM32G0xx_HAL_Driver\stm32g0xx_hal_iwdg.o"
#        "D:\BZ\PROJECTS\Embedded
#        Firmware\BZ\Standalone_IoT\Firmware\Standalone_IOT\Standalone_IOT
#        (MQTT with
#        BL)\Bootloader\EWARM\Bootloader\Obj\Application\User\Core\stm32g0xx_hal_msp.o"
#        "D:\BZ\PROJECTS\Embedded
#        Firmware\BZ\Standalone_IoT\Firmware\Standalone_IOT\Standalone_IOT
#        (MQTT with
#        BL)\Bootloader\EWARM\Bootloader\Obj\Drivers\STM32G0xx_HAL_Driver\stm32g0xx_hal_pwr.o"
#        "D:\BZ\PROJECTS\Embedded
#        Firmware\BZ\Standalone_IoT\Firmware\Standalone_IOT\Standalone_IOT
#        (MQTT with
#        BL)\Bootloader\EWARM\Bootloader\Obj\Drivers\STM32G0xx_HAL_Driver\stm32g0xx_hal_pwr_ex.o"
#        "D:\BZ\PROJECTS\Embedded
#        Firmware\BZ\Standalone_IoT\Firmware\Standalone_IOT\Standalone_IOT
#        (MQTT with
#        BL)\Bootloader\EWARM\Bootloader\Obj\Drivers\STM32G0xx_HAL_Driver\stm32g0xx_hal_rcc.o"
#        "D:\BZ\PROJECTS\Embedded
#        Firmware\BZ\Standalone_IoT\Firmware\Standalone_IOT\Standalone_IOT
#        (MQTT with
#        BL)\Bootloader\EWARM\Bootloader\Obj\Drivers\STM32G0xx_HAL_Driver\stm32g0xx_hal_rcc_ex.o"
#        "D:\BZ\PROJECTS\Embedded
#        Firmware\BZ\Standalone_IoT\Firmware\Standalone_IOT\Standalone_IOT
#        (MQTT with
#        BL)\Bootloader\EWARM\Bootloader\Obj\Drivers\STM32G0xx_HAL_Driver\stm32g0xx_hal_tim.o"
#        "D:\BZ\PROJECTS\Embedded
#        Firmware\BZ\Standalone_IoT\Firmware\Standalone_IOT\Standalone_IOT
#        (MQTT with
#        BL)\Bootloader\EWARM\Bootloader\Obj\Drivers\STM32G0xx_HAL_Driver\stm32g0xx_hal_tim_ex.o"
#        "D:\BZ\PROJECTS\Embedded
#        Firmware\BZ\Standalone_IoT\Firmware\Standalone_IOT\Standalone_IOT
#        (MQTT with
#        BL)\Bootloader\EWARM\Bootloader\Obj\Drivers\STM32G0xx_HAL_Driver\stm32g0xx_hal_uart.o"
#        "D:\BZ\PROJECTS\Embedded
#        Firmware\BZ\Standalone_IoT\Firmware\Standalone_IOT\Standalone_IOT
#        (MQTT with
#        BL)\Bootloader\EWARM\Bootloader\Obj\Drivers\STM32G0xx_HAL_Driver\stm32g0xx_hal_uart_ex.o"
#        "D:\BZ\PROJECTS\Embedded
#        Firmware\BZ\Standalone_IoT\Firmware\Standalone_IOT\Standalone_IOT
#        (MQTT with
#        BL)\Bootloader\EWARM\Bootloader\Obj\Application\User\Core\stm32g0xx_it.o"
#        "D:\BZ\PROJECTS\Embedded
#        Firmware\BZ\Standalone_IoT\Firmware\Standalone_IOT\Standalone_IOT
#        (MQTT with
#        BL)\Bootloader\EWARM\Bootloader\Obj\Drivers\STM32G0xx_HAL_Driver\stm32g0xx_ll_rcc.o"
#        "D:\BZ\PROJECTS\Embedded
#        Firmware\BZ\Standalone_IoT\Firmware\Standalone_IOT\Standalone_IOT
#        (MQTT with
#        BL)\Bootloader\EWARM\Bootloader\Obj\Drivers\CMSIS\system_stm32g0xx.o"
#        --no_out_extension -o "D:\BZ\PROJECTS\Embedded
#        Firmware\BZ\Standalone_IoT\Firmware\Standalone_IOT\Standalone_IOT
#        (MQTT with BL)\Bootloader\EWARM\Bootloader\Exe\Bootloader.out"
#        --redirect _Printf=_PrintfFullNoMb --redirect _Scanf=_ScanfFullNoMb
#        --map "D:\BZ\PROJECTS\Embedded
#        Firmware\BZ\Standalone_IoT\Firmware\Standalone_IOT\Standalone_IOT
#        (MQTT with BL)\Bootloader\EWARM\Bootloader\List\Bootloader.map"
#        --config "D:\BZ\PROJECTS\Embedded
#        Firmware\BZ\Standalone_IoT\Firmware\Standalone_IOT\Standalone_IOT
#        (MQTT with BL)\Bootloader\EWARM/stm32g0b1xx_flash.icf" --semihosting
#        --entry __iar_program_start --vfe --text_out locale --cpu=Cortex-M0+
#        --fpu=None)
#
###############################################################################

*******************************************************************************
*** RUNTIME MODEL ATTRIBUTES
***

CppFlavor                   = *
__CPP_Runtime               = 1
__SystemLibrary             = DLib
__dlib_jmp_buf_num_elements = 8
__dlib_version              = 6


*******************************************************************************
*** HEAP SELECTION
***

The basic heap was selected because --advanced_heap
was not specified and the application did not appear to
be primarily optimized for speed.


*******************************************************************************
*** PLACEMENT SUMMARY
***

"A0":  place at address 0x800'0000 { ro section .intvec };
"P1":  place in [from 0x800'0000 to 0x803'ffff] { ro };
define block CSTACK with size = 1K, alignment = 8 { };
define block HEAP with size = 512, alignment = 8 { };
"P2":  place in [from 0x2000'0000 to 0x2002'3fff] {
          rw, block CSTACK, block HEAP };
initialize by copy { rw };

  Section            Kind         Address    Size  Object
  -------            ----         -------    ----  ------
"A0":                                        0xbc
  .intvec            ro code   0x800'0000    0xbc  startup_stm32g0b1xx.o [1]
                             - 0x800'00bc    0xbc

"P1":                                      0x8b21
  .text              ro code   0x800'00bc  0x104c  stm32g0xx_hal_uart.o [4]
  .text              ro code   0x800'1108   0x374  stm32g0xx_hal_msp.o [2]
  .text              ro code   0x800'147c     0xc  stm32g0xx_hal.o [4]
  .text              ro code   0x800'1488    0xf2  stm32g0xx_hal_dma.o [4]
  .text              ro code   0x800'157a     0xa  xsprout.o [5]
  .text              ro code   0x800'1584    0xc4  COMM.o [2]
  .text              ro code   0x800'1648     0x2  stm32g0xx_hal_uart.o [4]
  .text              ro code   0x800'164a     0x2  stm32g0xx_hal_uart_ex.o [4]
  .text              ro code   0x800'164c     0x2  stm32g0xx_hal_uart.o [4]
  .text              ro code   0x800'164e     0x2  stm32g0xx_hal_uart_ex.o [4]
  .text              ro code   0x800'1650     0x2  stm32g0xx_hal_uart_ex.o [4]
  .rodata            const     0x800'1652     0x2  GSM.o [2]
  .text              ro code   0x800'1654   0x654  stm32g0xx_hal_rcc.o [4]
  .text              ro code   0x800'1ca8    0x5e  I32DivMod.o [7]
  .text              ro code   0x800'1d06    0x7c  I64DivMod.o [7]
  .rodata            const     0x800'1d82     0x2  xlocale_c.o [5]
  .text              ro code   0x800'1d84    0x40  stm32g0xx_hal.o [4]
  .text              ro code   0x800'1dc4    0x14  memset.o [7]
  .text              ro code   0x800'1dd8   0x2a4  stm32g0xx_hal_rcc_ex.o [4]
  .text              ro code   0x800'207c   0x4c8  App.o [2]
  .text              ro code   0x800'2544   0x298  stm32g0xx_hal_gpio.o [4]
  .text              ro code   0x800'27dc    0xc8  stm32g0xx_hal_cortex.o [4]
  .text              ro code   0x800'28a4     0xe  strlen.o [7]
  .rodata            const     0x800'28b2     0x2  xlocale_c.o [5]
  .text              ro code   0x800'28b4    0x14  uwrite4.o [7]
  .text              ro code   0x800'28c8    0x4c  stm32g0xx_hal.o [4]
  .text              ro code   0x800'2914     0x2  IntDivZer.o [7]
  .text              ro code   0x800'2916     0x2  startup_stm32g0b1xx.o [1]
  .text              ro code   0x800'2918     0x2  I64DivZer.o [7]
  .text              ro code   0x800'291a     0x2  startup_stm32g0b1xx.o [1]
  .text              ro code   0x800'291c    0x10  ABImemset_small.o [7]
  .text              ro code   0x800'292c    0x36  setjmp.o [7]
  .text              ro code   0x800'2962     0x2  startup_stm32g0b1xx.o [1]
  .text              ro code   0x800'2964   0x15c  stm32g0xx_hal_crc.o [4]
  .text              ro code   0x800'2ac0   0x4a2  stm32g0xx_hal_fdcan.o [4]
  .text              ro code   0x800'2f62     0x2  startup_stm32g0b1xx.o [1]
  .text              ro code   0x800'2f64   0xd64  stm32g0xx_hal_i2c.o [4]
  .text              ro code   0x800'3cc8    0x8c  stm32g0xx_hal_i2c_ex.o [4]
  .text              ro code   0x800'3d54    0x6c  stm32g0xx_hal_iwdg.o [4]
  .text              ro code   0x800'3dc0   0x658  stm32g0xx_hal_tim.o [4]
  .text              ro code   0x800'4418    0x84  stm32g0xx_hal_tim_ex.o [4]
  .text              ro code   0x800'449c   0x118  stm32g0xx_hal_uart_ex.o [4]
  .text              ro code   0x800'45b4   0x180  E2PROM_I2C.o [2]
  .text              ro code   0x800'4734   0x89c  GSM.o [2]
  .text              ro code   0x800'4fd0   0x3b8  MCUFlash.o [2]
  .text              ro code   0x800'5388    0x40  sprintf.o [5]
  .text              ro code   0x800'53c8   0xe9c  FTP.o [2]
  .text              ro code   0x800'6264    0x4c  stm32g0xx_hal_pwr_ex.o [4]
  .text              ro code   0x800'62b0    0x5c  stm32g0xx_hal_crc_ex.o [4]
  .text              ro code   0x800'630c     0x2  stm32g0xx_hal_fdcan.o [4]
  .text              ro code   0x800'630e     0x2  stm32g0xx_hal_fdcan.o [4]
  .text              ro code   0x800'6310     0x2  stm32g0xx_hal_fdcan.o [4]
  .text              ro code   0x800'6312     0x2  startup_stm32g0b1xx.o [1]
  .text              ro code   0x800'6314    0x64  CAN.o [2]
  .text              ro code   0x800'6378     0x2  stm32g0xx_hal_fdcan.o [4]
  .text              ro code   0x800'637a     0x2  stm32g0xx_hal_fdcan.o [4]
  .text              ro code   0x800'637c     0x2  stm32g0xx_hal_fdcan.o [4]
  .text              ro code   0x800'637e     0x2  stm32g0xx_hal_fdcan.o [4]
  .text              ro code   0x800'6380     0x2  stm32g0xx_hal_fdcan.o [4]
  .text              ro code   0x800'6382     0x2  stm32g0xx_hal_fdcan.o [4]
  .text              ro code   0x800'6384     0x2  stm32g0xx_hal_fdcan.o [4]
  .text              ro code   0x800'6386     0x2  stm32g0xx_hal_i2c.o [4]
  .text              ro code   0x800'6388     0x2  stm32g0xx_hal_i2c.o [4]
  .text              ro code   0x800'638a     0x2  stm32g0xx_hal_i2c.o [4]
  .text              ro code   0x800'638c     0x2  stm32g0xx_hal_i2c.o [4]
  .text              ro code   0x800'638e     0x2  stm32g0xx_hal_i2c.o [4]
  .text              ro code   0x800'6390     0x2  stm32g0xx_hal_i2c.o [4]
  .text              ro code   0x800'6392     0x2  stm32g0xx_hal_tim.o [4]
  .text              ro code   0x800'6394     0x2  stm32g0xx_hal_tim.o [4]
  .text              ro code   0x800'6396     0x2  stm32g0xx_hal_tim.o [4]
  .text              ro code   0x800'6398     0x2  stm32g0xx_hal_tim.o [4]
  .text              ro code   0x800'639a     0x2  stm32g0xx_hal_tim_ex.o [4]
  .text              ro code   0x800'639c     0x2  stm32g0xx_hal_tim_ex.o [4]
  .text              ro code   0x800'639e     0x2  stm32g0xx_hal_tim.o [4]
  .text              ro code   0x800'63a0     0x2  stm32g0xx_hal_tim_ex.o [4]
  .text              ro code   0x800'63a2     0x2  startup_stm32g0b1xx.o [1]
  .text              ro code   0x800'63a4    0x28  stm32g0xx_hal.o [4]
  .text              ro code   0x800'63cc    0x16  uread4.o [7]
  .text              ro code   0x800'63e2    0x2e  strstr.o [5]
  .text              ro code   0x800'6410    0x12  strchr.o [7]
  .text              ro code   0x800'6422     0x2  startup_stm32g0b1xx.o [1]
  .text              ro code   0x800'6424   0x166  iar_Stoulx.o [5]
  .text              ro code   0x800'658a     0x2  startup_stm32g0b1xx.o [1]
  Veneer             ro code   0x800'658c    0x10  - Linker created -
  .text              ro code   0x800'659c   0x134  stm32g0xx_hal_flash.o [4]
  .text              ro code   0x800'66d0    0xcc  stm32g0xx_hal_flash_ex.o [4]
  .text              ro code   0x800'679c   0xf4e  xprintffull_nomb.o [5]
  .text              ro code   0x800'76ea     0x2  startup_stm32g0b1xx.o [1]
  .text              ro code   0x800'76ec    0x22  strncpy_small.o [7]
  .text              ro code   0x800'770e    0x2e  strncmp.o [5]
  .text              ro code   0x800'773c    0x4c  snprintf.o [5]
  .text              ro code   0x800'7788    0x10  strcpy_small.o [7]
  .text              ro code   0x800'7798    0x12  isspace.o [5]
  .text              ro code   0x800'77aa    0x12  tolower.o [5]
  .text              ro code   0x800'77bc    0x16  memchr.o [7]
  .text              ro code   0x800'77d2     0x2  startup_stm32g0b1xx.o [1]
  .text              ro code   0x800'77d4    0x48  xfail_s.o [5]
  .text              ro code   0x800'781c    0x4e  ABImemcpy.o [7]
  .text              ro code   0x800'786a    0x2a  frexp.o [6]
  .text              ro code   0x800'7894    0x32  DblCmpLe.o [6]
  .text              ro code   0x800'78c6    0x32  DblCmpGe.o [6]
  .text              ro code   0x800'78f8    0x70  ldexp.o [6]
  .text              ro code   0x800'7968    0x52  DblToI32.o [6]
  .text              ro code   0x800'79ba     0x2  startup_stm32g0b1xx.o [1]
  .text              ro code   0x800'79bc    0x34  IxxToDbl.o [6]
  .text              ro code   0x800'79f0   0x1a8  DblAddSub.o [6]
  .text              ro code   0x800'7b98    0xc2  DblDiv.o [6]
  .text              ro code   0x800'7c5a   0x184  DblMul.o [6]
  .text              ro code   0x800'7dde     0x2  startup_stm32g0b1xx.o [1]
  .text              ro code   0x800'7de0    0x40  xlocale_c.o [5]
  .text              ro code   0x800'7e20     0xa  abort.o [5]
  .text              ro code   0x800'7e2a     0x2  startup_stm32g0b1xx.o [1]
  .text              ro code   0x800'7e2c    0x14  exit.o [8]
  .rodata            const     0x800'7e40   0x1b4  FTP.o [2]
  .rodata            const     0x800'7ff4   0x164  FTP.o [2]
  .rodata            const     0x800'8158   0x110  FTP.o [2]
  .rodata            const     0x800'8268    0xb8  MCUFlash.o [2]
  .text              ro code   0x800'8320    0xb4  stm32g0xx_it.o [2]
  .text              ro code   0x800'83d4    0x10  stm32g0xx_hal.o [4]
  .text              ro code   0x800'83e4    0x80  lz77_init_single.o [7]
  .rodata            const     0x800'8464    0x6a  xprintffull_nomb.o [5]
  .text              ro code   0x800'84ce     0x2  startup_stm32g0b1xx.o [1]
  .rodata            const     0x800'84d0    0x50  iar_Stoulx.o [5]
  .rodata            const     0x800'8520    0x40  system_stm32g0xx.o [3]
  .rodata            const     0x800'8560    0x3c  MCUFlash.o [2]
  .text              ro code   0x800'859c    0x3c  zero_init3.o [7]
  .rodata            const     0x800'85d8    0x38  App.o [2]
  .rodata            const     0x800'8610    0x38  MCUFlash.o [2]
  .rodata            const     0x800'8648    0x30  FTP.o [2]
  .text              ro code   0x800'8678    0x28  data_init.o [7]
  .iar.init_table    const     0x800'86a0    0x20  - Linker created -
  .rodata            const     0x800'86c0    0x20  system_stm32g0xx.o [3]
  .text              ro code   0x800'86e0    0x1e  cmain.o [7]
  .text              ro code   0x800'86fe     0x4  low_level_init.o [5]
  .text              ro code   0x800'8702     0x8  exit.o [5]
  .text              ro code   0x800'870a     0x2  startup_stm32g0b1xx.o [1]
  .text              ro code   0x800'870c     0xa  cexit.o [7]
  .text              ro code   0x800'8716     0x2  startup_stm32g0b1xx.o [1]
  .rodata            const     0x800'8718    0x1c  FTP.o [2]
  .rodata            const     0x800'8734    0x1c  GSM.o [2]
  .rodata            const     0x800'8750    0x1c  GSM.o [2]
  .rodata            const     0x800'876c    0x1c  GSM.o [2]
  .text              ro code   0x800'8788    0x1c  cstartup_M.o [7]
  .text              ro code   0x800'87a4    0x1c  xsnprout.o [5]
  .rodata            const     0x800'87c0    0x18  GSM.o [2]
  .rodata            const     0x800'87d8    0x18  GSM.o [2]
  .rodata            const     0x800'87f0    0x18  GSM.o [2]
  .rodata            const     0x800'8808    0x14  FTP.o [2]
  .rodata            const     0x800'881c    0x14  GSM.o [2]
  .rodata            const     0x800'8830    0x14  GSM.o [2]
  .rodata            const     0x800'8844    0x14  GSM.o [2]
  .rodata            const     0x800'8858    0x10  FTP.o [2]
  .rodata            const     0x800'8868    0x10  FTP.o [2]
  .rodata            const     0x800'8878    0x10  GSM.o [2]
  .rodata            const     0x800'8888    0x10  GSM.o [2]
  .rodata            const     0x800'8898    0x10  GSM.o [2]
  .rodata            const     0x800'88a8    0x10  GSM.o [2]
  .rodata            const     0x800'88b8    0x10  GSM.o [2]
  .rodata            const     0x800'88c8    0x10  GSM.o [2]
  .rodata            const     0x800'88d8    0x10  GSM.o [2]
  .rodata            const     0x800'88e8    0x10  GSM.o [2]
  .rodata            const     0x800'88f8    0x10  GSM.o [2]
  .text              ro code   0x800'8908    0x10  startup_stm32g0b1xx.o [1]
  .rodata            const     0x800'8918     0xc  FTP.o [2]
  .rodata            const     0x800'8924     0xc  FTP.o [2]
  .rodata            const     0x800'8930     0xc  FTP.o [2]
  .rodata            const     0x800'893c     0xc  GSM.o [2]
  .rodata            const     0x800'8948     0xc  GSM.o [2]
  .rodata            const     0x800'8954     0xc  GSM.o [2]
  .rodata            const     0x800'8960     0xc  GSM.o [2]
  .rodata            const     0x800'896c     0xc  GSM.o [2]
  .rodata            const     0x800'8978     0xc  GSM.o [2]
  .rodata            const     0x800'8984     0xc  GSM.o [2]
  .rodata            const     0x800'8990     0xc  GSM.o [2]
  .rodata            const     0x800'899c     0xc  GSM.o [2]
  .rodata            const     0x800'89a8     0xc  GSM.o [2]
  .rodata            const     0x800'89b4     0xc  GSM.o [2]
  .rodata            const     0x800'89c0     0xc  GSM.o [2]
  .rodata            const     0x800'89cc     0xc  GSM.o [2]
  .rodata            const     0x800'89d8     0xc  GSM.o [2]
  .rodata            const     0x800'89e4     0xc  GSM.o [2]
  .rodata            const     0x800'89f0     0xc  GSM.o [2]
  .rodata            const     0x800'89fc     0xc  GSM.o [2]
  .rodata            const     0x800'8a08     0xc  GSM.o [2]
  .rodata            const     0x800'8a14     0xc  GSM.o [2]
  .rodata            const     0x800'8a20     0xc  GSM.o [2]
  .rodata            const     0x800'8a2c     0xc  GSM.o [2]
  .rodata            const     0x800'8a38     0x8  GSM.o [2]
  .rodata            const     0x800'8a40     0x8  GSM.o [2]
  .rodata            const     0x800'8a48     0x8  GSM.o [2]
  .rodata            const     0x800'8a50     0x8  GSM.o [2]
  .rodata            const     0x800'8a58     0x8  GSM.o [2]
  .rodata            const     0x800'8a60     0x8  GSM.o [2]
  .rodata            const     0x800'8a68     0x8  GSM.o [2]
  .rodata            const     0x800'8a70     0x8  GSM.o [2]
  .rodata            const     0x800'8a78     0x8  GSM.o [2]
  .rodata            const     0x800'8a80     0x8  GSM.o [2]
  .rodata            const     0x800'8a88     0x8  GSM.o [2]
  .rodata            const     0x800'8a90     0x8  GSM.o [2]
  .rodata            const     0x800'8a98     0x4  GSM.o [2]
  .text              ro code   0x800'8a9c     0x2  startup_stm32g0b1xx.o [1]
  .text              ro code   0x800'8a9e     0x2  startup_stm32g0b1xx.o [1]
  .text              ro code   0x800'8aa0     0x2  startup_stm32g0b1xx.o [1]
  .text              ro code   0x800'8aa2     0x2  startup_stm32g0b1xx.o [1]
  .text              ro code   0x800'8aa4     0x2  startup_stm32g0b1xx.o [1]
  .text              ro code   0x800'8aa6     0x2  startup_stm32g0b1xx.o [1]
  .text              ro code   0x800'8aa8     0x2  startup_stm32g0b1xx.o [1]
  .text              ro code   0x800'8aaa     0x2  startup_stm32g0b1xx.o [1]
  .text              ro code   0x800'8aac     0x2  startup_stm32g0b1xx.o [1]
  .text              ro code   0x800'8aae     0x2  startup_stm32g0b1xx.o [1]
  .text              ro code   0x800'8ab0     0x2  system_stm32g0xx.o [3]
  .rodata            const     0x800'8ab2     0x1  xlocale_c.o [5]
  .rodata            const     0x800'8ab3     0x0  zero_init3.o [7]
  .rodata            const     0x800'8ab3     0x0  lz77_init_single.o [7]
  Initializer bytes  const     0x800'8ab3   0x12a  <for P2-1>
                             - 0x800'8bdd  0x8b21

"P2", part 1 of 3:                          0x1bc
  P2-1                        0x2000'0000   0x1bc  <Init block>
    .data            inited   0x2000'0000    0x1c  FTP.o [2]
    .data            inited   0x2000'001c    0x7c  GSM.o [2]
    .data            inited   0x2000'0098    0x5c  GSM.o [2]
    .data            inited   0x2000'00f4     0xc  stm32g0xx_hal.o [4]
    .data            inited   0x2000'0100     0x4  system_stm32g0xx.o [3]
    .data            inited   0x2000'0104    0x38  xlocale_c.o [5]
    .data            inited   0x2000'013c    0x48  xlocale_c.o [5]
    .textrw          inited   0x2000'0184    0x38  stm32g0xx_hal_flash.o [4]
                            - 0x2000'01bc   0x1bc

"P2", part 2 of 3:                         0x16b8
  .bss               zero     0x2000'01c0   0xad0  App.o [2]
  .bss               zero     0x2000'0c90   0x86c  GSM.o [2]
  .bss               zero     0x2000'14fc   0x200  FTP.o [2]
  .bss               zero     0x2000'16fc    0x94  App.o [2]
  .bss               zero     0x2000'1790    0x80  CAN.o [2]
  .bss               zero     0x2000'1810    0x1c  stm32g0xx_hal_flash.o [4]
  .bss               zero     0x2000'182c    0x10  App.o [2]
  .bss               zero     0x2000'183c    0x10  MCUFlash.o [2]
  .bss               zero     0x2000'184c    0x10  MCUFlash.o [2]
  .bss               zero     0x2000'185c     0x8  App.o [2]
  .bss               zero     0x2000'1864     0x8  GSM.o [2]
  .bss               zero     0x2000'186c     0x4  xfail_s.o [5]
  .bss               zero     0x2000'1870     0x2  App.o [2]
                            - 0x2000'1872  0x16b6

"P2", part 3 of 3:                          0x400
  CSTACK                      0x2000'1878   0x400  <Block>
    CSTACK           uninit   0x2000'1878   0x400  <Block tail>
                            - 0x2000'1c78   0x400

Unused ranges:

         From           To      Size
         ----           --      ----
   0x800'8bdd   0x803'ffff  0x3'7423
  0x2000'1874  0x2000'1877       0x4
  0x2000'1c78  0x2002'3fff  0x2'2388


*******************************************************************************
*** INIT TABLE
***

          Address      Size
          -------      ----
Zero (__iar_zero_init3)
    1 destination range, total size 0x16b2:
          0x2000'01c0  0x16b2

Copy/lz77 (__iar_lz77_init_single3)
    1 source range, total size 0x12a (67% of destination):
           0x800'8ab3   0x12a
    1 destination range, total size 0x1bc:
          0x2000'0000   0x1bc



*******************************************************************************
*** MODULE SUMMARY
***

    Module                    ro code  rw code  ro data  rw data
    ------                    -------  -------  -------  -------
command line/config:
    ------------------------------------------------------------
    Total:

D:\BZ\PROJECTS\Embedded Firmware\BZ\Standalone_IoT\Firmware\Standalone_IOT\Standalone_IOT (MQTT with BL)\Bootloader\EWARM\Bootloader\Obj\Application\EWARM: [1]
    startup_stm32g0b1xx.o         256
    ------------------------------------------------------------
    Total:                        256

D:\BZ\PROJECTS\Embedded Firmware\BZ\Standalone_IoT\Firmware\Standalone_IOT\Standalone_IOT (MQTT with BL)\Bootloader\EWARM\Bootloader\Obj\Application\User\Core: [2]
    App.o                       1'224                56    2'942
    CAN.o                         100                        128
    COMM.o                        196
    E2PROM_I2C.o                  384
    FTP.o                       3'740             1'246      540
    GSM.o                       2'204               859    2'380
    MCUFlash.o                    952               300       32
    stm32g0xx_hal_msp.o           884
    stm32g0xx_it.o                180
    ------------------------------------------------------------
    Total:                      9'864             2'461    6'022

D:\BZ\PROJECTS\Embedded Firmware\BZ\Standalone_IoT\Firmware\Standalone_IOT\Standalone_IOT (MQTT with BL)\Bootloader\EWARM\Bootloader\Obj\Drivers\CMSIS: [3]
    system_stm32g0xx.o              2                99        4
    ------------------------------------------------------------
    Total:                          2                99        4

D:\BZ\PROJECTS\Embedded Firmware\BZ\Standalone_IoT\Firmware\Standalone_IOT\Standalone_IOT (MQTT with BL)\Bootloader\EWARM\Bootloader\Obj\Drivers\STM32G0xx_HAL_Driver: [4]
    stm32g0xx_hal.o               208                 8       12
    stm32g0xx_hal_cortex.o        200
    stm32g0xx_hal_crc.o           348
    stm32g0xx_hal_crc_ex.o         92
    stm32g0xx_hal_dma.o           242
    stm32g0xx_hal_fdcan.o       1'206
    stm32g0xx_hal_flash.o         308       56       38       28
    stm32g0xx_hal_flash_ex.o      204
    stm32g0xx_hal_gpio.o          664
    stm32g0xx_hal_i2c.o         3'440
    stm32g0xx_hal_i2c_ex.o        140
    stm32g0xx_hal_iwdg.o          108
    stm32g0xx_hal_pwr_ex.o         76
    stm32g0xx_hal_rcc.o         1'620
    stm32g0xx_hal_rcc_ex.o        676
    stm32g0xx_hal_tim.o         1'634
    stm32g0xx_hal_tim_ex.o        138
    stm32g0xx_hal_uart.o        4'176
    stm32g0xx_hal_uart_ex.o       286
    ------------------------------------------------------------
    Total:                     15'766       56       46       40

dl6M_tlf.a: [5]
    abort.o                        10
    exit.o                          8
    iar_Stoulx.o                  358                80
    isspace.o                      18
    low_level_init.o                4
    snprintf.o                     76
    sprintf.o                      64
    strncmp.o                      46
    strstr.o                       46
    tolower.o                      18
    xfail_s.o                      72                          4
    xlocale_c.o                    64                91      128
    xprintffull_nomb.o          3'918               106
    xsnprout.o                     28
    xsprout.o                      10
    ------------------------------------------------------------
    Total:                      4'740               277      132

m6M_tl.a: [6]
    DblAddSub.o                   424
    DblCmpGe.o                     50
    DblCmpLe.o                     50
    DblDiv.o                      194
    DblMul.o                      388
    DblToI32.o                     82
    IxxToDbl.o                     52
    frexp.o                        42
    ldexp.o                       112
    ------------------------------------------------------------
    Total:                      1'394

rt6M_tl.a: [7]
    ABImemcpy.o                    78
    ABImemset_small.o              16
    I32DivMod.o                    94
    I64DivMod.o                   124
    I64DivZer.o                     2
    IntDivZer.o                     2
    cexit.o                        10
    cmain.o                        30
    cstartup_M.o                   28
    data_init.o                    40
    lz77_init_single.o            128
    memchr.o                       22
    memset.o                       20
    setjmp.o                       54
    strchr.o                       18
    strcpy_small.o                 16
    strlen.o                       14
    strncpy_small.o                34
    uread4.o                       22
    uwrite4.o                      20
    zero_init3.o                   60
    ------------------------------------------------------------
    Total:                        832

shb_l.a: [8]
    exit.o                         20
    ------------------------------------------------------------
    Total:                         20

    Gaps                                                       4
    Linker created                 16                32    1'024
----------------------------------------------------------------
    Grand Total:               32'890       56    2'915    7'226


*******************************************************************************
*** ENTRY LIST
***

Entry                       Address   Size  Type      Object
-----                       -------   ----  ----      ------
.iar.init_table$$Base    0x800'86a0          --   Gb  - Linker created -
.iar.init_table$$Limit   0x800'86c0          --   Gb  - Linker created -
?main                    0x800'86e1         Code  Gb  cmain.o [7]
ADC1_COMP_IRQHandler     0x800'7e2b         Code  Wk  startup_stm32g0b1xx.o [1]
AHBPrescTable            0x800'8520   0x40  Data  Gb  system_stm32g0xx.o [3]
APBPrescTable            0x800'86c0   0x20  Data  Gb  system_stm32g0xx.o [3]
CANData                 0x2000'1794    0x8  Data  Gb  CAN.o [2]
CANStatus               0x2000'1790    0x1  Data  Gb  CAN.o [2]
CEC_IRQHandler           0x800'8aaf         Code  Wk  startup_stm32g0b1xx.o [1]
CRC_Handle_16            0x800'2a97   0x2a  Code  Lc  stm32g0xx_hal_crc.o [4]
CRC_Handle_8             0x800'2a29   0x6e  Code  Lc  stm32g0xx_hal_crc.o [4]
CSTACK$$Base            0x2000'1878          --   Gb  - Linker created -
CSTACK$$Limit           0x2000'1c78          --   Gb  - Linker created -
DEFAULTCONFIG            0x800'85d8   0x38  Data  Gb  App.o [2]
DLCtoBytes               0x800'2dfc   0x10  Data  Lc  stm32g0xx_hal_fdcan.o [4]
DMA1_Ch4_7_DMA2_Ch1_5_DMAMUX1_OVR_IRQHandler
                         0x800'7ddf         Code  Wk  startup_stm32g0b1xx.o [1]
DMA1_Channel1_IRQHandler
                         0x800'77d3         Code  Wk  startup_stm32g0b1xx.o [1]
DMA1_Channel2_3_IRQHandler
                         0x800'79bb         Code  Wk  startup_stm32g0b1xx.o [1]
EXTI0_1_IRQHandler       0x800'63a3         Code  Wk  startup_stm32g0b1xx.o [1]
EXTI2_3_IRQHandler       0x800'6423         Code  Wk  startup_stm32g0b1xx.o [1]
EXTI4_15_IRQHandler      0x800'658b         Code  Wk  startup_stm32g0b1xx.o [1]
Error_Handler            0x800'2503    0x4  Code  Gb  App.o [2]
FLASH_IRQHandler         0x800'2f63         Code  Wk  startup_stm32g0b1xx.o [1]
FLASH_PageErase          0x800'6765   0x26  Code  Gb  stm32g0xx_hal_flash_ex.o [4]
FLASH_Program_DoubleWord
                         0x800'6699   0x18  Code  Lc  stm32g0xx_hal_flash.o [4]
FLASH_Program_Fast      0x2000'0185   0x38  Code  Lc  stm32g0xx_hal_flash.o [4]
FLASH_WaitForLastOperation
                         0x800'663d   0x5c  Code  Gb  stm32g0xx_hal_flash.o [4]
FTPData                 0x2000'14fc  0x200  Data  Gb  FTP.o [2]
GSMData                 0x2000'0c90  0x86c  Data  Gb  GSM.o [2]
GSMStatus               0x2000'1864    0x8  Data  Gb  GSM.o [2]
HAL_CRCEx_Polynomial_Set
                         0x800'62b1   0x5c  Code  Gb  stm32g0xx_hal_crc_ex.o [4]
HAL_CRC_Calculate        0x800'29e1   0x48  Code  Gb  stm32g0xx_hal_crc.o [4]
HAL_CRC_Init             0x800'2965   0x76  Code  Gb  stm32g0xx_hal_crc.o [4]
HAL_CRC_MspInit          0x800'1139   0x20  Code  Gb  stm32g0xx_hal_msp.o [2]
HAL_DMA_Abort            0x800'1489   0x72  Code  Gb  stm32g0xx_hal_dma.o [4]
HAL_DMA_Abort_IT         0x800'14fb   0x72  Code  Gb  stm32g0xx_hal_dma.o [4]
HAL_DMA_GetState         0x800'1575    0x6  Code  Gb  stm32g0xx_hal_dma.o [4]
HAL_Delay                0x800'63a5   0x28  Code  Wk  stm32g0xx_hal.o [4]
HAL_FDCAN_ErrorCallback
                         0x800'6385    0x2  Code  Wk  stm32g0xx_hal_fdcan.o [4]
HAL_FDCAN_ErrorStatusCallback
                         0x800'6383    0x2  Code  Wk  stm32g0xx_hal_fdcan.o [4]
HAL_FDCAN_GetRxMessage   0x800'2ce1  0x11c  Code  Gb  stm32g0xx_hal_fdcan.o [4]
HAL_FDCAN_HighPriorityMessageCallback
                         0x800'630d    0x2  Code  Wk  stm32g0xx_hal_fdcan.o [4]
HAL_FDCAN_IRQHandler     0x800'2e0d  0x156  Code  Gb  stm32g0xx_hal_fdcan.o [4]
HAL_FDCAN_Init           0x800'2ac1  0x1f8  Code  Gb  stm32g0xx_hal_fdcan.o [4]
HAL_FDCAN_MspInit        0x800'1159   0x9c  Code  Gb  stm32g0xx_hal_msp.o [2]
HAL_FDCAN_RxFifo0Callback
                         0x800'6315   0x26  Code  Gb  CAN.o [2]
HAL_FDCAN_RxFifo1Callback
                         0x800'6379    0x2  Code  Wk  stm32g0xx_hal_fdcan.o [4]
HAL_FDCAN_TimeoutOccurredCallback
                         0x800'6381    0x2  Code  Wk  stm32g0xx_hal_fdcan.o [4]
HAL_FDCAN_TimestampWraparoundCallback
                         0x800'637f    0x2  Code  Wk  stm32g0xx_hal_fdcan.o [4]
HAL_FDCAN_TxBufferAbortCallback
                         0x800'630f    0x2  Code  Wk  stm32g0xx_hal_fdcan.o [4]
HAL_FDCAN_TxBufferCompleteCallback
                         0x800'637d    0x2  Code  Wk  stm32g0xx_hal_fdcan.o [4]
HAL_FDCAN_TxEventFifoCallback
                         0x800'6311    0x2  Code  Wk  stm32g0xx_hal_fdcan.o [4]
HAL_FDCAN_TxFifoEmptyCallback
                         0x800'637b    0x2  Code  Wk  stm32g0xx_hal_fdcan.o [4]
HAL_FLASHEx_Erase        0x800'66d1   0x8a  Code  Gb  stm32g0xx_hal_flash_ex.o [4]
HAL_FLASH_Lock           0x800'6617   0x12  Code  Gb  stm32g0xx_hal_flash.o [4]
HAL_FLASH_Program        0x800'659d   0x5a  Code  Gb  stm32g0xx_hal_flash.o [4]
HAL_FLASH_Unlock         0x800'65f7   0x20  Code  Gb  stm32g0xx_hal_flash.o [4]
HAL_GPIO_DeInit          0x800'26b1  0x104  Code  Gb  stm32g0xx_hal_gpio.o [4]
HAL_GPIO_Init            0x800'2545  0x16c  Code  Gb  stm32g0xx_hal_gpio.o [4]
HAL_GPIO_WritePin        0x800'27b5    0xc  Code  Gb  stm32g0xx_hal_gpio.o [4]
HAL_GetTick              0x800'147d    0xc  Code  Wk  stm32g0xx_hal.o [4]
HAL_I2CEx_ConfigAnalogFilter
                         0x800'3cc9   0x3a  Code  Gb  stm32g0xx_hal_i2c_ex.o [4]
HAL_I2CEx_ConfigDigitalFilter
                         0x800'3d03   0x36  Code  Gb  stm32g0xx_hal_i2c_ex.o [4]
HAL_I2C_AbortCpltCallback
                         0x800'638f    0x2  Code  Wk  stm32g0xx_hal_i2c.o [4]
HAL_I2C_AddrCallback     0x800'6387    0x2  Code  Wk  stm32g0xx_hal_i2c.o [4]
HAL_I2C_ER_IRQHandler    0x800'33d5   0x5a  Code  Gb  stm32g0xx_hal_i2c.o [4]
HAL_I2C_EV_IRQHandler    0x800'33c1   0x14  Code  Gb  stm32g0xx_hal_i2c.o [4]
HAL_I2C_ErrorCallback    0x800'6391    0x2  Code  Wk  stm32g0xx_hal_i2c.o [4]
HAL_I2C_Init             0x800'2f65   0xb2  Code  Gb  stm32g0xx_hal_i2c.o [4]
HAL_I2C_ListenCpltCallback
                         0x800'638d    0x2  Code  Wk  stm32g0xx_hal_i2c.o [4]
HAL_I2C_Mem_Read         0x800'31ed  0x1c4  Code  Gb  stm32g0xx_hal_i2c.o [4]
HAL_I2C_Mem_Write        0x800'3029  0x1c4  Code  Gb  stm32g0xx_hal_i2c.o [4]
HAL_I2C_MspInit          0x800'11f5   0x88  Code  Gb  stm32g0xx_hal_msp.o [2]
HAL_I2C_SlaveRxCpltCallback
                         0x800'638b    0x2  Code  Wk  stm32g0xx_hal_i2c.o [4]
HAL_I2C_SlaveTxCpltCallback
                         0x800'6389    0x2  Code  Wk  stm32g0xx_hal_i2c.o [4]
HAL_IWDG_Init            0x800'3d55   0x56  Code  Gb  stm32g0xx_hal_iwdg.o [4]
HAL_IWDG_Refresh         0x800'3dab    0xa  Code  Gb  stm32g0xx_hal_iwdg.o [4]
HAL_IncTick              0x800'83d5   0x10  Code  Wk  stm32g0xx_hal.o [4]
HAL_Init                 0x800'1d85   0x24  Code  Gb  stm32g0xx_hal.o [4]
HAL_InitTick             0x800'28c9   0x4c  Code  Wk  stm32g0xx_hal.o [4]
HAL_MspInit              0x800'1109   0x30  Code  Gb  stm32g0xx_hal_msp.o [2]
HAL_NVIC_DisableIRQ      0x800'2833   0x1a  Code  Gb  stm32g0xx_hal_cortex.o [4]
HAL_NVIC_EnableIRQ       0x800'2821   0x12  Code  Gb  stm32g0xx_hal_cortex.o [4]
HAL_NVIC_SetPriority     0x800'2817    0x8  Code  Gb  stm32g0xx_hal_cortex.o [4]
HAL_NVIC_SystemReset     0x800'284d   0x12  Code  Gb  stm32g0xx_hal_cortex.o [4]
HAL_PWREx_ControlVoltageScaling
                         0x800'6265   0x3a  Code  Gb  stm32g0xx_hal_pwr_ex.o [4]
HAL_RCCEx_PeriphCLKConfig
                         0x800'1dd9  0x26e  Code  Gb  stm32g0xx_hal_rcc_ex.o [4]
HAL_RCC_ClockConfig      0x800'1a7d  0x14e  Code  Gb  stm32g0xx_hal_rcc.o [4]
HAL_RCC_GetPCLK1Freq     0x800'1c5b   0x1a  Code  Gb  stm32g0xx_hal_rcc.o [4]
HAL_RCC_GetSysClockFreq
                         0x800'1bd9   0x82  Code  Gb  stm32g0xx_hal_rcc.o [4]
HAL_RCC_OscConfig        0x800'1655  0x418  Code  Gb  stm32g0xx_hal_rcc.o [4]
HAL_SYSCFG_StrobeDBattpinsConfig
                         0x800'1da9    0xe  Code  Gb  stm32g0xx_hal.o [4]
HAL_SYSTICK_Config       0x800'285f   0x28  Code  Gb  stm32g0xx_hal_cortex.o [4]
HAL_TIMEx_Break2Callback
                         0x800'639d    0x2  Code  Wk  stm32g0xx_hal_tim_ex.o [4]
HAL_TIMEx_BreakCallback
                         0x800'639b    0x2  Code  Wk  stm32g0xx_hal_tim_ex.o [4]
HAL_TIMEx_CommutCallback
                         0x800'63a1    0x2  Code  Wk  stm32g0xx_hal_tim_ex.o [4]
HAL_TIMEx_MasterConfigSynchronization
                         0x800'4419   0x6e  Code  Gb  stm32g0xx_hal_tim_ex.o [4]
HAL_TIM_Base_Init        0x800'3dc1   0x1e  Code  Gb  stm32g0xx_hal_tim.o [4]
HAL_TIM_Base_MspInit     0x800'129f   0x32  Code  Gb  stm32g0xx_hal_msp.o [2]
HAL_TIM_IC_CaptureCallback
                         0x800'6393    0x2  Code  Wk  stm32g0xx_hal_tim.o [4]
HAL_TIM_IRQHandler       0x800'3e41  0x160  Code  Gb  stm32g0xx_hal_tim.o [4]
HAL_TIM_MspPostInit      0x800'12d1   0x4a  Code  Gb  stm32g0xx_hal_msp.o [2]
HAL_TIM_OC_DelayElapsedCallback
                         0x800'6395    0x2  Code  Wk  stm32g0xx_hal_tim.o [4]
HAL_TIM_PWM_ConfigChannel
                         0x800'3fa5  0x120  Code  Gb  stm32g0xx_hal_tim.o [4]
HAL_TIM_PWM_Init         0x800'3e23   0x1e  Code  Gb  stm32g0xx_hal_tim.o [4]
HAL_TIM_PWM_MspInit      0x800'127d   0x22  Code  Gb  stm32g0xx_hal_msp.o [2]
HAL_TIM_PWM_PulseFinishedCallback
                         0x800'6397    0x2  Code  Wk  stm32g0xx_hal_tim.o [4]
HAL_TIM_PeriodElapsedCallback
                         0x800'6399    0x2  Code  Wk  stm32g0xx_hal_tim.o [4]
HAL_TIM_TriggerCallback
                         0x800'639f    0x2  Code  Wk  stm32g0xx_hal_tim.o [4]
HAL_UARTEx_DisableFifoMode
                         0x800'449d   0x3a  Code  Gb  stm32g0xx_hal_uart_ex.o [4]
HAL_UARTEx_RxEventCallback
                         0x800'1649    0x2  Code  Wk  stm32g0xx_hal_uart.o [4]
HAL_UARTEx_RxFifoFullCallback
                         0x800'1651    0x2  Code  Wk  stm32g0xx_hal_uart_ex.o [4]
HAL_UARTEx_SetRxFifoThreshold
                         0x800'4509   0x30  Code  Gb  stm32g0xx_hal_uart_ex.o [4]
HAL_UARTEx_SetTxFifoThreshold
                         0x800'44d7   0x32  Code  Gb  stm32g0xx_hal_uart_ex.o [4]
HAL_UARTEx_TxFifoEmptyCallback
                         0x800'164f    0x2  Code  Wk  stm32g0xx_hal_uart_ex.o [4]
HAL_UARTEx_WakeupCallback
                         0x800'164b    0x2  Code  Wk  stm32g0xx_hal_uart_ex.o [4]
HAL_UART_ErrorCallback   0x800'161b   0x1c  Code  Gb  COMM.o [2]
HAL_UART_IRQHandler      0x800'0271  0x2fe  Code  Gb  stm32g0xx_hal_uart.o [4]
HAL_UART_Init            0x800'00bd   0x66  Code  Gb  stm32g0xx_hal_uart.o [4]
HAL_UART_MspDeInit       0x800'1411   0x44  Code  Gb  stm32g0xx_hal_msp.o [2]
HAL_UART_MspInit         0x800'132d   0xe2  Code  Gb  stm32g0xx_hal_msp.o [2]
HAL_UART_Receive_IT      0x800'0203   0x66  Code  Gb  stm32g0xx_hal_uart.o [4]
HAL_UART_RxCpltCallback
                         0x800'15a9   0x72  Code  Gb  COMM.o [2]
HAL_UART_Transmit        0x800'0129   0xda  Code  Gb  stm32g0xx_hal_uart.o [4]
HAL_UART_TxCpltCallback
                         0x800'164d    0x2  Code  Wk  stm32g0xx_hal_uart.o [4]
HardFault_Handler        0x800'8325    0x2  Code  Gb  stm32g0xx_it.o [2]
HexTable                 0x800'253c    0x8  Data  Gb  App.o [2]
I2C1_IRQHandler          0x800'837f   0x1c  Code  Gb  stm32g0xx_it.o [2]
I2C2_3_IRQHandler        0x800'8aa7         Code  Wk  startup_stm32g0b1xx.o [1]
I2C_DMAAbort             0x800'39e9   0x1c  Code  Lc  stm32g0xx_hal_i2c.o [4]
I2C_Disable_IRQ          0x800'3c65   0x64  Code  Lc  stm32g0xx_hal_i2c.o [4]
I2C_Flush_TXDR           0x800'39b7   0x1c  Code  Lc  stm32g0xx_hal_i2c.o [4]
I2C_ITAddrCplt           0x800'3561   0x9a  Code  Lc  stm32g0xx_hal_i2c.o [4]
I2C_ITError              0x800'3881   0xfe  Code  Lc  stm32g0xx_hal_i2c.o [4]
I2C_ITListenCplt         0x800'3815   0x5e  Code  Lc  stm32g0xx_hal_i2c.o [4]
I2C_ITSlaveCplt          0x800'3661  0x1aa  Code  Lc  stm32g0xx_hal_i2c.o [4]
I2C_ITSlaveSeqCplt       0x800'35fb   0x66  Code  Lc  stm32g0xx_hal_i2c.o [4]
I2C_IsErrorOccurred      0x800'3b35  0x100  Code  Lc  stm32g0xx_hal_i2c.o [4]
I2C_Slave_ISR_IT         0x800'342f  0x122  Code  Lc  stm32g0xx_hal_i2c.o [4]
I2C_TransferConfig       0x800'3c35   0x26  Code  Lc  stm32g0xx_hal_i2c.o [4]
I2C_TreatErrorCallback   0x800'3989   0x2e  Code  Lc  stm32g0xx_hal_i2c.o [4]
I2C_WaitOnFlagUntilTimeout
                         0x800'3a05   0x7c  Code  Lc  stm32g0xx_hal_i2c.o [4]
I2C_WaitOnSTOPFlagUntilTimeout
                         0x800'3ae1   0x54  Code  Lc  stm32g0xx_hal_i2c.o [4]
I2C_WaitOnTXISFlagUntilTimeout
                         0x800'3a81   0x60  Code  Lc  stm32g0xx_hal_i2c.o [4]
JumpToApplication       0x2000'185c    0x4  Data  Gb  App.o [2]
MX_I2C1_Init             0x800'45ff   0x4e  Code  Gb  E2PROM_I2C.o [2]
NMI_Handler              0x800'8321    0x2  Code  Gb  stm32g0xx_it.o [2]
PVD_VDDIO2_IRQHandler    0x800'291b         Code  Wk  startup_stm32g0b1xx.o [1]
PendSV_Handler           0x800'8333    0x2  Code  Gb  stm32g0xx_it.o [2]
RCC_CRS_IRQHandler       0x800'6313         Code  Wk  startup_stm32g0b1xx.o [1]
RTC_TAMP_IRQHandler      0x800'2963         Code  Wk  startup_stm32g0b1xx.o [1]
Region$$Table$$Base      0x800'86a0          --   Gb  - Linker created -
Region$$Table$$Limit     0x800'86c0          --   Gb  - Linker created -
Reset_Handler            0x800'8909         Code  Wk  startup_stm32g0b1xx.o [1]
RxHeader                0x2000'17e0   0x28  Data  Gb  CAN.o [2]
SPI1_IRQHandler          0x800'8aa9         Code  Wk  startup_stm32g0b1xx.o [1]
SPI2_3_IRQHandler        0x800'8aab         Code  Wk  startup_stm32g0b1xx.o [1]
SVC_Handler              0x800'8331    0x2  Code  Gb  stm32g0xx_it.o [2]
SysTick_Handler          0x800'8335   0x36  Code  Gb  stm32g0xx_it.o [2]
SystemClock_Config       0x800'2411   0x76  Code  Gb  App.o [2]
SystemCoreClock         0x2000'0100    0x4  Data  Gb  system_stm32g0xx.o [3]
SystemInit               0x800'8ab1    0x2  Code  Gb  system_stm32g0xx.o [3]
TIM14_IRQHandler         0x800'8aa3         Code  Wk  startup_stm32g0b1xx.o [1]
TIM15_IRQHandler         0x800'8aa5         Code  Wk  startup_stm32g0b1xx.o [1]
TIM16_FDCAN_IT0_IRQHandler
                         0x800'836b    0xa  Code  Gb  stm32g0xx_it.o [2]
TIM17_FDCAN_IT1_IRQHandler
                         0x800'8375    0x2  Code  Gb  stm32g0xx_it.o [2]
TIM1_BRK_UP_TRG_COM_IRQHandler
                         0x800'84cf         Code  Wk  startup_stm32g0b1xx.o [1]
TIM1_CC_IRQHandler       0x800'870b         Code  Wk  startup_stm32g0b1xx.o [1]
TIM2_IRQHandler          0x800'8717         Code  Wk  startup_stm32g0b1xx.o [1]
TIM3_TIM4_IRQHandler     0x800'8a9d         Code  Wk  startup_stm32g0b1xx.o [1]
TIM6_DAC_LPTIM1_IRQHandler
                         0x800'8a9f         Code  Wk  startup_stm32g0b1xx.o [1]
TIM7_LPTIM2_IRQHandler   0x800'8aa1         Code  Wk  startup_stm32g0b1xx.o [1]
TIM_Base_SetConfig       0x800'40cd   0x98  Code  Gb  stm32g0xx_hal_tim.o [4]
TIM_OC1_SetConfig        0x800'4165   0x74  Code  Lc  stm32g0xx_hal_tim.o [4]
TIM_OC2_SetConfig        0x800'41d9   0x68  Code  Gb  stm32g0xx_hal_tim.o [4]
TIM_OC3_SetConfig        0x800'4241   0x64  Code  Lc  stm32g0xx_hal_tim.o [4]
TIM_OC4_SetConfig        0x800'42b5   0x52  Code  Lc  stm32g0xx_hal_tim.o [4]
TIM_OC5_SetConfig        0x800'4319   0x4e  Code  Lc  stm32g0xx_hal_tim.o [4]
TIM_OC6_SetConfig        0x800'4371   0x52  Code  Lc  stm32g0xx_hal_tim.o [4]
TxHeader                0x2000'17a4   0x24  Data  Gb  CAN.o [2]
UARTEx_SetNbDataToProcess
                         0x800'4559   0x4a  Code  Lc  stm32g0xx_hal_uart_ex.o [4]
UARTEx_SetNbDataToProcess::denominator
                         0x800'45ac    0x8  Data  Lc  stm32g0xx_hal_uart_ex.o [4]
UARTEx_SetNbDataToProcess::numerator
                         0x800'45a4    0x8  Data  Lc  stm32g0xx_hal_uart_ex.o [4]
UARTPrescTable           0x800'0804   0x18  Data  Gb  stm32g0xx_hal_uart.o [4]
UART_AdvFeatureConfig    0x800'081d   0xc8  Code  Gb  stm32g0xx_hal_uart.o [4]
UART_CheckIdleState      0x800'08f1   0xae  Code  Gb  stm32g0xx_hal_uart.o [4]
UART_DMAAbortOnError     0x800'0c11   0x14  Code  Lc  stm32g0xx_hal_uart.o [4]
UART_EndRxTransfer       0x800'0b95   0x5e  Code  Lc  stm32g0xx_hal_uart.o [4]
UART_RxISR_16BIT         0x800'0ccd   0xa8  Code  Lc  stm32g0xx_hal_uart.o [4]
UART_RxISR_16BIT_FIFOEN
                         0x800'0f41  0x18a  Code  Lc  stm32g0xx_hal_uart.o [4]
UART_RxISR_8BIT          0x800'0c25   0xa8  Code  Lc  stm32g0xx_hal_uart.o [4]
UART_RxISR_8BIT_FIFOEN   0x800'0da7  0x188  Code  Lc  stm32g0xx_hal_uart.o [4]
UART_SetConfig           0x800'058d  0x24e  Code  Gb  stm32g0xx_hal_uart.o [4]
UART_Start_Receive_IT    0x800'0a67  0x116  Code  Gb  stm32g0xx_hal_uart.o [4]
UART_WaitOnFlagUntilTimeout
                         0x800'09c5   0xa2  Code  Gb  stm32g0xx_hal_uart.o [4]
USART1_IRQHandler        0x800'839b    0xa  Code  Gb  stm32g0xx_it.o [2]
USART2_LPUART2_IRQHandler
                         0x800'8aad         Code  Wk  startup_stm32g0b1xx.o [1]
USART3_4_5_6_LPUART1_IRQHandler
                         0x800'83a5    0xa  Code  Gb  stm32g0xx_it.o [2]
USB_UCPD1_2_IRQHandler   0x800'76eb         Code  Wk  startup_stm32g0b1xx.o [1]
WWDG_IRQHandler          0x800'2917         Code  Wk  startup_stm32g0b1xx.o [1]
_LC                      0x800'679d    0x8  Code  Lc  xprintffull_nomb.o [5]
_LitobFullNoMb           0x800'7545  0x124  Code  Lc  xprintffull_nomb.o [5]
_LocaleC_isspace         0x800'7ded   0x14  Code  Gb  xlocale_c.o [5]
_LocaleC_isupper         0x800'7de1    0x2  Code  Gb  xlocale_c.o [5]
_LocaleC_tolower         0x800'7e01    0xc  Code  Gb  xlocale_c.o [5]
_Locale_lconv           0x2000'0104   0x38  Data  Lc  xlocale_c.o [5]
_PrintfFullNoMb          0x800'67a5  0xda0  Code  Gb  xprintffull_nomb.o [5]
_PutcharsFullNoMb        0x800'76b5   0x36  Code  Lc  xprintffull_nomb.o [5]
_SNProut                 0x800'87a5   0x1c  Code  Gb  xsnprout.o [5]
_SProut                  0x800'157b    0xa  Code  Gb  xsprout.o [5]
__ICFEDIT_region_RAM_end__ {Abs}
                        0x2002'3fff         Data  Gb  <internal module>
__ICFEDIT_region_RAM_start__ {Abs}
                        0x2000'0000         Data  Gb  <internal module>
__NVIC_SetPriority       0x800'27dd   0x3a  Code  Lc  stm32g0xx_hal_cortex.o [4]
__aeabi_JMP_BUF_SIZE {Abs}
                                0x8          --   Gb  setjmp.o [7]
__aeabi_cdcmple          0x800'7895         Code  Gb  DblCmpLe.o [6]
__aeabi_cdrcmple         0x800'78c7         Code  Gb  DblCmpGe.o [6]
__aeabi_d2iz             0x800'7969         Code  Gb  DblToI32.o [6]
__aeabi_d2uiz            0x800'798d         Code  Gb  DblToI32.o [6]
__aeabi_ddiv             0x800'7b99         Code  Gb  DblDiv.o [6]
__aeabi_dmul             0x800'7c5b         Code  Gb  DblMul.o [6]
__aeabi_dsub             0x800'7aab         Code  Gb  DblAddSub.o [6]
__aeabi_i2d              0x800'79dd         Code  Gb  IxxToDbl.o [6]
__aeabi_idiv0            0x800'2915         Code  Gb  IntDivZer.o [7]
__aeabi_ldiv0            0x800'2919         Code  Gb  I64DivZer.o [7]
__aeabi_memcpy           0x800'7851         Code  Gb  ABImemcpy.o [7]
__aeabi_memcpy4          0x800'781d         Code  Gb  ABImemcpy.o [7]
__aeabi_memcpy8          0x800'781d         Code  Gb  ABImemcpy.o [7]
__aeabi_ui2d             0x800'79bd         Code  Gb  IxxToDbl.o [6]
__aeabi_uldivmod         0x800'1d07         Code  Gb  I64DivMod.o [7]
__aeabi_uread4           0x800'63cd         Code  Gb  uread4.o [7]
__aeabi_uwrite4          0x800'28b5         Code  Gb  uwrite4.o [7]
__cmain                  0x800'86e1         Code  Gb  cmain.o [7]
__exit                   0x800'7e2d   0x14  Code  Gb  exit.o [8]
__iar_Fail_s             0x800'77d5   0x22  Code  Gb  xfail_s.o [5]
__iar_Memchr             0x800'77bd         Code  Gb  memchr.o [7]
__iar_Memcpy             0x800'785d         Code  Gb  ABImemcpy.o [7]
__iar_Stoul              0x800'6571    0xa  Code  Gb  iar_Stoulx.o [5]
__iar_Stoulx             0x800'6425  0x14c  Code  Gb  iar_Stoulx.o [5]
__iar_Strchr             0x800'6411         Code  Gb  strchr.o [7]
__iar_d2uiz              0x800'7991         Code  Gb  DblToI32.o [6]
__iar_data_init3         0x800'8679   0x28  Code  Gb  data_init.o [7]
__iar_frexp              0x800'7877         Code  Gb  frexp.o [6]
__iar_frexp64            0x800'786b         Code  Gb  frexp.o [6]
__iar_frexpl             0x800'7877         Code  Gb  frexp.o [6]
__iar_globLocale        0x2000'013c   0x48  Data  Lc  xlocale_c.o [5]
__iar_global_Locale      0x800'7e0d    0x4  Code  Gb  xlocale_c.o [5]
__iar_ldexp64            0x800'78f9         Code  Gb  ldexp.o [6]
__iar_lz77_init_single3
                         0x800'83e5   0x80  Code  Gb  lz77_init_single.o [7]
__iar_program_start      0x800'8789         Code  Gb  cstartup_M.o [7]
__iar_scalbln64          0x800'78f9         Code  Gb  ldexp.o [6]
__iar_scalbn64           0x800'78f9         Code  Gb  ldexp.o [6]
__iar_small_Memset4_word
                         0x800'2921         Code  Gb  ABImemset_small.o [7]
__iar_small_Memset_word
                         0x800'2921         Code  Gb  ABImemset_small.o [7]
__iar_small_idiv         0x800'1ca9         Code  Gb  I32DivMod.o [7]
__iar_small_idivmod      0x800'1ca9         Code  Gb  I32DivMod.o [7]
__iar_small_memclr       0x800'291d         Code  Gb  ABImemset_small.o [7]
__iar_small_memclr4      0x800'291d         Code  Gb  ABImemset_small.o [7]
__iar_small_memclr8      0x800'291d         Code  Gb  ABImemset_small.o [7]
__iar_small_memset       0x800'2921         Code  Gb  ABImemset_small.o [7]
__iar_small_memset4      0x800'2921         Code  Gb  ABImemset_small.o [7]
__iar_small_memset8      0x800'2921         Code  Gb  ABImemset_small.o [7]
__iar_small_strcpy       0x800'7789         Code  Gb  strcpy_small.o [7]
__iar_small_strncpy      0x800'76ed         Code  Gb  strncpy_small.o [7]
__iar_small_uidiv        0x800'1cd1         Code  Gb  I32DivMod.o [7]
__iar_small_uidivmod     0x800'1cd1         Code  Gb  I32DivMod.o [7]
__iar_zero_init3         0x800'859d   0x3c  Code  Gb  zero_init3.o [7]
__low_level_init         0x800'86ff    0x4  Code  Gb  low_level_init.o [5]
__vector_table           0x800'0000         Data  Gb  startup_stm32g0b1xx.o [1]
_call_main               0x800'86ed         Code  Gb  cmain.o [7]
_exit                    0x800'870d         Code  Gb  cexit.o [7]
abort                    0x800'7e21    0xa  Code  Gb  abort.o [5]
atoi                     0x800'657b    0x4  Code  Gb  iar_Stoulx.o [5]
atol                     0x800'657f    0x2  Code  Gb  iar_Stoulx.o [5]
bFTP_eConnectAndDownloadFiles_Exe
                         0x800'53c9  0x134  Code  Gb  FTP.o [2]
bFTP_eConnectFTPServer_Exe
                         0x800'5515  0x232  Code  Gb  FTP.o [2]
bFTP_eVerifyCheckSumOfNewBINFileInGSMModule_Exe
                         0x800'59c9   0x72  Code  Gb  FTP.o [2]
bFTP_eWriteNewHexFileInMCU_Exe
                         0x800'5a5d  0x2d6  Code  Gb  FTP.o [2]
bFTP_iCloseGSMUFSFile_Exe
                         0x800'5e3d   0x18  Code  Lc  FTP.o [2]
bFTP_iGetFTPFilePathAndFileName_Exe
                         0x800'5911   0x82  Code  Lc  FTP.o [2]
bFTP_iSeekGSMUFSFile_Exe
                         0x800'60c1   0x34  Code  Lc  FTP.o [2]
bGSM_eSendSMS_Exe        0x800'4f41   0x5a  Code  Gb  GSM.o [2]
bGSM_iReadNetworkRegStatus_Exe
                         0x800'4ecf   0x70  Code  Lc  GSM.o [2]
bGSM_iWait4RespOrTimeOut_Exe
                         0x800'4d3d   0x3a  Code  Gb  GSM.o [2]
cFTP_iMsgTbl            0x2000'0000   0x1c  Data  Gb  FTP.o [2]
cGSM_eATCommandTbl      0x2000'001c   0x7c  Data  Gb  GSM.o [2]
cGSM_eATResponseTbl     0x2000'0098   0x5c  Data  Gb  GSM.o [2]
digits                   0x800'84f8   0x28  Data  Lc  iar_Stoulx.o [5]
exit                     0x800'8703    0x8  Code  Gb  exit.o [5]
frexp                    0x800'786b         Code  Gb  frexp.o [6]
frexpl                   0x800'786b         Code  Gb  frexp.o [6]
hcrc                    0x2000'0224   0x24  Data  Gb  App.o [2]
hfdcan1                 0x2000'01c0   0x64  Data  Gb  App.o [2]
hi2c1                   0x2000'02e0   0x54  Data  Gb  App.o [2]
hiwdg                   0x2000'182c   0x10  Data  Gb  App.o [2]
htim16                  0x2000'0380   0x4c  Data  Gb  App.o [2]
htim2                   0x2000'0334   0x4c  Data  Gb  App.o [2]
huart1                  0x2000'024c   0x94  Data  Gb  App.o [2]
huart3                  0x2000'16fc   0x94  Data  Gb  App.o [2]
isspace                  0x800'7799   0x12  Code  Gb  isspace.o [5]
jmpBuffer               0x2000'0c50   0x40  Data  Gb  App.o [2]
ldexp                    0x800'78f9         Code  Gb  ldexp.o [6]
ldexpl                   0x800'78f9         Code  Gb  ldexp.o [6]
localeconv               0x800'7e11    0x4  Code  Gb  xlocale_c.o [5]
longjmp                  0x800'2945         Code  Gb  setjmp.o [7]
main                     0x800'207d  0x342  Code  Gb  App.o [2]
memchr                   0x800'77bd         Code  Gb  memchr.o [7]
memset                   0x800'1dc5   0x14  Code  Gb  memset.o [7]
msg                     0x2000'0bd0   0x80  Data  Gb  App.o [2]
ndigs                    0x800'84d0   0x28  Data  Lc  iar_Stoulx.o [5]
pFlash                  0x2000'1810   0x1c  Data  Gb  stm32g0xx_hal_flash.o [4]
sFilterConfig           0x2000'17c8   0x18  Data  Gb  CAN.o [2]
scalbln                  0x800'78f9         Code  Gb  ldexp.o [6]
scalblnl                 0x800'78f9         Code  Gb  ldexp.o [6]
scalbn                   0x800'78f9         Code  Gb  ldexp.o [6]
scalbnl                  0x800'78f9         Code  Gb  ldexp.o [6]
scale                    0x800'7669   0x44  Code  Lc  xprintffull_nomb.o [5]
sec_hand                0x2000'186c    0x4  Data  Lc  xfail_s.o [5]
setjmp                   0x800'292d         Code  Gb  setjmp.o [7]
snprintf                 0x800'773d   0x4c  Code  Gb  snprintf.o [5]
sprintf                  0x800'5389   0x40  Code  Gb  sprintf.o [5]
strchr                   0x800'6411         Code  Gb  strchr.o [7]
strlen                   0x800'28a5         Code  Gb  strlen.o [7]
strncmp                  0x800'770f   0x2e  Code  Gb  strncmp.o [5]
strstr                   0x800'63e3   0x2e  Code  Gb  strstr.o [5]
tolower                  0x800'77ab   0x12  Code  Gb  tolower.o [5]
ucAPP_eASCIIChar2HexChar_Exe
                         0x800'24dd   0x26  Code  Gb  App.o [2]
ucAPP_eGlobalBuffer     0x2000'03cc  0x804  Data  Gb  App.o [2]
ucAPP_eVerUpdate        0x2000'0248    0x1  Data  Gb  App.o [2]
ucCAN_eRxData           0x2000'179c    0x8  Data  Gb  CAN.o [2]
ucCAN_eTxData           0x2000'1808    0x8  Data  Gb  CAN.o [2]
ucEEPROM_eReadByte_Exe   0x800'46af   0x38  Code  Gb  E2PROM_I2C.o [2]
ucFTP_eDownloadBINFilefrmFTP2GSMUFS_Exe
                         0x800'599d   0x22  Code  Gb  FTP.o [2]
ucFTP_eDownloadCRCDatafrmFTP2GSMUFS_Exe
                         0x800'5861   0xae  Code  Gb  FTP.o [2]
ucFTP_iCheckFileAtGSMUFS_Exe
                         0x800'61b5   0x70  Code  Lc  FTP.o [2]
ucFTP_iDownloadFileFromFTP2GSMUFS_Exe
                         0x800'5ec5  0x128  Code  Lc  FTP.o [2]
ucGSM_eCompareStringInGSMBuff_Exe
                         0x800'4883   0x54  Code  Gb  GSM.o [2]
ucGSM_eProcessATCmdDualRespWithPtr_Exe
                         0x800'4d77   0x12  Code  Gb  GSM.o [2]
ucGSM_eProcessATCmdWithCmdNum_Exe
                         0x800'4cb1    0xe  Code  Gb  GSM.o [2]
ucGSM_eProcessATCmdWithCmdPtr_Exe
                         0x800'4cc9    0x8  Code  Gb  GSM.o [2]
ucGSM_iCheckATResponse_Exe
                         0x800'4c49   0x38  Code  Lc  GSM.o [2]
ucGSM_iProcessATCmdDualRespWithCmdNum_Exe
                         0x800'4d89   0x16  Code  Lc  GSM.o [2]
ucGSM_iProcessATCmdDualResp_Exe
                         0x800'4dc1  0x10e  Code  Lc  GSM.o [2]
ucGSM_iProcessATCmd_Exe
                         0x800'4cd1   0x68  Code  Gb  GSM.o [2]
ucMCUFLASH_eEraseOnePageOfMCUFlash_Exe
                         0x800'51d1   0x4e  Code  Gb  MCUFlash.o [2]
ucMCUFLASH_eEraseOnePageOfMCUFlash_Exe::EraseInitStruct
                        0x2000'184c   0x10  Data  Lc  MCUFlash.o [2]
ucMCUFLASH_eWriteCONFIGStatusInMCUFlash_Exe
                         0x800'5005   0x2c  Code  Gb  MCUFlash.o [2]
ucMCUFLASH_eWriteMCUFlash_Exe
                         0x800'52a5   0xb0  Code  Gb  MCUFlash.o [2]
ucMCUFLASH_iEraseOnePageOfMCUFlash_Exe
                         0x800'5163   0x6e  Code  Lc  MCUFlash.o [2]
ucMCUFLASH_iEraseOnePageOfMCUFlash_Exe::EraseInitStruct
                        0x2000'183c   0x10  Data  Lc  MCUFlash.o [2]
ucMCUFLASH_iWrite64bitDataInMCUFlash_Exe
                         0x800'5093   0x88  Code  Lc  MCUFlash.o [2]
uiAPP_eTimer2S          0x2000'1870    0x2  Data  Gb  App.o [2]
uiFTP_eDeleteGSMUFSFile_Exe
                         0x800'5e15   0x18  Code  Gb  FTP.o [2]
uiFTP_iReadFileAndCalculateNumOfPages_Exe
                         0x800'617f   0x28  Code  Lc  FTP.o [2]
uiMCUFLASH_iFindLastBlankMemoryInCurrentAPPStorage_Exe
                         0x800'5031   0x62  Code  Lc  MCUFlash.o [2]
ulFTP_iDownloadAndReadFile_Exe
                         0x800'5e81   0x3a  Code  Lc  FTP.o [2]
ulFTP_iReadGSMUFSFile_Exe
                         0x800'60fd   0x82  Code  Lc  FTP.o [2]
ulJumpAddress           0x2000'1860    0x4  Data  Gb  App.o [2]
ulMCUFLASH_iGetPage_Exe
                         0x800'521f   0x72  Code  Lc  MCUFlash.o [2]
ullMCUFLASH_eReadCurrentActiveAPP_Exe
                         0x800'4fd1   0x34  Code  Gb  MCUFlash.o [2]
ullMCUFLASH_iRead64DataFromMCUFlash_Exe
                         0x800'511b   0x48  Code  Lc  MCUFlash.o [2]
uwTick                  0x2000'00f8    0x4  Data  Gb  stm32g0xx_hal.o [4]
uwTickFreq              0x2000'00f4    0x1  Data  Gb  stm32g0xx_hal.o [4]
uwTickPrio              0x2000'00fc    0x4  Data  Gb  stm32g0xx_hal.o [4]
vAPP_eFeedTheWDT_Exe     0x800'2487    0xa  Code  Gb  App.o [2]
vAPP_eJumpToAppAddr_Exe
                         0x800'23cd   0x2a  Code  Gb  App.o [2]
vCAN_eReadCANData_Exe    0x800'633b   0x38  Code  Gb  CAN.o [2]
vCOMM_eTxString_Exe      0x800'1585   0x24  Code  Gb  COMM.o [2]
vEEPROM_eInit            0x800'45b5   0x4a  Code  Gb  E2PROM_I2C.o [2]
vEEPROM_eReadBytes_Exe   0x800'46e7   0x2c  Code  Gb  E2PROM_I2C.o [2]
vEEPROM_eWriteByte_Exe   0x800'464d   0x44  Code  Gb  E2PROM_I2C.o [2]
vEEPROM_eWriteBytes_Exe
                         0x800'4691   0x1e  Code  Gb  E2PROM_I2C.o [2]
vEEPROM_iMakeWPEnable_Exe
                         0x800'4713    0xe  Code  Lc  E2PROM_I2C.o [2]
vFTP_iOpenGSMUFSFile_Exe
                         0x800'6025   0x90  Code  Lc  FTP.o [2]
vGSM_eInit               0x800'4735   0xf0  Code  Gb  GSM.o [2]
vGSM_ePowerON_Exe        0x800'4825   0x5e  Code  Gb  GSM.o [2]
vGSM_eResetGSM_Exe       0x800'4c81   0x30  Code  Gb  GSM.o [2]
vGSM_eStartGSM_Exe       0x800'4901  0x318  Code  Gb  GSM.o [2]


[1] = D:\BZ\PROJECTS\Embedded Firmware\BZ\Standalone_IoT\Firmware\Standalone_IOT\Standalone_IOT (MQTT with BL)\Bootloader\EWARM\Bootloader\Obj\Application\EWARM
[2] = D:\BZ\PROJECTS\Embedded Firmware\BZ\Standalone_IoT\Firmware\Standalone_IOT\Standalone_IOT (MQTT with BL)\Bootloader\EWARM\Bootloader\Obj\Application\User\Core
[3] = D:\BZ\PROJECTS\Embedded Firmware\BZ\Standalone_IoT\Firmware\Standalone_IOT\Standalone_IOT (MQTT with BL)\Bootloader\EWARM\Bootloader\Obj\Drivers\CMSIS
[4] = D:\BZ\PROJECTS\Embedded Firmware\BZ\Standalone_IoT\Firmware\Standalone_IOT\Standalone_IOT (MQTT with BL)\Bootloader\EWARM\Bootloader\Obj\Drivers\STM32G0xx_HAL_Driver
[5] = dl6M_tlf.a
[6] = m6M_tl.a
[7] = rt6M_tl.a
[8] = shb_l.a

  32'890 bytes of readonly  code memory
      56 bytes of readwrite code memory
   2'915 bytes of readonly  data memory
   7'226 bytes of readwrite data memory

Errors: none
Warnings: none
