###############################################################################
#
# IAR ELF Linker V9.30.1.335/W64 for ARM                  06/Aug/2025  11:31:46
# Copyright 2007-2022 IAR Systems AB.
#
#    Output file  =
#        D:\BZ\PROJECTS\Embedded
#        Firmware\BZ\Standalone_IoT\Firmware\Standalone_IOT\Standalone_IOT
#        (MQTT with
#        BL)\MainProg\EWARM\standalone_IoT-ver_1.0\Exe\standalone_IoT-ver_1.0.out
#    Map file     =
#        D:\BZ\PROJECTS\Embedded
#        Firmware\BZ\Standalone_IoT\Firmware\Standalone_IOT\Standalone_IOT
#        (MQTT with
#        BL)\MainProg\EWARM\standalone_IoT-ver_1.0\List\standalone_IoT-ver_1.0.map
#    Command line =
#        -f "D:\BZ\PROJECTS\Embedded
#        Firmware\BZ\Standalone_IoT\Firmware\Standalone_IOT\Standalone_IOT
#        (MQTT with
#        BL)\MainProg\EWARM\standalone_IoT-ver_1.0\Exe\standalone_IoT-ver_1.0.out.rsp"
#        ("D:\BZ\PROJECTS\Embedded
#        Firmware\BZ\Standalone_IoT\Firmware\Standalone_IOT\Standalone_IOT
#        (MQTT with
#        BL)\MainProg\EWARM\standalone_IoT-ver_1.0\Obj\Application\User\Core\ADC.o"
#        "D:\BZ\PROJECTS\Embedded
#        Firmware\BZ\Standalone_IoT\Firmware\Standalone_IOT\Standalone_IOT
#        (MQTT with
#        BL)\MainProg\EWARM\standalone_IoT-ver_1.0\Obj\Application\User\Core\APP.o"
#        "D:\BZ\PROJECTS\Embedded
#        Firmware\BZ\Standalone_IoT\Firmware\Standalone_IOT\Standalone_IOT
#        (MQTT with
#        BL)\MainProg\EWARM\standalone_IoT-ver_1.0\Obj\Application\User\Core\BATT.o"
#        "D:\BZ\PROJECTS\Embedded
#        Firmware\BZ\Standalone_IoT\Firmware\Standalone_IOT\Standalone_IOT
#        (MQTT with
#        BL)\MainProg\EWARM\standalone_IoT-ver_1.0\Obj\Application\User\Core\CAN.o"
#        "D:\BZ\PROJECTS\Embedded
#        Firmware\BZ\Standalone_IoT\Firmware\Standalone_IOT\Standalone_IOT
#        (MQTT with
#        BL)\MainProg\EWARM\standalone_IoT-ver_1.0\Obj\Application\User\Core\COMM.o"
#        "D:\BZ\PROJECTS\Embedded
#        Firmware\BZ\Standalone_IoT\Firmware\Standalone_IOT\Standalone_IOT
#        (MQTT with
#        BL)\MainProg\EWARM\standalone_IoT-ver_1.0\Obj\Application\User\Core\CONFIG_EEPROM.o"
#        "D:\BZ\PROJECTS\Embedded
#        Firmware\BZ\Standalone_IoT\Firmware\Standalone_IOT\Standalone_IOT
#        (MQTT with
#        BL)\MainProg\EWARM\standalone_IoT-ver_1.0\Obj\Application\User\Core\E2PROM_I2C.o"
#        "D:\BZ\PROJECTS\Embedded
#        Firmware\BZ\Standalone_IoT\Firmware\Standalone_IOT\Standalone_IOT
#        (MQTT with
#        BL)\MainProg\EWARM\standalone_IoT-ver_1.0\Obj\Application\User\Core\FTP.o"
#        "D:\BZ\PROJECTS\Embedded
#        Firmware\BZ\Standalone_IoT\Firmware\Standalone_IOT\Standalone_IOT
#        (MQTT with
#        BL)\MainProg\EWARM\standalone_IoT-ver_1.0\Obj\Application\User\Core\GEN.o"
#        "D:\BZ\PROJECTS\Embedded
#        Firmware\BZ\Standalone_IoT\Firmware\Standalone_IOT\Standalone_IOT
#        (MQTT with
#        BL)\MainProg\EWARM\standalone_IoT-ver_1.0\Obj\Application\User\Core\GPS.o"
#        "D:\BZ\PROJECTS\Embedded
#        Firmware\BZ\Standalone_IoT\Firmware\Standalone_IOT\Standalone_IOT
#        (MQTT with
#        BL)\MainProg\EWARM\standalone_IoT-ver_1.0\Obj\Application\User\Core\GSM.o"
#        "D:\BZ\PROJECTS\Embedded
#        Firmware\BZ\Standalone_IoT\Firmware\Standalone_IOT\Standalone_IOT
#        (MQTT with
#        BL)\MainProg\EWARM\standalone_IoT-ver_1.0\Obj\Application\User\Core\main.o"
#        "D:\BZ\PROJECTS\Embedded
#        Firmware\BZ\Standalone_IoT\Firmware\Standalone_IOT\Standalone_IOT
#        (MQTT with
#        BL)\MainProg\EWARM\standalone_IoT-ver_1.0\Obj\Application\User\Core\MCUFlash.o"
#        "D:\BZ\PROJECTS\Embedded
#        Firmware\BZ\Standalone_IoT\Firmware\Standalone_IOT\Standalone_IOT
#        (MQTT with
#        BL)\MainProg\EWARM\standalone_IoT-ver_1.0\Obj\Application\User\Core\MQTT.o"
#        "D:\BZ\PROJECTS\Embedded
#        Firmware\BZ\Standalone_IoT\Firmware\Standalone_IOT\Standalone_IOT
#        (MQTT with
#        BL)\MainProg\EWARM\standalone_IoT-ver_1.0\Obj\Application\User\Core\ODO.o"
#        "D:\BZ\PROJECTS\Embedded
#        Firmware\BZ\Standalone_IoT\Firmware\Standalone_IOT\Standalone_IOT
#        (MQTT with
#        BL)\MainProg\EWARM\standalone_IoT-ver_1.0\Obj\Application\User\Core\OTA.o"
#        "D:\BZ\PROJECTS\Embedded
#        Firmware\BZ\Standalone_IoT\Firmware\Standalone_IOT\Standalone_IOT
#        (MQTT with
#        BL)\MainProg\EWARM\standalone_IoT-ver_1.0\Obj\Application\EWARM\startup_stm32g0b1xx.o"
#        "D:\BZ\PROJECTS\Embedded
#        Firmware\BZ\Standalone_IoT\Firmware\Standalone_IOT\Standalone_IOT
#        (MQTT with
#        BL)\MainProg\EWARM\standalone_IoT-ver_1.0\Obj\Drivers\STM32G0xx_HAL_Driver\stm32g0xx_hal.o"
#        "D:\BZ\PROJECTS\Embedded
#        Firmware\BZ\Standalone_IoT\Firmware\Standalone_IOT\Standalone_IOT
#        (MQTT with
#        BL)\MainProg\EWARM\standalone_IoT-ver_1.0\Obj\Drivers\STM32G0xx_HAL_Driver\stm32g0xx_hal_adc.o"
#        "D:\BZ\PROJECTS\Embedded
#        Firmware\BZ\Standalone_IoT\Firmware\Standalone_IOT\Standalone_IOT
#        (MQTT with
#        BL)\MainProg\EWARM\standalone_IoT-ver_1.0\Obj\Drivers\STM32G0xx_HAL_Driver\stm32g0xx_hal_adc_ex.o"
#        "D:\BZ\PROJECTS\Embedded
#        Firmware\BZ\Standalone_IoT\Firmware\Standalone_IOT\Standalone_IOT
#        (MQTT with
#        BL)\MainProg\EWARM\standalone_IoT-ver_1.0\Obj\Drivers\STM32G0xx_HAL_Driver\stm32g0xx_hal_cortex.o"
#        "D:\BZ\PROJECTS\Embedded
#        Firmware\BZ\Standalone_IoT\Firmware\Standalone_IOT\Standalone_IOT
#        (MQTT with
#        BL)\MainProg\EWARM\standalone_IoT-ver_1.0\Obj\Drivers\STM32G0xx_HAL_Driver\stm32g0xx_hal_crc.o"
#        "D:\BZ\PROJECTS\Embedded
#        Firmware\BZ\Standalone_IoT\Firmware\Standalone_IOT\Standalone_IOT
#        (MQTT with
#        BL)\MainProg\EWARM\standalone_IoT-ver_1.0\Obj\Drivers\STM32G0xx_HAL_Driver\stm32g0xx_hal_crc_ex.o"
#        "D:\BZ\PROJECTS\Embedded
#        Firmware\BZ\Standalone_IoT\Firmware\Standalone_IOT\Standalone_IOT
#        (MQTT with
#        BL)\MainProg\EWARM\standalone_IoT-ver_1.0\Obj\Drivers\STM32G0xx_HAL_Driver\stm32g0xx_hal_dma.o"
#        "D:\BZ\PROJECTS\Embedded
#        Firmware\BZ\Standalone_IoT\Firmware\Standalone_IOT\Standalone_IOT
#        (MQTT with
#        BL)\MainProg\EWARM\standalone_IoT-ver_1.0\Obj\Drivers\STM32G0xx_HAL_Driver\stm32g0xx_hal_dma_ex.o"
#        "D:\BZ\PROJECTS\Embedded
#        Firmware\BZ\Standalone_IoT\Firmware\Standalone_IOT\Standalone_IOT
#        (MQTT with
#        BL)\MainProg\EWARM\standalone_IoT-ver_1.0\Obj\Drivers\STM32G0xx_HAL_Driver\stm32g0xx_hal_exti.o"
#        "D:\BZ\PROJECTS\Embedded
#        Firmware\BZ\Standalone_IoT\Firmware\Standalone_IOT\Standalone_IOT
#        (MQTT with
#        BL)\MainProg\EWARM\standalone_IoT-ver_1.0\Obj\Drivers\STM32G0xx_HAL_Driver\stm32g0xx_hal_fdcan.o"
#        "D:\BZ\PROJECTS\Embedded
#        Firmware\BZ\Standalone_IoT\Firmware\Standalone_IOT\Standalone_IOT
#        (MQTT with
#        BL)\MainProg\EWARM\standalone_IoT-ver_1.0\Obj\Drivers\STM32G0xx_HAL_Driver\stm32g0xx_hal_flash.o"
#        "D:\BZ\PROJECTS\Embedded
#        Firmware\BZ\Standalone_IoT\Firmware\Standalone_IOT\Standalone_IOT
#        (MQTT with
#        BL)\MainProg\EWARM\standalone_IoT-ver_1.0\Obj\Drivers\STM32G0xx_HAL_Driver\stm32g0xx_hal_flash_ex.o"
#        "D:\BZ\PROJECTS\Embedded
#        Firmware\BZ\Standalone_IoT\Firmware\Standalone_IOT\Standalone_IOT
#        (MQTT with
#        BL)\MainProg\EWARM\standalone_IoT-ver_1.0\Obj\Drivers\STM32G0xx_HAL_Driver\stm32g0xx_hal_gpio.o"
#        "D:\BZ\PROJECTS\Embedded
#        Firmware\BZ\Standalone_IoT\Firmware\Standalone_IOT\Standalone_IOT
#        (MQTT with
#        BL)\MainProg\EWARM\standalone_IoT-ver_1.0\Obj\Drivers\STM32G0xx_HAL_Driver\stm32g0xx_hal_i2c.o"
#        "D:\BZ\PROJECTS\Embedded
#        Firmware\BZ\Standalone_IoT\Firmware\Standalone_IOT\Standalone_IOT
#        (MQTT with
#        BL)\MainProg\EWARM\standalone_IoT-ver_1.0\Obj\Drivers\STM32G0xx_HAL_Driver\stm32g0xx_hal_i2c_ex.o"
#        "D:\BZ\PROJECTS\Embedded
#        Firmware\BZ\Standalone_IoT\Firmware\Standalone_IOT\Standalone_IOT
#        (MQTT with
#        BL)\MainProg\EWARM\standalone_IoT-ver_1.0\Obj\Drivers\STM32G0xx_HAL_Driver\stm32g0xx_hal_iwdg.o"
#        "D:\BZ\PROJECTS\Embedded
#        Firmware\BZ\Standalone_IoT\Firmware\Standalone_IOT\Standalone_IOT
#        (MQTT with
#        BL)\MainProg\EWARM\standalone_IoT-ver_1.0\Obj\Application\User\Core\stm32g0xx_hal_msp.o"
#        "D:\BZ\PROJECTS\Embedded
#        Firmware\BZ\Standalone_IoT\Firmware\Standalone_IOT\Standalone_IOT
#        (MQTT with
#        BL)\MainProg\EWARM\standalone_IoT-ver_1.0\Obj\Drivers\STM32G0xx_HAL_Driver\stm32g0xx_hal_pwr.o"
#        "D:\BZ\PROJECTS\Embedded
#        Firmware\BZ\Standalone_IoT\Firmware\Standalone_IOT\Standalone_IOT
#        (MQTT with
#        BL)\MainProg\EWARM\standalone_IoT-ver_1.0\Obj\Drivers\STM32G0xx_HAL_Driver\stm32g0xx_hal_pwr_ex.o"
#        "D:\BZ\PROJECTS\Embedded
#        Firmware\BZ\Standalone_IoT\Firmware\Standalone_IOT\Standalone_IOT
#        (MQTT with
#        BL)\MainProg\EWARM\standalone_IoT-ver_1.0\Obj\Drivers\STM32G0xx_HAL_Driver\stm32g0xx_hal_rcc.o"
#        "D:\BZ\PROJECTS\Embedded
#        Firmware\BZ\Standalone_IoT\Firmware\Standalone_IOT\Standalone_IOT
#        (MQTT with
#        BL)\MainProg\EWARM\standalone_IoT-ver_1.0\Obj\Drivers\STM32G0xx_HAL_Driver\stm32g0xx_hal_rcc_ex.o"
#        "D:\BZ\PROJECTS\Embedded
#        Firmware\BZ\Standalone_IoT\Firmware\Standalone_IOT\Standalone_IOT
#        (MQTT with
#        BL)\MainProg\EWARM\standalone_IoT-ver_1.0\Obj\Drivers\STM32G0xx_HAL_Driver\stm32g0xx_hal_tim.o"
#        "D:\BZ\PROJECTS\Embedded
#        Firmware\BZ\Standalone_IoT\Firmware\Standalone_IOT\Standalone_IOT
#        (MQTT with
#        BL)\MainProg\EWARM\standalone_IoT-ver_1.0\Obj\Drivers\STM32G0xx_HAL_Driver\stm32g0xx_hal_tim_ex.o"
#        "D:\BZ\PROJECTS\Embedded
#        Firmware\BZ\Standalone_IoT\Firmware\Standalone_IOT\Standalone_IOT
#        (MQTT with
#        BL)\MainProg\EWARM\standalone_IoT-ver_1.0\Obj\Drivers\STM32G0xx_HAL_Driver\stm32g0xx_hal_uart.o"
#        "D:\BZ\PROJECTS\Embedded
#        Firmware\BZ\Standalone_IoT\Firmware\Standalone_IOT\Standalone_IOT
#        (MQTT with
#        BL)\MainProg\EWARM\standalone_IoT-ver_1.0\Obj\Drivers\STM32G0xx_HAL_Driver\stm32g0xx_hal_uart_ex.o"
#        "D:\BZ\PROJECTS\Embedded
#        Firmware\BZ\Standalone_IoT\Firmware\Standalone_IOT\Standalone_IOT
#        (MQTT with
#        BL)\MainProg\EWARM\standalone_IoT-ver_1.0\Obj\Application\User\Core\stm32g0xx_it.o"
#        "D:\BZ\PROJECTS\Embedded
#        Firmware\BZ\Standalone_IoT\Firmware\Standalone_IOT\Standalone_IOT
#        (MQTT with
#        BL)\MainProg\EWARM\standalone_IoT-ver_1.0\Obj\Drivers\STM32G0xx_HAL_Driver\stm32g0xx_ll_adc.o"
#        "D:\BZ\PROJECTS\Embedded
#        Firmware\BZ\Standalone_IoT\Firmware\Standalone_IOT\Standalone_IOT
#        (MQTT with
#        BL)\MainProg\EWARM\standalone_IoT-ver_1.0\Obj\Drivers\STM32G0xx_HAL_Driver\stm32g0xx_ll_rcc.o"
#        "D:\BZ\PROJECTS\Embedded
#        Firmware\BZ\Standalone_IoT\Firmware\Standalone_IOT\Standalone_IOT
#        (MQTT with
#        BL)\MainProg\EWARM\standalone_IoT-ver_1.0\Obj\Drivers\CMSIS\system_stm32g0xx.o"
#        "D:\BZ\PROJECTS\Embedded
#        Firmware\BZ\Standalone_IoT\Firmware\Standalone_IOT\Standalone_IOT
#        (MQTT with
#        BL)\MainProg\EWARM\standalone_IoT-ver_1.0\Obj\Application\User\Core\UTL.o"
#        --no_out_extension -o "D:\BZ\PROJECTS\Embedded
#        Firmware\BZ\Standalone_IoT\Firmware\Standalone_IOT\Standalone_IOT
#        (MQTT with
#        BL)\MainProg\EWARM\standalone_IoT-ver_1.0\Exe\standalone_IoT-ver_1.0.out"
#        --redirect _Printf=_PrintfFullNoMb --redirect _Scanf=_ScanfFullNoMb
#        --map "D:\BZ\PROJECTS\Embedded
#        Firmware\BZ\Standalone_IoT\Firmware\Standalone_IOT\Standalone_IOT
#        (MQTT with
#        BL)\MainProg\EWARM\standalone_IoT-ver_1.0\List\standalone_IoT-ver_1.0.map"
#        --config "D:\BZ\PROJECTS\Embedded
#        Firmware\BZ\Standalone_IoT\Firmware\Standalone_IOT\Standalone_IOT
#        (MQTT with BL)\MainProg\EWARM/stm32g0b1xx_flash.icf" --semihosting
#        --entry __iar_program_start --vfe --text_out locale --cpu=Cortex-M0+
#        --fpu=None)
#
###############################################################################

*******************************************************************************
*** RUNTIME MODEL ATTRIBUTES
***

CppFlavor                   = *
__CPP_Runtime               = 1
__SystemLibrary             = DLib
__dlib_jmp_buf_num_elements = 8
__dlib_version              = 6


*******************************************************************************
*** HEAP SELECTION
***

The basic heap was selected because --advanced_heap
was not specified and the application did not appear to
be primarily optimized for speed.


*******************************************************************************
*** PLACEMENT SUMMARY
***

"A0":  place at address 0x800'b000 { ro section .intvec };
"P1":  place in [from 0x800'0000 to 0x803'ffff] { ro };
define block CSTACK with size = 1K, alignment = 8 { };
define block HEAP with size = 512, alignment = 8 { };
"P2":  place in [from 0x2000'0000 to 0x2002'3fff] {
          rw, block CSTACK, block HEAP };
initialize by copy { rw };

  Section            Kind         Address    Size  Object
  -------            ----         -------    ----  ------
"A0":                                        0xbc
  .intvec            ro code   0x800'b000    0xbc  startup_stm32g0b1xx.o [1]
                             - 0x800'b0bc    0xbc

"P1":                                      0x9a8e
  .text              ro code   0x800'b0bc  0x104c  stm32g0xx_hal_uart.o [4]
  .text              ro code   0x800'c108   0x380  stm32g0xx_hal_msp.o [2]
  .text              ro code   0x800'c488     0xc  stm32g0xx_hal.o [4]
  .text              ro code   0x800'c494   0x410  stm32g0xx_hal_dma.o [4]
  .text              ro code   0x800'c8a4   0x180  COMM.o [2]
  .text              ro code   0x800'ca24     0x2  stm32g0xx_hal_uart.o [4]
  .text              ro code   0x800'ca26     0x2  stm32g0xx_hal_uart_ex.o [4]
  .text              ro code   0x800'ca28     0x2  stm32g0xx_hal_uart.o [4]
  .text              ro code   0x800'ca2a     0x2  stm32g0xx_hal_uart_ex.o [4]
  .text              ro code   0x800'ca2c     0x2  stm32g0xx_hal_uart_ex.o [4]
  .text              ro code   0x800'ca2e     0xa  xsprout.o [5]
  .text              ro code   0x800'ca38   0x658  stm32g0xx_hal_rcc.o [4]
  .text              ro code   0x800'd090    0x5e  I32DivMod.o [7]
  .text              ro code   0x800'd0ee    0x7c  I64DivMod.o [7]
  .rodata            const     0x800'd16a     0x2  GSM.o [2]
  .text              ro code   0x800'd16c    0x40  stm32g0xx_hal.o [4]
  .text              ro code   0x800'd1ac    0x14  memset.o [7]
  .text              ro code   0x800'd1c0   0x2a4  stm32g0xx_hal_rcc_ex.o [4]
  .text              ro code   0x800'd464   0x4ba  APP.o [2]
  .rodata            const     0x800'd91e     0x2  xlocale_c.o [5]
  .text              ro code   0x800'd920   0x2e0  stm32g0xx_hal_gpio.o [4]
  .text              ro code   0x800'dc00    0xac  stm32g0xx_hal_cortex.o [4]
  .text              ro code   0x800'dcac   0x118  stm32g0xx_hal_uart_ex.o [4]
  .text              ro code   0x800'ddc4     0xe  strlen.o [7]
  .text              ro code   0x800'ddd2    0x2e  strstr.o [5]
  .text              ro code   0x800'de00    0x14  uwrite4.o [7]
  .text              ro code   0x800'de14    0x4c  stm32g0xx_hal.o [4]
  .text              ro code   0x800'de60     0x2  IntDivZer.o [7]
  .rodata            const     0x800'de62     0x2  xlocale_c.o [5]
  .text              ro code   0x800'de64     0x2  I64DivZer.o [7]
  .text              ro code   0x800'de66     0x2  startup_stm32g0b1xx.o [1]
  .text              ro code   0x800'de68    0x10  ABImemset_small.o [7]
  .text              ro code   0x800'de78   0x198  BATT.o [2]
  .text              ro code   0x800'e010    0x6c  stm32g0xx_hal_iwdg.o [4]
  .text              ro code   0x800'e07c   0x180  E2PROM_I2C.o [2]
  .text              ro code   0x800'e1fc   0x130  ODO.o [2]
  .text              ro code   0x800'e32c   0x5d4  CAN.o [2]
  .text              ro code   0x800'e900   0xc84  GSM.o [2]
  .text              ro code   0x800'f584   0x29c  GPS.o [2]
  .text              ro code   0x800'f820   0x3c8  GEN.o [2]
  .text              ro code   0x800'fbe8   0x280  CONFIG_EEPROM.o [2]
  .text              ro code   0x800'fe68   0x4c8  MQTT.o [2]
  .text              ro code   0x801'0330    0x16  uread4.o [7]
  .text              ro code   0x801'0346     0x2  startup_stm32g0b1xx.o [1]
  .text              ro code   0x801'0348    0xdc  FTP.o [2]
  .text              ro code   0x801'0424    0x28  stm32g0xx_hal.o [4]
  .text              ro code   0x801'044c    0x4c  stm32g0xx_hal_pwr_ex.o [4]
  .text              ro code   0x801'0498    0x12  strchr.o [7]
  .text              ro code   0x801'04aa     0x2  startup_stm32g0b1xx.o [1]
  .text              ro code   0x801'04ac   0x6e0  stm32g0xx_hal_adc.o [4]
  .text              ro code   0x801'0b8c    0x20  IxxToFlt.o [6]
  .text              ro code   0x801'0bac    0xb0  FltMul.o [6]
  .text              ro code   0x801'0c5c    0x3a  FltToS32.o [6]
  .text              ro code   0x801'0c96     0x2  startup_stm32g0b1xx.o [1]
  .text              ro code   0x801'0c98   0xd64  stm32g0xx_hal_i2c.o [4]
  .text              ro code   0x801'19fc    0x8c  stm32g0xx_hal_i2c_ex.o [4]
  .text              ro code   0x801'1a88   0x6ea  stm32g0xx_hal_fdcan.o [4]
  .text              ro code   0x801'2172     0x2  startup_stm32g0b1xx.o [1]
  .text              ro code   0x801'2174    0x10  strcpy_small.o [7]
  .text              ro code   0x801'2184    0x40  sprintf.o [5]
  .text              ro code   0x801'21c4    0x2e  strncmp.o [5]
  .text              ro code   0x801'21f2     0x2  startup_stm32g0b1xx.o [1]
  .text              ro code   0x801'21f4   0x164  iar_Stoulx.o [5]
  .text              ro code   0x801'2358    0x4e  UTL.o [2]
  .text              ro code   0x801'23a6    0xa4  FltDiv.o [6]
  .text              ro code   0x801'244a     0x2  startup_stm32g0b1xx.o [1]
  .text              ro code   0x801'244c    0x32  FltToDbl.o [6]
  .text              ro code   0x801'247e     0x2  startup_stm32g0b1xx.o [1]
  .text              ro code   0x801'2480    0x4c  snprintf.o [5]
  .text              ro code   0x801'24cc    0x22  strncpy_small.o [7]
  .text              ro code   0x801'24ee     0x2  startup_stm32g0b1xx.o [1]
  .text              ro code   0x801'24f0    0x4c  strtok.o [5]
  .text              ro code   0x801'253c    0x14  strcmp_small.o [7]
  .text              ro code   0x801'2550     0x2  stm32g0xx_hal_adc.o [4]
  .text              ro code   0x801'2552     0x2  stm32g0xx_hal_adc.o [4]
  .text              ro code   0x801'2554     0x2  stm32g0xx_hal_i2c.o [4]
  .text              ro code   0x801'2556     0x2  stm32g0xx_hal_i2c.o [4]
  .text              ro code   0x801'2558     0x2  stm32g0xx_hal_i2c.o [4]
  .text              ro code   0x801'255a     0x2  stm32g0xx_hal_i2c.o [4]
  .text              ro code   0x801'255c     0x2  stm32g0xx_hal_i2c.o [4]
  .text              ro code   0x801'255e     0x2  stm32g0xx_hal_i2c.o [4]
  .text              ro code   0x801'2560     0x2  stm32g0xx_hal_fdcan.o [4]
  .text              ro code   0x801'2562     0x2  stm32g0xx_hal_fdcan.o [4]
  .text              ro code   0x801'2564     0x2  stm32g0xx_hal_fdcan.o [4]
  .text              ro code   0x801'2566     0x2  stm32g0xx_hal_fdcan.o [4]
  .text              ro code   0x801'2568     0x2  stm32g0xx_hal_fdcan.o [4]
  .text              ro code   0x801'256a     0x2  stm32g0xx_hal_fdcan.o [4]
  .text              ro code   0x801'256c     0x2  stm32g0xx_hal_fdcan.o [4]
  .text              ro code   0x801'256e     0x2  stm32g0xx_hal_fdcan.o [4]
  .text              ro code   0x801'2570     0x2  stm32g0xx_hal_fdcan.o [4]
  .text              ro code   0x801'2572     0x2  stm32g0xx_hal_fdcan.o [4]
  .text              ro code   0x801'2574   0xf4e  xprintffull_nomb.o [5]
  .text              ro code   0x801'34c2    0x12  isspace.o [5]
  .text              ro code   0x801'34d4    0x12  tolower.o [5]
  .text              ro code   0x801'34e6     0x2  startup_stm32g0b1xx.o [1]
  .text              ro code   0x801'34e8    0x16  memchr.o [7]
  .text              ro code   0x801'34fe    0x24  strspn.o [5]
  .text              ro code   0x801'3522    0x24  strcspn.o [5]
  .text              ro code   0x801'3546     0x2  startup_stm32g0b1xx.o [1]
  .text              ro code   0x801'3548    0x48  xfail_s.o [5]
  .text              ro code   0x801'3590    0x4e  ABImemcpy.o [7]
  .text              ro code   0x801'35de    0x2a  frexp.o [6]
  .text              ro code   0x801'3608    0x32  DblCmpLe.o [6]
  .text              ro code   0x801'363a    0x32  DblCmpGe.o [6]
  .text              ro code   0x801'366c    0x70  ldexp.o [6]
  .text              ro code   0x801'36dc    0x52  DblToI32.o [6]
  .text              ro code   0x801'372e     0x2  startup_stm32g0b1xx.o [1]
  .text              ro code   0x801'3730    0x34  IxxToDbl.o [6]
  .text              ro code   0x801'3764   0x1a8  DblAddSub.o [6]
  .text              ro code   0x801'390c    0xc2  DblDiv.o [6]
  .text              ro code   0x801'39ce   0x184  DblMul.o [6]
  .text              ro code   0x801'3b52     0x2  startup_stm32g0b1xx.o [1]
  .text              ro code   0x801'3b54    0x40  xlocale_c.o [5]
  .text              ro code   0x801'3b94     0xa  abort.o [5]
  .text              ro code   0x801'3b9e     0x2  startup_stm32g0b1xx.o [1]
  .text              ro code   0x801'3ba0    0x14  exit.o [8]
  .rodata            const     0x801'3bb4   0x174  GEN.o [2]
  .text              ro code   0x801'3d28   0x168  stm32g0xx_hal_tim.o [4]
  .text              ro code   0x801'3e90     0x2  stm32g0xx_hal_tim.o [4]
  .text              ro code   0x801'3e92     0x2  stm32g0xx_hal_tim.o [4]
  .text              ro code   0x801'3e94     0x2  stm32g0xx_hal_tim.o [4]
  .text              ro code   0x801'3e96     0x2  stm32g0xx_hal_tim.o [4]
  .text              ro code   0x801'3e98     0x2  stm32g0xx_hal_tim_ex.o [4]
  .text              ro code   0x801'3e9a     0x2  stm32g0xx_hal_tim_ex.o [4]
  .text              ro code   0x801'3e9c     0x2  stm32g0xx_hal_tim.o [4]
  .text              ro code   0x801'3e9e     0x2  stm32g0xx_hal_tim_ex.o [4]
  .text              ro code   0x801'3ea0   0x12c  stm32g0xx_it.o [2]
  .text              ro code   0x801'3fcc    0x1e  setjmp.o [7]
  .text              ro code   0x801'3fea     0x2  startup_stm32g0b1xx.o [1]
  .text              ro code   0x801'3fec    0x10  stm32g0xx_hal.o [4]
  .rodata            const     0x801'3ffc    0xfc  CONFIG_EEPROM.o [2]
  .text              ro code   0x801'40f8    0x80  lz77_init_single.o [7]
  .rodata            const     0x801'4178    0x6a  xprintffull_nomb.o [5]
  .text              ro code   0x801'41e2     0x2  startup_stm32g0b1xx.o [1]
  .rodata            const     0x801'41e4    0x50  iar_Stoulx.o [5]
  .rodata            const     0x801'4234    0x44  GSM.o [2]
  .rodata            const     0x801'4278    0x40  system_stm32g0xx.o [3]
  .rodata            const     0x801'42b8    0x3c  MQTT.o [2]
  .text              ro code   0x801'42f4    0x3c  zero_init3.o [7]
  .text              ro code   0x801'4330    0x28  data_init.o [7]
  .rodata            const     0x801'4358    0x24  GSM.o [2]
  .iar.init_table    const     0x801'437c    0x20  - Linker created -
  .rodata            const     0x801'439c    0x20  GSM.o [2]
  .rodata            const     0x801'43bc    0x20  GSM.o [2]
  .rodata            const     0x801'43dc    0x20  system_stm32g0xx.o [3]
  .text              ro code   0x801'43fc    0x1e  cmain.o [7]
  .text              ro code   0x801'441a     0x4  low_level_init.o [5]
  .text              ro code   0x801'441e     0x8  exit.o [5]
  .text              ro code   0x801'4426     0x2  startup_stm32g0b1xx.o [1]
  .text              ro code   0x801'4428     0xa  cexit.o [7]
  .text              ro code   0x801'4432     0x2  startup_stm32g0b1xx.o [1]
  .rodata            const     0x801'4434    0x1c  GSM.o [2]
  .rodata            const     0x801'4450    0x1c  GSM.o [2]
  .rodata            const     0x801'446c    0x1c  GSM.o [2]
  .text              ro code   0x801'4488    0x1c  cstartup_M.o [7]
  .text              ro code   0x801'44a4    0x1c  xsnprout.o [5]
  .rodata            const     0x801'44c0    0x18  GSM.o [2]
  .rodata            const     0x801'44d8    0x18  GSM.o [2]
  .rodata            const     0x801'44f0    0x18  GSM.o [2]
  .rodata            const     0x801'4508    0x18  GSM.o [2]
  .rodata            const     0x801'4520    0x18  GSM.o [2]
  .rodata            const     0x801'4538    0x14  GSM.o [2]
  .rodata            const     0x801'454c    0x14  GSM.o [2]
  .rodata            const     0x801'4560    0x10  GSM.o [2]
  .rodata            const     0x801'4570    0x10  GSM.o [2]
  .rodata            const     0x801'4580    0x10  GSM.o [2]
  .rodata            const     0x801'4590    0x10  GSM.o [2]
  .rodata            const     0x801'45a0    0x10  GSM.o [2]
  .rodata            const     0x801'45b0    0x10  GSM.o [2]
  .rodata            const     0x801'45c0    0x10  GSM.o [2]
  .rodata            const     0x801'45d0    0x10  GSM.o [2]
  .rodata            const     0x801'45e0    0x10  GSM.o [2]
  .rodata            const     0x801'45f0    0x10  GSM.o [2]
  .rodata            const     0x801'4600    0x10  GSM.o [2]
  .rodata            const     0x801'4610    0x10  GSM.o [2]
  .rodata            const     0x801'4620    0x10  GSM.o [2]
  .rodata            const     0x801'4630    0x10  GSM.o [2]
  .rodata            const     0x801'4640    0x10  GSM.o [2]
  .rodata            const     0x801'4650    0x10  GSM.o [2]
  .rodata            const     0x801'4660    0x10  GSM.o [2]
  .rodata            const     0x801'4670    0x10  GSM.o [2]
  .text              ro code   0x801'4680    0x10  startup_stm32g0b1xx.o [1]
  .text              ro code   0x801'4690    0x10  system_stm32g0xx.o [3]
  .rodata            const     0x801'46a0     0xc  GSM.o [2]
  .rodata            const     0x801'46ac     0xc  GSM.o [2]
  .rodata            const     0x801'46b8     0xc  GSM.o [2]
  .rodata            const     0x801'46c4     0xc  GSM.o [2]
  .rodata            const     0x801'46d0     0xc  GSM.o [2]
  .rodata            const     0x801'46dc     0xc  GSM.o [2]
  .rodata            const     0x801'46e8     0xc  GSM.o [2]
  .rodata            const     0x801'46f4     0xc  GSM.o [2]
  .rodata            const     0x801'4700     0xc  GSM.o [2]
  .rodata            const     0x801'470c     0xc  GSM.o [2]
  .rodata            const     0x801'4718     0xc  GSM.o [2]
  .rodata            const     0x801'4724     0xc  GSM.o [2]
  .rodata            const     0x801'4730     0xc  GSM.o [2]
  .rodata            const     0x801'473c     0xc  GSM.o [2]
  .rodata            const     0x801'4748     0xc  GSM.o [2]
  .rodata            const     0x801'4754     0xc  GSM.o [2]
  .rodata            const     0x801'4760     0xc  GSM.o [2]
  .rodata            const     0x801'476c     0xc  GSM.o [2]
  .rodata            const     0x801'4778     0xc  GSM.o [2]
  .rodata            const     0x801'4784     0xc  GSM.o [2]
  .rodata            const     0x801'4790     0xc  GSM.o [2]
  .rodata            const     0x801'479c     0xc  GSM.o [2]
  .rodata            const     0x801'47a8     0xc  GSM.o [2]
  .rodata            const     0x801'47b4     0xc  GSM.o [2]
  .rodata            const     0x801'47c0     0xc  GSM.o [2]
  .rodata            const     0x801'47cc     0xc  GSM.o [2]
  .rodata            const     0x801'47d8     0xc  GSM.o [2]
  .rodata            const     0x801'47e4     0xc  GSM.o [2]
  .rodata            const     0x801'47f0     0xc  GSM.o [2]
  .rodata            const     0x801'47fc     0xc  GSM.o [2]
  .rodata            const     0x801'4808     0xc  GSM.o [2]
  .rodata            const     0x801'4814     0xc  GSM.o [2]
  .rodata            const     0x801'4820     0xc  GSM.o [2]
  .rodata            const     0x801'482c     0xc  GSM.o [2]
  .rodata            const     0x801'4838     0xc  GSM.o [2]
  .rodata            const     0x801'4844     0xc  GSM.o [2]
  .rodata            const     0x801'4850     0xc  GSM.o [2]
  .rodata            const     0x801'485c     0xc  GSM.o [2]
  .rodata            const     0x801'4868     0xc  GSM.o [2]
  .rodata            const     0x801'4874     0xc  GSM.o [2]
  .rodata            const     0x801'4880     0xc  GSM.o [2]
  .rodata            const     0x801'488c     0xc  GSM.o [2]
  .rodata            const     0x801'4898     0xc  GSM.o [2]
  .rodata            const     0x801'48a4     0xc  GSM.o [2]
  .rodata            const     0x801'48b0     0xc  GSM.o [2]
  .rodata            const     0x801'48bc     0xc  GSM.o [2]
  .rodata            const     0x801'48c8     0xc  GSM.o [2]
  .rodata            const     0x801'48d4     0xc  GSM.o [2]
  .rodata            const     0x801'48e0     0xc  GSM.o [2]
  .rodata            const     0x801'48ec     0x8  GSM.o [2]
  .rodata            const     0x801'48f4     0x8  GSM.o [2]
  .rodata            const     0x801'48fc     0x8  GSM.o [2]
  .rodata            const     0x801'4904     0x8  GSM.o [2]
  .rodata            const     0x801'490c     0x8  GSM.o [2]
  .rodata            const     0x801'4914     0x8  GSM.o [2]
  .rodata            const     0x801'491c     0x8  GSM.o [2]
  .rodata            const     0x801'4924     0x8  GSM.o [2]
  .rodata            const     0x801'492c     0x8  GSM.o [2]
  .rodata            const     0x801'4934     0x8  GSM.o [2]
  .rodata            const     0x801'493c     0x8  GSM.o [2]
  .rodata            const     0x801'4944     0x8  GSM.o [2]
  .rodata            const     0x801'494c     0x8  GSM.o [2]
  .rodata            const     0x801'4954     0x8  GSM.o [2]
  .rodata            const     0x801'495c     0x8  GSM.o [2]
  .rodata            const     0x801'4964     0x8  GSM.o [2]
  .rodata            const     0x801'496c     0x8  GSM.o [2]
  .rodata            const     0x801'4974     0x8  GSM.o [2]
  .rodata            const     0x801'497c     0x8  GSM.o [2]
  .rodata            const     0x801'4984     0x8  GSM.o [2]
  .rodata            const     0x801'498c     0x4  GEN.o [2]
  .rodata            const     0x801'4990     0x4  GEN.o [2]
  .rodata            const     0x801'4994     0x4  GEN.o [2]
  .rodata            const     0x801'4998     0x4  GSM.o [2]
  .rodata            const     0x801'499c     0x4  GSM.o [2]
  .rodata            const     0x801'49a0     0x4  GSM.o [2]
  .rodata            const     0x801'49a4     0x4  GSM.o [2]
  .text              ro code   0x801'49a8     0x2  startup_stm32g0b1xx.o [1]
  .text              ro code   0x801'49aa     0x2  startup_stm32g0b1xx.o [1]
  .text              ro code   0x801'49ac     0x2  startup_stm32g0b1xx.o [1]
  .text              ro code   0x801'49ae     0x2  startup_stm32g0b1xx.o [1]
  .text              ro code   0x801'49b0     0x2  startup_stm32g0b1xx.o [1]
  .rodata            const     0x801'49b2     0x1  xlocale_c.o [5]
  .rodata            const     0x801'49b3     0x0  zero_init3.o [7]
  .rodata            const     0x801'49b3     0x0  lz77_init_single.o [7]
  Initializer bytes  const     0x801'49b3   0x197  <for P2-1>
                             - 0x801'4b4a  0x9a8e

"P2", part 1 of 3:                          0x678
  P2-1                        0x2000'0000   0x678  <Init block>
    .data            inited   0x2000'0000   0x434  APP.o [2]
    .data            inited   0x2000'0434     0xc  GEN.o [2]
    .data            inited   0x2000'0440    0xfc  GSM.o [2]
    .data            inited   0x2000'053c    0xac  GSM.o [2]
    .data            inited   0x2000'05e8     0xc  stm32g0xx_hal.o [4]
    .data            inited   0x2000'05f4     0x4  system_stm32g0xx.o [3]
    .data            inited   0x2000'05f8    0x38  xlocale_c.o [5]
    .data            inited   0x2000'0630    0x48  xlocale_c.o [5]
                            - 0x2000'0678   0x678

"P2", part 2 of 3:                          0xfe4
  .bss               zero     0x2000'0678   0x890  GSM.o [2]
  .bss               zero     0x2000'0f08   0x1f4  APP.o [2]
  .bss               zero     0x2000'10fc    0x94  COMM.o [2]
  .bss               zero     0x2000'1190    0x94  COMM.o [2]
  .bss               zero     0x2000'1224    0x90  CAN.o [2]
  .bss               zero     0x2000'12b4    0x7c  CAN.o [2]
  .bss               zero     0x2000'1330    0x68  ODO.o [2]
  .bss               zero     0x2000'1398    0x64  BATT.o [2]
  .bss               zero     0x2000'13fc    0x64  CAN.o [2]
  .bss               zero     0x2000'1460    0x60  BATT.o [2]
  .bss               zero     0x2000'14c0    0x5c  GPS.o [2]
  .bss               zero     0x2000'151c    0x54  COMM.o [2]
  .bss               zero     0x2000'1570    0x4c  COMM.o [2]
  .bss               zero     0x2000'15bc    0x14  BATT.o [2]
  .bss               zero     0x2000'15d0    0x40  APP.o [2]
  .bss               zero     0x2000'1610    0x30  CAN.o [2]
  .bss               zero     0x2000'1640     0xc  COMM.o [2]
  .bss               zero     0x2000'164c     0x4  FTP.o [2]
  .bss               zero     0x2000'1650     0x4  GSM.o [2]
  .bss               zero     0x2000'1654     0x4  strtok.o [5]
  .bss               zero     0x2000'1658     0x4  xfail_s.o [5]
                            - 0x2000'165c   0xfe4

"P2", part 3 of 3:                          0x400
  CSTACK                      0x2000'1660   0x400  <Block>
    CSTACK           uninit   0x2000'1660   0x400  <Block tail>
                            - 0x2000'1a60   0x400

Unused ranges:

         From           To      Size
         ----           --      ----
   0x800'0000   0x800'afff    0xb000
   0x801'4b4a   0x803'ffff  0x2'b4b6
  0x2000'165c  0x2000'165f       0x4
  0x2000'1a60  0x2002'3fff  0x2'25a0


*******************************************************************************
*** INIT TABLE
***

          Address      Size
          -------      ----
Zero (__iar_zero_init3)
    1 destination range, total size 0xfe4:
          0x2000'0678  0xfe4

Copy/lz77 (__iar_lz77_init_single3)
    1 source range, total size 0x197 (24% of destination):
           0x801'49b3  0x197
    1 destination range, total size 0x678:
          0x2000'0000  0x678



*******************************************************************************
*** MODULE SUMMARY
***

    Module                   ro code  ro data  rw data
    ------                   -------  -------  -------
command line/config:
    --------------------------------------------------
    Total:

D:\BZ\PROJECTS\Embedded Firmware\BZ\Standalone_IoT\Firmware\Standalone_IOT\Standalone_IOT (MQTT with BL)\MainProg\EWARM\standalone_IoT-ver_1.0\Obj\Application\EWARM: [1]
    startup_stm32g0b1xx.o        250
    --------------------------------------------------
    Total:                       250

D:\BZ\PROJECTS\Embedded Firmware\BZ\Standalone_IoT\Firmware\Standalone_IOT\Standalone_IOT (MQTT with BL)\MainProg\EWARM\standalone_IoT-ver_1.0\Obj\Application\User\Core: [2]
    APP.o                      1'210      264    1'640
    BATT.o                       408               216
    CAN.o                      1'492               416
    COMM.o                       384               468
    CONFIG_EEPROM.o              640      252
    E2PROM_I2C.o                 384
    FTP.o                        220                 4
    GEN.o                        968      387       12
    GPS.o                        668                92
    GSM.o                      3'204    1'570    2'620
    MQTT.o                     1'224       60
    ODO.o                        304               104
    UTL.o                         78
    stm32g0xx_hal_msp.o          896
    stm32g0xx_it.o               300
    --------------------------------------------------
    Total:                    12'380    2'533    5'572

D:\BZ\PROJECTS\Embedded Firmware\BZ\Standalone_IoT\Firmware\Standalone_IOT\Standalone_IOT (MQTT with BL)\MainProg\EWARM\standalone_IoT-ver_1.0\Obj\Drivers\CMSIS: [3]
    system_stm32g0xx.o            16       97        4
    --------------------------------------------------
    Total:                        16       97        4

D:\BZ\PROJECTS\Embedded Firmware\BZ\Standalone_IoT\Firmware\Standalone_IOT\Standalone_IOT (MQTT with BL)\MainProg\EWARM\standalone_IoT-ver_1.0\Obj\Drivers\STM32G0xx_HAL_Driver: [4]
    stm32g0xx_hal.o              208        3       12
    stm32g0xx_hal_adc.o        1'764
    stm32g0xx_hal_cortex.o       172
    stm32g0xx_hal_dma.o        1'040
    stm32g0xx_hal_fdcan.o      1'790
    stm32g0xx_hal_gpio.o         736
    stm32g0xx_hal_i2c.o        3'440
    stm32g0xx_hal_i2c_ex.o       140
    stm32g0xx_hal_iwdg.o         108
    stm32g0xx_hal_pwr_ex.o        76
    stm32g0xx_hal_rcc.o        1'624
    stm32g0xx_hal_rcc_ex.o       676
    stm32g0xx_hal_tim.o          370
    stm32g0xx_hal_tim_ex.o         6
    stm32g0xx_hal_uart.o       4'176
    stm32g0xx_hal_uart_ex.o      286
    --------------------------------------------------
    Total:                    16'612        3       12

dl6M_tlf.a: [5]
    abort.o                       10
    exit.o                         8
    iar_Stoulx.o                 356       80
    isspace.o                     18
    low_level_init.o               4
    snprintf.o                    76
    sprintf.o                     64
    strcspn.o                     36
    strncmp.o                     46
    strspn.o                      36
    strstr.o                      46
    strtok.o                      76                 4
    tolower.o                     18
    xfail_s.o                     72                 4
    xlocale_c.o                   64       37      128
    xprintffull_nomb.o         3'918      106
    xsnprout.o                    28
    xsprout.o                     10
    --------------------------------------------------
    Total:                     4'886      223      136

m6M_tl.a: [6]
    DblAddSub.o                  424
    DblCmpGe.o                    50
    DblCmpLe.o                    50
    DblDiv.o                     194
    DblMul.o                     388
    DblToI32.o                    82
    FltDiv.o                     164
    FltMul.o                     176
    FltToDbl.o                    50
    FltToS32.o                    58
    IxxToDbl.o                    52
    IxxToFlt.o                    32
    frexp.o                       42
    ldexp.o                      112
    --------------------------------------------------
    Total:                     1'874

rt6M_tl.a: [7]
    ABImemcpy.o                   78
    ABImemset_small.o             16
    I32DivMod.o                   94
    I64DivMod.o                  124
    I64DivZer.o                    2
    IntDivZer.o                    2
    cexit.o                       10
    cmain.o                       30
    cstartup_M.o                  28
    data_init.o                   40
    lz77_init_single.o           128
    memchr.o                      22
    memset.o                      20
    setjmp.o                      30
    strchr.o                      18
    strcmp_small.o                20
    strcpy_small.o                16
    strlen.o                      14
    strncpy_small.o               34
    uread4.o                      22
    uwrite4.o                     20
    zero_init3.o                  60
    --------------------------------------------------
    Total:                       828

shb_l.a: [8]
    exit.o                        20
    --------------------------------------------------
    Total:                        20

    Linker created                         32    1'024
------------------------------------------------------
    Grand Total:              36'866    2'888    6'748


*******************************************************************************
*** ENTRY LIST
***

Entry                       Address   Size  Type      Object
-----                       -------   ----  ----      ------
.iar.init_table$$Base    0x801'437c          --   Gb  - Linker created -
.iar.init_table$$Limit   0x801'439c          --   Gb  - Linker created -
?main                    0x801'43fd         Code  Gb  cmain.o [7]
ADC1_COMP_IRQHandler     0x801'34e7         Code  Wk  startup_stm32g0b1xx.o [1]
ADC_DMAConvCplt          0x801'0ad3   0x7c  Code  Lc  stm32g0xx_hal_adc.o [4]
ADC_DMAError             0x801'0b73   0x1a  Code  Lc  stm32g0xx_hal_adc.o [4]
ADC_DMAHalfConvCplt      0x801'0b69    0xa  Code  Lc  stm32g0xx_hal_adc.o [4]
ADC_Enable               0x801'0a3d   0x96  Code  Gb  stm32g0xx_hal_adc.o [4]
AHBPrescTable            0x801'4278   0x40  Data  Gb  system_stm32g0xx.o [3]
APBPrescTable            0x801'43dc   0x20  Data  Gb  system_stm32g0xx.o [3]
APPCONFIG               0x2000'03e0   0x54  Data  Gb  APP.o [2]
APPStatus               0x2000'0000   0x10  Data  Gb  APP.o [2]
BATTData                0x2000'15c0   0x10  Data  Gb  BATT.o [2]
BATTStatus              0x2000'15bc    0x2  Data  Gb  BATT.o [2]
CANData                 0x2000'1224   0x90  Data  Gb  CAN.o [2]
CANStatus               0x2000'12bc    0x8  Data  Gb  CAN.o [2]
CEC_IRQHandler           0x801'49b1         Code  Wk  startup_stm32g0b1xx.o [1]
CELLData                0x2000'1610   0x30  Data  Gb  CAN.o [2]
CONFIG                   0x801'3ffc   0x6c  Data  Gb  CONFIG_EEPROM.o [2]
CSTACK$$Base            0x2000'1660          --   Gb  - Linker created -
CSTACK$$Limit           0x2000'1a60          --   Gb  - Linker created -
DLCtoBytes               0x801'1efc   0x10  Data  Lc  stm32g0xx_hal_fdcan.o [4]
DMA1_Ch4_7_DMA2_Ch1_5_DMAMUX1_OVR_IRQHandler
                         0x801'24ef         Code  Wk  startup_stm32g0b1xx.o [1]
DMA1_Channel1_IRQHandler
                         0x801'3f59    0xa  Code  Gb  stm32g0xx_it.o [2]
DMA1_Channel2_3_IRQHandler
                         0x801'247f         Code  Wk  startup_stm32g0b1xx.o [1]
DMA_CalcDMAMUXChannelBaseAndMask
                         0x800'c819   0x46  Code  Lc  stm32g0xx_hal_dma.o [4]
DMA_CalcDMAMUXRequestGenBaseAndMask
                         0x800'c85f   0x20  Code  Lc  stm32g0xx_hal_dma.o [4]
DMA_SetConfig            0x800'c7df   0x3a  Code  Lc  stm32g0xx_hal_dma.o [4]
EEPROMCONFIG             0x801'4068   0x90  Data  Gb  CONFIG_EEPROM.o [2]
EXTI0_1_IRQHandler       0x801'21f3         Code  Wk  startup_stm32g0b1xx.o [1]
EXTI2_3_IRQHandler       0x801'3f45    0xa  Code  Gb  stm32g0xx_it.o [2]
EXTI4_15_IRQHandler      0x801'3f4f    0xa  Code  Gb  stm32g0xx_it.o [2]
Error_Handler            0x800'd91d    0x2  Code  Gb  APP.o [2]
FLASH_IRQHandler         0x801'0c97         Code  Wk  startup_stm32g0b1xx.o [1]
FTPData                 0x2000'164c    0x4  Data  Gb  FTP.o [2]
GPSData                 0x2000'14c0   0x5c  Data  Gb  GPS.o [2]
GSMData                 0x2000'0678  0x890  Data  Gb  GSM.o [2]
GSMStatus               0x2000'1650    0x4  Data  Gb  GSM.o [2]
HAL_ADC_ConfigChannel    0x801'07a9  0x262  Code  Gb  stm32g0xx_hal_adc.o [4]
HAL_ADC_ConvCpltCallback
                         0x800'df7f   0x30  Code  Gb  BATT.o [2]
HAL_ADC_ConvHalfCpltCallback
                         0x801'2553    0x2  Code  Wk  stm32g0xx_hal_adc.o [4]
HAL_ADC_ErrorCallback    0x801'2551    0x2  Code  Wk  stm32g0xx_hal_adc.o [4]
HAL_ADC_Init             0x801'04d3  0x1fe  Code  Gb  stm32g0xx_hal_adc.o [4]
HAL_ADC_MspInit          0x800'c139   0xc6  Code  Gb  stm32g0xx_hal_msp.o [2]
HAL_ADC_Start_DMA        0x801'06f5   0x9e  Code  Gb  stm32g0xx_hal_adc.o [4]
HAL_DMA_Abort            0x800'c5e3   0x72  Code  Gb  stm32g0xx_hal_dma.o [4]
HAL_DMA_Abort_IT         0x800'c659   0x72  Code  Gb  stm32g0xx_hal_dma.o [4]
HAL_DMA_GetState         0x800'c7d9    0x6  Code  Gb  stm32g0xx_hal_dma.o [4]
HAL_DMA_IRQHandler       0x800'c6e1   0xf0  Code  Gb  stm32g0xx_hal_dma.o [4]
HAL_DMA_Init             0x800'c495   0xb8  Code  Gb  stm32g0xx_hal_dma.o [4]
HAL_DMA_Start_IT         0x800'c555   0x8e  Code  Gb  stm32g0xx_hal_dma.o [4]
HAL_Delay                0x801'0425   0x28  Code  Wk  stm32g0xx_hal.o [4]
HAL_FDCAN_ActivateNotification
                         0x801'1f0d  0x110  Code  Gb  stm32g0xx_hal_fdcan.o [4]
HAL_FDCAN_AddMessageToTxFifoQ
                         0x801'1d2d   0xb4  Code  Gb  stm32g0xx_hal_fdcan.o [4]
HAL_FDCAN_ConfigFilter   0x801'1c81   0x50  Code  Gb  stm32g0xx_hal_fdcan.o [4]
HAL_FDCAN_ErrorCallback
                         0x801'2573    0x2  Code  Wk  stm32g0xx_hal_fdcan.o [4]
HAL_FDCAN_ErrorStatusCallback
                         0x801'2571    0x2  Code  Wk  stm32g0xx_hal_fdcan.o [4]
HAL_FDCAN_GetRxMessage   0x801'1de1  0x11c  Code  Gb  stm32g0xx_hal_fdcan.o [4]
HAL_FDCAN_HighPriorityMessageCallback
                         0x801'2561    0x2  Code  Wk  stm32g0xx_hal_fdcan.o [4]
HAL_FDCAN_IRQHandler     0x801'201d  0x156  Code  Gb  stm32g0xx_hal_fdcan.o [4]
HAL_FDCAN_Init           0x801'1a89  0x1f8  Code  Gb  stm32g0xx_hal_fdcan.o [4]
HAL_FDCAN_MspInit        0x800'c1ff   0x9c  Code  Gb  stm32g0xx_hal_msp.o [2]
HAL_FDCAN_RxFifo0Callback
                         0x800'e489   0x22  Code  Gb  CAN.o [2]
HAL_FDCAN_RxFifo1Callback
                         0x801'2567    0x2  Code  Wk  stm32g0xx_hal_fdcan.o [4]
HAL_FDCAN_Start          0x801'1d01   0x2c  Code  Gb  stm32g0xx_hal_fdcan.o [4]
HAL_FDCAN_TimeoutOccurredCallback
                         0x801'256f    0x2  Code  Wk  stm32g0xx_hal_fdcan.o [4]
HAL_FDCAN_TimestampWraparoundCallback
                         0x801'256d    0x2  Code  Wk  stm32g0xx_hal_fdcan.o [4]
HAL_FDCAN_TxBufferAbortCallback
                         0x801'2563    0x2  Code  Wk  stm32g0xx_hal_fdcan.o [4]
HAL_FDCAN_TxBufferCompleteCallback
                         0x801'256b    0x2  Code  Wk  stm32g0xx_hal_fdcan.o [4]
HAL_FDCAN_TxEventFifoCallback
                         0x801'2565    0x2  Code  Wk  stm32g0xx_hal_fdcan.o [4]
HAL_FDCAN_TxFifoEmptyCallback
                         0x801'2569    0x2  Code  Wk  stm32g0xx_hal_fdcan.o [4]
HAL_GPIO_DeInit          0x800'da8d  0x104  Code  Gb  stm32g0xx_hal_gpio.o [4]
HAL_GPIO_EXTI_Falling_Callback
                         0x800'd7cb    0xc  Code  Gb  APP.o [2]
HAL_GPIO_EXTI_IRQHandler
                         0x800'dbb9   0x26  Code  Gb  stm32g0xx_hal_gpio.o [4]
HAL_GPIO_EXTI_Rising_Callback
                         0x800'd7bd    0xe  Code  Gb  APP.o [2]
HAL_GPIO_Init            0x800'd921  0x16c  Code  Gb  stm32g0xx_hal_gpio.o [4]
HAL_GPIO_ReadPin         0x800'db91    0xc  Code  Gb  stm32g0xx_hal_gpio.o [4]
HAL_GPIO_TogglePin       0x800'dba9   0x10  Code  Gb  stm32g0xx_hal_gpio.o [4]
HAL_GPIO_WritePin        0x800'db9d    0xc  Code  Gb  stm32g0xx_hal_gpio.o [4]
HAL_GetTick              0x800'c489    0xc  Code  Wk  stm32g0xx_hal.o [4]
HAL_I2CEx_ConfigAnalogFilter
                         0x801'19fd   0x3a  Code  Gb  stm32g0xx_hal_i2c_ex.o [4]
HAL_I2CEx_ConfigDigitalFilter
                         0x801'1a37   0x36  Code  Gb  stm32g0xx_hal_i2c_ex.o [4]
HAL_I2C_AbortCpltCallback
                         0x801'255d    0x2  Code  Wk  stm32g0xx_hal_i2c.o [4]
HAL_I2C_AddrCallback     0x801'2555    0x2  Code  Wk  stm32g0xx_hal_i2c.o [4]
HAL_I2C_ER_IRQHandler    0x801'1109   0x5a  Code  Gb  stm32g0xx_hal_i2c.o [4]
HAL_I2C_EV_IRQHandler    0x801'10f5   0x14  Code  Gb  stm32g0xx_hal_i2c.o [4]
HAL_I2C_ErrorCallback    0x801'255f    0x2  Code  Wk  stm32g0xx_hal_i2c.o [4]
HAL_I2C_Init             0x801'0c99   0xb2  Code  Gb  stm32g0xx_hal_i2c.o [4]
HAL_I2C_ListenCpltCallback
                         0x801'255b    0x2  Code  Wk  stm32g0xx_hal_i2c.o [4]
HAL_I2C_Mem_Read         0x801'0f21  0x1c4  Code  Gb  stm32g0xx_hal_i2c.o [4]
HAL_I2C_Mem_Write        0x801'0d5d  0x1c4  Code  Gb  stm32g0xx_hal_i2c.o [4]
HAL_I2C_MspInit          0x800'c29b   0x88  Code  Gb  stm32g0xx_hal_msp.o [2]
HAL_I2C_SlaveRxCpltCallback
                         0x801'2559    0x2  Code  Wk  stm32g0xx_hal_i2c.o [4]
HAL_I2C_SlaveTxCpltCallback
                         0x801'2557    0x2  Code  Wk  stm32g0xx_hal_i2c.o [4]
HAL_IWDG_Init            0x800'e011   0x56  Code  Gb  stm32g0xx_hal_iwdg.o [4]
HAL_IWDG_Refresh         0x800'e067    0xa  Code  Gb  stm32g0xx_hal_iwdg.o [4]
HAL_IncTick              0x801'3fed   0x10  Code  Wk  stm32g0xx_hal.o [4]
HAL_Init                 0x800'd16d   0x24  Code  Gb  stm32g0xx_hal.o [4]
HAL_InitTick             0x800'de15   0x4c  Code  Wk  stm32g0xx_hal.o [4]
HAL_MspInit              0x800'c109   0x30  Code  Gb  stm32g0xx_hal_msp.o [2]
HAL_NVIC_DisableIRQ      0x800'dc57   0x1a  Code  Gb  stm32g0xx_hal_cortex.o [4]
HAL_NVIC_EnableIRQ       0x800'dc45   0x12  Code  Gb  stm32g0xx_hal_cortex.o [4]
HAL_NVIC_SetPriority     0x800'dc3b    0x8  Code  Gb  stm32g0xx_hal_cortex.o [4]
HAL_PWREx_ControlVoltageScaling
                         0x801'044d   0x3a  Code  Gb  stm32g0xx_hal_pwr_ex.o [4]
HAL_RCCEx_PeriphCLKConfig
                         0x800'd1c1  0x26e  Code  Gb  stm32g0xx_hal_rcc_ex.o [4]
HAL_RCC_ClockConfig      0x800'ce61  0x14e  Code  Gb  stm32g0xx_hal_rcc.o [4]
HAL_RCC_GetHCLKFreq      0x800'd03f    0x6  Code  Gb  stm32g0xx_hal_rcc.o [4]
HAL_RCC_GetPCLK1Freq     0x800'd045   0x1a  Code  Gb  stm32g0xx_hal_rcc.o [4]
HAL_RCC_GetSysClockFreq
                         0x800'cfbd   0x82  Code  Gb  stm32g0xx_hal_rcc.o [4]
HAL_RCC_OscConfig        0x800'ca39  0x418  Code  Gb  stm32g0xx_hal_rcc.o [4]
HAL_SYSCFG_StrobeDBattpinsConfig
                         0x800'd191    0xe  Code  Gb  stm32g0xx_hal.o [4]
HAL_SYSTICK_Config       0x800'dc71   0x28  Code  Gb  stm32g0xx_hal_cortex.o [4]
HAL_TIMEx_Break2Callback
                         0x801'3e9b    0x2  Code  Wk  stm32g0xx_hal_tim_ex.o [4]
HAL_TIMEx_BreakCallback
                         0x801'3e99    0x2  Code  Wk  stm32g0xx_hal_tim_ex.o [4]
HAL_TIMEx_CommutCallback
                         0x801'3e9f    0x2  Code  Wk  stm32g0xx_hal_tim_ex.o [4]
HAL_TIM_IC_CaptureCallback
                         0x801'3e91    0x2  Code  Wk  stm32g0xx_hal_tim.o [4]
HAL_TIM_IRQHandler       0x801'3d29  0x160  Code  Gb  stm32g0xx_hal_tim.o [4]
HAL_TIM_OC_DelayElapsedCallback
                         0x801'3e93    0x2  Code  Wk  stm32g0xx_hal_tim.o [4]
HAL_TIM_PWM_PulseFinishedCallback
                         0x801'3e95    0x2  Code  Wk  stm32g0xx_hal_tim.o [4]
HAL_TIM_PeriodElapsedCallback
                         0x801'3e97    0x2  Code  Wk  stm32g0xx_hal_tim.o [4]
HAL_TIM_TriggerCallback
                         0x801'3e9d    0x2  Code  Wk  stm32g0xx_hal_tim.o [4]
HAL_UARTEx_DisableFifoMode
                         0x800'dcad   0x3a  Code  Gb  stm32g0xx_hal_uart_ex.o [4]
HAL_UARTEx_RxEventCallback
                         0x800'ca25    0x2  Code  Wk  stm32g0xx_hal_uart.o [4]
HAL_UARTEx_RxFifoFullCallback
                         0x800'ca2d    0x2  Code  Wk  stm32g0xx_hal_uart_ex.o [4]
HAL_UARTEx_SetRxFifoThreshold
                         0x800'dd19   0x30  Code  Gb  stm32g0xx_hal_uart_ex.o [4]
HAL_UARTEx_SetTxFifoThreshold
                         0x800'dce7   0x32  Code  Gb  stm32g0xx_hal_uart_ex.o [4]
HAL_UARTEx_TxFifoEmptyCallback
                         0x800'ca2b    0x2  Code  Wk  stm32g0xx_hal_uart_ex.o [4]
HAL_UARTEx_WakeupCallback
                         0x800'ca27    0x2  Code  Wk  stm32g0xx_hal_uart_ex.o [4]
HAL_UART_ErrorCallback   0x800'c9dd   0x1c  Code  Gb  COMM.o [2]
HAL_UART_IRQHandler      0x800'b271  0x2fe  Code  Gb  stm32g0xx_hal_uart.o [4]
HAL_UART_Init            0x800'b0bd   0x66  Code  Gb  stm32g0xx_hal_uart.o [4]
HAL_UART_MspDeInit       0x800'c423   0x44  Code  Gb  stm32g0xx_hal_msp.o [2]
HAL_UART_MspInit         0x800'c341   0xe2  Code  Gb  stm32g0xx_hal_msp.o [2]
HAL_UART_Receive_IT      0x800'b203   0x66  Code  Gb  stm32g0xx_hal_uart.o [4]
HAL_UART_RxCpltCallback
                         0x800'c955   0x88  Code  Gb  COMM.o [2]
HAL_UART_Transmit        0x800'b129   0xda  Code  Gb  stm32g0xx_hal_uart.o [4]
HAL_UART_TxCpltCallback
                         0x800'ca29    0x2  Code  Wk  stm32g0xx_hal_uart.o [4]
HardFault_Handler        0x801'3ea5    0x2  Code  Gb  stm32g0xx_it.o [2]
I2C1_IRQHandler          0x801'3f77   0x1c  Code  Gb  stm32g0xx_it.o [2]
I2C2_3_IRQHandler        0x801'49a9         Code  Wk  startup_stm32g0b1xx.o [1]
I2C_DMAAbort             0x801'171d   0x1c  Code  Lc  stm32g0xx_hal_i2c.o [4]
I2C_Disable_IRQ          0x801'1999   0x64  Code  Lc  stm32g0xx_hal_i2c.o [4]
I2C_Flush_TXDR           0x801'16eb   0x1c  Code  Lc  stm32g0xx_hal_i2c.o [4]
I2C_ITAddrCplt           0x801'1295   0x9a  Code  Lc  stm32g0xx_hal_i2c.o [4]
I2C_ITError              0x801'15b5   0xfe  Code  Lc  stm32g0xx_hal_i2c.o [4]
I2C_ITListenCplt         0x801'1549   0x5e  Code  Lc  stm32g0xx_hal_i2c.o [4]
I2C_ITSlaveCplt          0x801'1395  0x1aa  Code  Lc  stm32g0xx_hal_i2c.o [4]
I2C_ITSlaveSeqCplt       0x801'132f   0x66  Code  Lc  stm32g0xx_hal_i2c.o [4]
I2C_IsErrorOccurred      0x801'1869  0x100  Code  Lc  stm32g0xx_hal_i2c.o [4]
I2C_Slave_ISR_IT         0x801'1163  0x122  Code  Lc  stm32g0xx_hal_i2c.o [4]
I2C_TransferConfig       0x801'1969   0x26  Code  Lc  stm32g0xx_hal_i2c.o [4]
I2C_TreatErrorCallback   0x801'16bd   0x2e  Code  Lc  stm32g0xx_hal_i2c.o [4]
I2C_WaitOnFlagUntilTimeout
                         0x801'1739   0x7c  Code  Lc  stm32g0xx_hal_i2c.o [4]
I2C_WaitOnSTOPFlagUntilTimeout
                         0x801'1815   0x54  Code  Lc  stm32g0xx_hal_i2c.o [4]
I2C_WaitOnTXISFlagUntilTimeout
                         0x801'17b5   0x60  Code  Lc  stm32g0xx_hal_i2c.o [4]
LL_ADC_REG_IsTriggerSourceSWStart
                         0x801'04c3   0x10  Code  Lc  stm32g0xx_hal_adc.o [4]
LL_ADC_SetSamplingTimeCommonChannels
                         0x801'04ad   0x16  Code  Lc  stm32g0xx_hal_adc.o [4]
MX_I2C1_Init             0x800'e0c7   0x4e  Code  Gb  E2PROM_I2C.o [2]
NMI_Handler              0x801'3ea1    0x2  Code  Gb  stm32g0xx_it.o [2]
ODOData                 0x2000'1330   0x68  Data  Gb  ODO.o [2]
PVD_VDDIO2_IRQHandler    0x801'0347         Code  Wk  startup_stm32g0b1xx.o [1]
PendSV_Handler           0x801'3eb3    0x2  Code  Gb  stm32g0xx_it.o [2]
RCC_CRS_IRQHandler       0x801'2173         Code  Wk  startup_stm32g0b1xx.o [1]
RTC_TAMP_IRQHandler      0x801'04ab         Code  Wk  startup_stm32g0b1xx.o [1]
Region$$Table$$Base      0x801'437c          --   Gb  - Linker created -
Region$$Table$$Limit     0x801'439c          --   Gb  - Linker created -
Reset_Handler            0x801'4681         Code  Wk  startup_stm32g0b1xx.o [1]
RxHeader                0x2000'1300   0x28  Data  Gb  CAN.o [2]
SPI1_IRQHandler          0x801'49ab         Code  Wk  startup_stm32g0b1xx.o [1]
SPI2_3_IRQHandler        0x801'49ad         Code  Wk  startup_stm32g0b1xx.o [1]
SVC_Handler              0x801'3eb1    0x2  Code  Gb  stm32g0xx_it.o [2]
SendDataOverMQTT_Exe     0x800'd7e9   0x62  Code  Gb  APP.o [2]
SysTick_Handler          0x801'3eb5   0x90  Code  Gb  stm32g0xx_it.o [2]
SystemClock_Config       0x800'd879   0x78  Code  Gb  APP.o [2]
SystemCoreClock         0x2000'05f4    0x4  Data  Gb  system_stm32g0xx.o [3]
SystemInit               0x801'4691    0x8  Code  Gb  system_stm32g0xx.o [3]
TIM14_IRQHandler         0x801'4427         Code  Wk  startup_stm32g0b1xx.o [1]
TIM15_IRQHandler         0x801'4433         Code  Wk  startup_stm32g0b1xx.o [1]
TIM16_FDCAN_IT0_IRQHandler
                         0x801'3f63    0xa  Code  Gb  stm32g0xx_it.o [2]
TIM17_FDCAN_IT1_IRQHandler
                         0x801'3f6d    0x2  Code  Gb  stm32g0xx_it.o [2]
TIM1_BRK_UP_TRG_COM_IRQHandler
                         0x801'3547         Code  Wk  startup_stm32g0b1xx.o [1]
TIM1_CC_IRQHandler       0x801'372f         Code  Wk  startup_stm32g0b1xx.o [1]
TIM2_IRQHandler          0x801'3b53         Code  Wk  startup_stm32g0b1xx.o [1]
TIM3_TIM4_IRQHandler     0x801'3b9f         Code  Wk  startup_stm32g0b1xx.o [1]
TIM6_DAC_LPTIM1_IRQHandler
                         0x801'3feb         Code  Wk  startup_stm32g0b1xx.o [1]
TIM7_LPTIM2_IRQHandler   0x801'41e3         Code  Wk  startup_stm32g0b1xx.o [1]
TIMERData               0x2000'0014   0x38  Data  Gb  APP.o [2]
TxHeader                0x2000'12c4   0x24  Data  Gb  CAN.o [2]
UARTData                0x2000'1640    0xc  Data  Gb  COMM.o [2]
UARTEx_SetNbDataToProcess
                         0x800'dd69   0x4a  Code  Lc  stm32g0xx_hal_uart_ex.o [4]
UARTEx_SetNbDataToProcess::denominator
                         0x800'ddbc    0x8  Data  Lc  stm32g0xx_hal_uart_ex.o [4]
UARTEx_SetNbDataToProcess::numerator
                         0x800'ddb4    0x8  Data  Lc  stm32g0xx_hal_uart_ex.o [4]
UARTPrescTable           0x800'b804   0x18  Data  Gb  stm32g0xx_hal_uart.o [4]
UART_AdvFeatureConfig    0x800'b81d   0xc8  Code  Gb  stm32g0xx_hal_uart.o [4]
UART_CheckIdleState      0x800'b8f1   0xae  Code  Gb  stm32g0xx_hal_uart.o [4]
UART_DMAAbortOnError     0x800'bc11   0x14  Code  Lc  stm32g0xx_hal_uart.o [4]
UART_EndRxTransfer       0x800'bb95   0x5e  Code  Lc  stm32g0xx_hal_uart.o [4]
UART_RxISR_16BIT         0x800'bccd   0xa8  Code  Lc  stm32g0xx_hal_uart.o [4]
UART_RxISR_16BIT_FIFOEN
                         0x800'bf41  0x18a  Code  Lc  stm32g0xx_hal_uart.o [4]
UART_RxISR_8BIT          0x800'bc25   0xa8  Code  Lc  stm32g0xx_hal_uart.o [4]
UART_RxISR_8BIT_FIFOEN   0x800'bda7  0x188  Code  Lc  stm32g0xx_hal_uart.o [4]
UART_SetConfig           0x800'b58d  0x24e  Code  Gb  stm32g0xx_hal_uart.o [4]
UART_Start_Receive_IT    0x800'ba67  0x116  Code  Gb  stm32g0xx_hal_uart.o [4]
UART_WaitOnFlagUntilTimeout
                         0x800'b9c5   0xa2  Code  Gb  stm32g0xx_hal_uart.o [4]
USART1_IRQHandler        0x801'3f93    0xa  Code  Gb  stm32g0xx_it.o [2]
USART2_LPUART2_IRQHandler
                         0x801'49af         Code  Wk  startup_stm32g0b1xx.o [1]
USART3_4_5_6_LPUART1_IRQHandler
                         0x801'3f9d    0xa  Code  Gb  stm32g0xx_it.o [2]
USB_UCPD1_2_IRQHandler   0x801'244b         Code  Wk  startup_stm32g0b1xx.o [1]
WWDG_IRQHandler          0x800'de67         Code  Wk  startup_stm32g0b1xx.o [1]
_LC                      0x801'2575    0x8  Code  Lc  xprintffull_nomb.o [5]
_LitobFullNoMb           0x801'331d  0x124  Code  Lc  xprintffull_nomb.o [5]
_LocaleC_isspace         0x801'3b61   0x14  Code  Gb  xlocale_c.o [5]
_LocaleC_isupper         0x801'3b55    0x2  Code  Gb  xlocale_c.o [5]
_LocaleC_tolower         0x801'3b75    0xc  Code  Gb  xlocale_c.o [5]
_Locale_lconv           0x2000'05f8   0x38  Data  Lc  xlocale_c.o [5]
_PrintfFullNoMb          0x801'257d  0xda0  Code  Gb  xprintffull_nomb.o [5]
_PutcharsFullNoMb        0x801'348d   0x36  Code  Lc  xprintffull_nomb.o [5]
_SNProut                 0x801'44a5   0x1c  Code  Gb  xsnprout.o [5]
_SProut                  0x800'ca2f    0xa  Code  Gb  xsprout.o [5]
_Strtok_ssave           0x2000'1654    0x4  Data  Lc  strtok.o [5]
__ICFEDIT_region_RAM_end__ {Abs}
                        0x2002'3fff         Data  Gb  <internal module>
__ICFEDIT_region_RAM_start__ {Abs}
                        0x2000'0000         Data  Gb  <internal module>
__NVIC_SetPriority       0x800'dc01   0x3a  Code  Lc  stm32g0xx_hal_cortex.o [4]
__aeabi_JMP_BUF_SIZE {Abs}
                                0x8          --   Gb  setjmp.o [7]
__aeabi_cdcmple          0x801'3609         Code  Gb  DblCmpLe.o [6]
__aeabi_cdrcmple         0x801'363b         Code  Gb  DblCmpGe.o [6]
__aeabi_d2iz             0x801'36dd         Code  Gb  DblToI32.o [6]
__aeabi_d2uiz            0x801'3701         Code  Gb  DblToI32.o [6]
__aeabi_ddiv             0x801'390d         Code  Gb  DblDiv.o [6]
__aeabi_dmul             0x801'39cf         Code  Gb  DblMul.o [6]
__aeabi_dsub             0x801'381f         Code  Gb  DblAddSub.o [6]
__aeabi_f2d              0x801'244d         Code  Gb  FltToDbl.o [6]
__aeabi_f2iz             0x801'0c5d         Code  Gb  FltToS32.o [6]
__aeabi_fdiv             0x801'23a7         Code  Gb  FltDiv.o [6]
__aeabi_fmul             0x801'0bad         Code  Gb  FltMul.o [6]
__aeabi_i2d              0x801'3751         Code  Gb  IxxToDbl.o [6]
__aeabi_idiv0            0x800'de61         Code  Gb  IntDivZer.o [7]
__aeabi_ldiv0            0x800'de65         Code  Gb  I64DivZer.o [7]
__aeabi_memcpy           0x801'35c5         Code  Gb  ABImemcpy.o [7]
__aeabi_memcpy4          0x801'3591         Code  Gb  ABImemcpy.o [7]
__aeabi_memcpy8          0x801'3591         Code  Gb  ABImemcpy.o [7]
__aeabi_ui2d             0x801'3731         Code  Gb  IxxToDbl.o [6]
__aeabi_ui2f             0x801'0b8d         Code  Gb  IxxToFlt.o [6]
__aeabi_uldivmod         0x800'd0ef         Code  Gb  I64DivMod.o [7]
__aeabi_uread4           0x801'0331         Code  Gb  uread4.o [7]
__aeabi_uwrite4          0x800'de01         Code  Gb  uwrite4.o [7]
__cmain                  0x801'43fd         Code  Gb  cmain.o [7]
__exit                   0x801'3ba1   0x14  Code  Gb  exit.o [8]
__iar_Fail_s             0x801'3549   0x22  Code  Gb  xfail_s.o [5]
__iar_Memchr             0x801'34e9         Code  Gb  memchr.o [7]
__iar_Memcpy             0x801'35d1         Code  Gb  ABImemcpy.o [7]
__iar_Stoul              0x801'2341    0xa  Code  Gb  iar_Stoulx.o [5]
__iar_Stoulx             0x801'21f5  0x14c  Code  Gb  iar_Stoulx.o [5]
__iar_Strchr             0x801'0499         Code  Gb  strchr.o [7]
__iar_d2uiz              0x801'3705         Code  Gb  DblToI32.o [6]
__iar_data_init3         0x801'4331   0x28  Code  Gb  data_init.o [7]
__iar_frexp              0x801'35eb         Code  Gb  frexp.o [6]
__iar_frexp64            0x801'35df         Code  Gb  frexp.o [6]
__iar_frexpl             0x801'35eb         Code  Gb  frexp.o [6]
__iar_globLocale        0x2000'0630   0x48  Data  Lc  xlocale_c.o [5]
__iar_global_Locale      0x801'3b81    0x4  Code  Gb  xlocale_c.o [5]
__iar_ldexp64            0x801'366d         Code  Gb  ldexp.o [6]
__iar_lz77_init_single3
                         0x801'40f9   0x80  Code  Gb  lz77_init_single.o [7]
__iar_program_start      0x801'4489         Code  Gb  cstartup_M.o [7]
__iar_scalbln64          0x801'366d         Code  Gb  ldexp.o [6]
__iar_scalbn64           0x801'366d         Code  Gb  ldexp.o [6]
__iar_small_Memset4_word
                         0x800'de6d         Code  Gb  ABImemset_small.o [7]
__iar_small_Memset_word
                         0x800'de6d         Code  Gb  ABImemset_small.o [7]
__iar_small_idiv         0x800'd091         Code  Gb  I32DivMod.o [7]
__iar_small_idivmod      0x800'd091         Code  Gb  I32DivMod.o [7]
__iar_small_memclr       0x800'de69         Code  Gb  ABImemset_small.o [7]
__iar_small_memclr4      0x800'de69         Code  Gb  ABImemset_small.o [7]
__iar_small_memclr8      0x800'de69         Code  Gb  ABImemset_small.o [7]
__iar_small_memset       0x800'de6d         Code  Gb  ABImemset_small.o [7]
__iar_small_memset4      0x800'de6d         Code  Gb  ABImemset_small.o [7]
__iar_small_memset8      0x800'de6d         Code  Gb  ABImemset_small.o [7]
__iar_small_strcmp       0x801'253d         Code  Gb  strcmp_small.o [7]
__iar_small_strcpy       0x801'2175         Code  Gb  strcpy_small.o [7]
__iar_small_strncpy      0x801'24cd         Code  Gb  strncpy_small.o [7]
__iar_small_uidiv        0x800'd0b9         Code  Gb  I32DivMod.o [7]
__iar_small_uidivmod     0x800'd0b9         Code  Gb  I32DivMod.o [7]
__iar_zero_init3         0x801'42f5   0x3c  Code  Gb  zero_init3.o [7]
__low_level_init         0x801'441b    0x4  Code  Gb  low_level_init.o [5]
__vector_table           0x800'b000         Data  Gb  startup_stm32g0b1xx.o [1]
_call_main               0x801'4409         Code  Gb  cmain.o [7]
_exit                    0x801'4429         Code  Gb  cexit.o [7]
abort                    0x801'3b95    0xa  Code  Gb  abort.o [5]
atoi                     0x801'234b    0x4  Code  Gb  iar_Stoulx.o [5]
bGPS_eGetGPSLoc_Exe      0x800'f66b  0x156  Code  Gb  GPS.o [2]
bGSM_eCheckAPNSetting_Exe
                         0x800'f22d   0x78  Code  Gb  GSM.o [2]
bGSM_eGetICCIDNum_Exe    0x800'e9f5   0x5a  Code  Gb  GSM.o [2]
bGSM_eGetIMEINum_Exe     0x800'e99b   0x5a  Code  Gb  GSM.o [2]
bGSM_eNetworkSetup_Exe   0x800'f0d9   0x7c  Code  Gb  GSM.o [2]
bGSM_eReadNetworkRegStatus_Exe
                         0x800'f159   0x6e  Code  Gb  GSM.o [2]
bGSM_eWait4RespOrTimeOut_Exe
                         0x800'ead1   0x3a  Code  Gb  GSM.o [2]
bMQTT_CheckAndConnect_Exe
                         0x800'fe69   0xde  Code  Gb  MQTT.o [2]
bMQTT_PublishPayload_Exe
                         0x801'0137    0xc  Code  Gb  MQTT.o [2]
bMQTT_Publish_CriticalData
                         0x801'01ad   0x58  Code  Gb  MQTT.o [2]
bMQTT_Publish_ResetFWcheckkDateData
                         0x801'0205   0x26  Code  Gb  MQTT.o [2]
bMQTT_Publish_VehicleState
                         0x801'0155   0x50  Code  Gb  MQTT.o [2]
bMQTT_SendPublishCmd_Exe
                         0x800'fff9   0x3e  Code  Gb  MQTT.o [2]
bMQTT_SubscribeTopic_Exe
                         0x800'ffb9   0x28  Code  Gb  MQTT.o [2]
bUTL_eCompareData_Exe    0x801'2381   0x24  Code  Gb  UTL.o [2]
cAPP_eGPSDataBuffer     0x2000'005c  0x384  Data  Gb  APP.o [2]
cAPP_eGlobalBuffer      0x2000'0f08  0x1f4  Data  Gb  APP.o [2]
cGEN_eDataType          0x2000'0434    0xc  Data  Gb  GEN.o [2]
cGSM_QUECTEL_eATCommandTbl
                        0x2000'0440   0xfc  Data  Gb  GSM.o [2]
cGSM_QUECTEL_eATResponseTbl
                        0x2000'053c   0xac  Data  Gb  GSM.o [2]
digits                   0x801'420c   0x28  Data  Lc  iar_Stoulx.o [5]
exit                     0x801'441f    0x8  Code  Gb  exit.o [5]
frexp                    0x801'35df         Code  Gb  frexp.o [6]
frexpl                   0x801'35df         Code  Gb  frexp.o [6]
hadc                    0x2000'1398   0x64  Data  Gb  BATT.o [2]
handle_payload           0x801'00c1   0x76  Code  Gb  MQTT.o [2]
hdma_adc1               0x2000'1460   0x60  Data  Gb  BATT.o [2]
hfdcan1                 0x2000'13fc   0x64  Data  Gb  CAN.o [2]
hi2c1                   0x2000'151c   0x54  Data  Gb  COMM.o [2]
hiwdg                   0x2000'004c   0x10  Data  Gb  APP.o [2]
htim16                  0x2000'1570   0x4c  Data  Gb  COMM.o [2]
huart1                  0x2000'10fc   0x94  Data  Gb  COMM.o [2]
huart3                  0x2000'1190   0x94  Data  Gb  COMM.o [2]
isspace                  0x801'34c3   0x12  Code  Gb  isspace.o [5]
jmpBuffer               0x2000'15d0   0x40  Data  Gb  APP.o [2]
ldexp                    0x801'366d         Code  Gb  ldexp.o [6]
ldexpl                   0x801'366d         Code  Gb  ldexp.o [6]
localeconv               0x801'3b85    0x4  Code  Gb  xlocale_c.o [5]
longjmp                  0x801'3fcd         Code  Gb  setjmp.o [7]
main                     0x800'd465  0x23e  Code  Gb  APP.o [2]
memchr                   0x801'34e9         Code  Gb  memchr.o [7]
memset                   0x800'd1ad   0x14  Code  Gb  memset.o [7]
ndigs                    0x801'41e4   0x28  Data  Lc  iar_Stoulx.o [5]
parse_and_transmit_qmtrecv
                         0x801'005d   0x64  Code  Gb  MQTT.o [2]
pucUTL_eSearchChar_Exe   0x801'2359   0x28  Code  Gb  UTL.o [2]
sFilterConfig           0x2000'12e8   0x18  Data  Gb  CAN.o [2]
scalbln                  0x801'366d         Code  Gb  ldexp.o [6]
scalblnl                 0x801'366d         Code  Gb  ldexp.o [6]
scalbn                   0x801'366d         Code  Gb  ldexp.o [6]
scalbnl                  0x801'366d         Code  Gb  ldexp.o [6]
scale                    0x801'3441   0x44  Code  Lc  xprintffull_nomb.o [5]
sec_hand                0x2000'1658    0x4  Data  Lc  xfail_s.o [5]
snprintf                 0x801'2481   0x4c  Code  Gb  snprintf.o [5]
sprintf                  0x801'2185   0x40  Code  Gb  sprintf.o [5]
strchr                   0x801'0499         Code  Gb  strchr.o [7]
strcspn                  0x801'3523   0x24  Code  Gb  strcspn.o [5]
strlen                   0x800'ddc5         Code  Gb  strlen.o [7]
strncmp                  0x801'21c5   0x2e  Code  Gb  strncmp.o [5]
strspn                   0x801'34ff   0x24  Code  Gb  strspn.o [5]
strstr                   0x800'ddd3   0x2e  Code  Gb  strstr.o [5]
strtok                   0x801'24f1   0x4c  Code  Gb  strtok.o [5]
tolower                  0x801'34d5   0x12  Code  Gb  tolower.o [5]
ucCAN_eRxData           0x2000'12b4    0x8  Data  Gb  CAN.o [2]
ucCAN_eTxData           0x2000'1328    0x8  Data  Gb  CAN.o [2]
ucEEPROM_eReadByte_Exe   0x800'e177   0x38  Code  Gb  E2PROM_I2C.o [2]
ucGPS_eGetGPSPowerStatus_Exe
                         0x800'f5e1   0x44  Code  Gb  GPS.o [2]
ucGSM_eCheckATResponse_Exe
                         0x800'ec1d   0x38  Code  Gb  GSM.o [2]
ucGSM_eCompareStringInGSMBuff_Exe
                         0x800'eb11   0x94  Code  Gb  GSM.o [2]
ucGSM_eProcessATCmdDualRespWithCmdNum_Exe
                         0x800'ed2f   0x16  Code  Gb  GSM.o [2]
ucGSM_eProcessATCmdDualRespWithPtr_Exe
                         0x800'ed1d   0x12  Code  Gb  GSM.o [2]
ucGSM_eProcessATCmdDualResp_Exe
                         0x800'ed61   0xee  Code  Gb  GSM.o [2]
ucGSM_eProcessATCmdWithCmdNum_Exe
                         0x800'ea4f    0xe  Code  Gb  GSM.o [2]
ucGSM_eProcessATCmdWithCmdPtr_Exe
                         0x800'ea5d    0x8  Code  Gb  GSM.o [2]
ucGSM_eProcessATCmd_Exe
                         0x800'ea65   0x6c  Code  Gb  GSM.o [2]
ucGSM_eReadRTC_Exe       0x800'f33d   0xa0  Code  Gb  GSM.o [2]
ucGSM_eReadSignalStrength_Exe
                         0x800'f051   0x88  Code  Gb  GSM.o [2]
ucGSM_eWait4RespOrTimeOutDualResp_Exe
                         0x800'ee55   0x88  Code  Gb  GSM.o [2]
ucGSM_eWaitForATResponse
                         0x800'f533   0x30  Code  Gb  GSM.o [2]
uwTick                  0x2000'05ec    0x4  Data  Gb  stm32g0xx_hal.o [4]
uwTickFreq              0x2000'05e8    0x1  Data  Gb  stm32g0xx_hal.o [4]
uwTickPrio              0x2000'05f0    0x4  Data  Gb  stm32g0xx_hal.o [4]
vAPP_eFeedTheWDT_Exe     0x800'd8f1    0xa  Code  Gb  APP.o [2]
vAPP_eSendLiveDataAtTxRate_Exe
                         0x800'd6a3   0xa2  Code  Gb  APP.o [2]
vAPP_iReadIgnStatus_Exe
                         0x800'd851   0x16  Code  Lc  APP.o [2]
vAPP_iSendLiveModeData_Exe::prevIgnStatus
                        0x2000'0010    0x1  Data  Lc  APP.o [2]
vAPP_iVehicleRunStatusAction_Exe
                         0x800'd749   0x6e  Code  Gb  APP.o [2]
vBATT_Start_ADC          0x800'df71    0xe  Code  Gb  BATT.o [2]
vBATT_eDetectBatteryPresence
                         0x800'dfaf   0x34  Code  Gb  BATT.o [2]
vBATT_eInit              0x800'de79   0xf8  Code  Gb  BATT.o [2]
vCAN_eGetBattID_Exe      0x800'e865   0x72  Code  Gb  CAN.o [2]
vCAN_eInit               0x800'e32d  0x15c  Code  Gb  CAN.o [2]
vCAN_eReadCANData_Exe    0x800'e4e9  0x366  Code  Gb  CAN.o [2]
vCAN_eSendCANCommands_Exe
                         0x800'e4ab   0x1c  Code  Gb  CAN.o [2]
vCOMM_eTxString_Exe      0x800'c929   0x2a  Code  Gb  COMM.o [2]
vCOMM_eUSART1Init        0x800'c8a5   0x24  Code  Gb  COMM.o [2]
vCOMM_eUSART3Init        0x800'c8c9   0x20  Code  Gb  COMM.o [2]
vCONFIGEEPROM_eLoadDefaultPar_Exe
                         0x800'fd43  0x106  Code  Gb  CONFIG_EEPROM.o [2]
vCONFIGEEPROM_eReadConfigData_Exe
                         0x800'fbe9  0x15a  Code  Gb  CONFIG_EEPROM.o [2]
vEEPROM_eInit            0x800'e07d   0x4a  Code  Gb  E2PROM_I2C.o [2]
vEEPROM_eReadBytes_Exe   0x800'e1af   0x2c  Code  Gb  E2PROM_I2C.o [2]
vEEPROM_eWriteByte_Exe   0x800'e115   0x44  Code  Gb  E2PROM_I2C.o [2]
vEEPROM_eWriteBytes_Exe
                         0x800'e159   0x1e  Code  Gb  E2PROM_I2C.o [2]
vEEPROM_iMakeWPEnable_Exe
                         0x800'e1db    0xe  Code  Lc  E2PROM_I2C.o [2]
vFTP_eCheckFTPServerForFWUpdate_Exe
                         0x801'0349   0x9e  Code  Gb  FTP.o [2]
vGEN_eLoadAndParseData_Exe
                         0x800'f821  0x292  Code  Gb  GEN.o [2]
vGEN_eLoadTxRate_Exe     0x800'fac1   0x6a  Code  Gb  GEN.o [2]
vGEN_eMakeIntBattChargingOnOff_Exe
                         0x800'fb39   0x38  Code  Gb  GEN.o [2]
vGEN_eONBattChg_Exe      0x800'fb75   0x2c  Code  Gb  GEN.o [2]
vGPS_eInit               0x800'f585   0x5c  Code  Gb  GPS.o [2]
vGPS_eOperateGPSLED_Exe
                         0x800'f7e7   0x2c  Code  Gb  GPS.o [2]
vGPS_eReadGPSData_Exe    0x800'f7c1   0x26  Code  Gb  GPS.o [2]
vGPS_eSetGPSPower_Exe    0x800'f625   0x34  Code  Gb  GPS.o [2]
vGPS_eStartGPS_Exe       0x800'f659   0x12  Code  Gb  GPS.o [2]
vGSM_SendByte            0x800'f4f9   0x12  Code  Gb  GSM.o [2]
vGSM_SendString          0x800'f511   0x22  Code  Gb  GSM.o [2]
vGSM_eDisableGPRS_Exe    0x800'ece1   0x38  Code  Gb  GSM.o [2]
vGSM_eEnableGPRS_Exe     0x800'f3dd   0x42  Code  Gb  GSM.o [2]
vGSM_eInit               0x800'e901   0x9a  Code  Gb  GSM.o [2]
vGSM_eInitaliseGSM_Exe   0x800'eedd   0x30  Code  Gb  GSM.o [2]
vGSM_eInitialSetup_Exe   0x800'ef25   0x8a  Code  Gb  GSM.o [2]
vGSM_ePWRKeyStartGSM_Exe
                         0x800'ec55   0x58  Code  Gb  GSM.o [2]
vGSM_eReStartGSM_Exe     0x800'f45d   0x82  Code  Gb  GSM.o [2]
vGSM_eReadGPRSStatus_Exe
                         0x800'f425   0x32  Code  Gb  GSM.o [2]
vGSM_eReadNetworkInfo_Exe
                         0x800'f1c7   0x62  Code  Gb  GSM.o [2]
vGSM_eReadSIMInsertStatus_Exe
                         0x800'f00f   0x32  Code  Gb  GSM.o [2]
vGSM_eRegisterAndSetModule_Exe
                         0x800'efaf   0x60  Code  Gb  GSM.o [2]
vGSM_eResetGSM_Exe       0x800'ecb1   0x30  Code  Gb  GSM.o [2]
vGSM_eSetAPN_Exe         0x800'f2b5   0x4a  Code  Gb  GSM.o [2]
vGSM_eStartGSM_Exe       0x800'ebb5   0x64  Code  Gb  GSM.o [2]
vGSM_eUpdateTimeZoneAndRTC_Exe
                         0x800'f325   0x18  Code  Gb  GSM.o [2]
vMQTT_Disconnect_Exe     0x801'022b   0x2c  Code  Gb  MQTT.o [2]
vMQTT_Incoming_Msg       0x801'0037   0x24  Code  Gb  MQTT.o [2]
vODO_eCalculateTripAndOdo_Exe
                         0x800'e213  0x108  Code  Gb  ODO.o [2]
vODO_eInit               0x800'e1fd   0x16  Code  Gb  ODO.o [2]


[1] = D:\BZ\PROJECTS\Embedded Firmware\BZ\Standalone_IoT\Firmware\Standalone_IOT\Standalone_IOT (MQTT with BL)\MainProg\EWARM\standalone_IoT-ver_1.0\Obj\Application\EWARM
[2] = D:\BZ\PROJECTS\Embedded Firmware\BZ\Standalone_IoT\Firmware\Standalone_IOT\Standalone_IOT (MQTT with BL)\MainProg\EWARM\standalone_IoT-ver_1.0\Obj\Application\User\Core
[3] = D:\BZ\PROJECTS\Embedded Firmware\BZ\Standalone_IoT\Firmware\Standalone_IOT\Standalone_IOT (MQTT with BL)\MainProg\EWARM\standalone_IoT-ver_1.0\Obj\Drivers\CMSIS
[4] = D:\BZ\PROJECTS\Embedded Firmware\BZ\Standalone_IoT\Firmware\Standalone_IOT\Standalone_IOT (MQTT with BL)\MainProg\EWARM\standalone_IoT-ver_1.0\Obj\Drivers\STM32G0xx_HAL_Driver
[5] = dl6M_tlf.a
[6] = m6M_tl.a
[7] = rt6M_tl.a
[8] = shb_l.a

  36'866 bytes of readonly  code memory
   2'888 bytes of readonly  data memory
   6'748 bytes of readwrite data memory

Errors: none
Warnings: none
