###############################################################################
#
# IAR ELF Linker V9.30.1.335/W64 for ARM                  01/Aug/2025  13:40:13
# Copyright 2007-2022 IAR Systems AB.
#
#    Output file  =
#        D:\BZ\PROJECTS\Embedded
#        Firmware\BZ\Standalone_IoT\Firmware\Standalone_IOT\Standalone_IOT
#        (MQTT with
#        BL)\MainProg\EWARM\standalone_IoT-ver_1.0\Exe\standalone_IoT-ver_1.0.out
#    Map file     =
#        D:\BZ\PROJECTS\Embedded
#        Firmware\BZ\Standalone_IoT\Firmware\Standalone_IOT\Standalone_IOT
#        (MQTT with
#        BL)\MainProg\EWARM\standalone_IoT-ver_1.0\List\standalone_IoT-ver_1.0.map
#    Command line =
#        -f "D:\BZ\PROJECTS\Embedded
#        Firmware\BZ\Standalone_IoT\Firmware\Standalone_IOT\Standalone_IOT
#        (MQTT with
#        BL)\MainProg\EWARM\standalone_IoT-ver_1.0\Exe\standalone_IoT-ver_1.0.out.rsp"
#        ("D:\BZ\PROJECTS\Embedded
#        Firmware\BZ\Standalone_IoT\Firmware\Standalone_IOT\Standalone_IOT
#        (MQTT with
#        BL)\MainProg\EWARM\standalone_IoT-ver_1.0\Obj\Application\User\Core\ADC.o"
#        "D:\BZ\PROJECTS\Embedded
#        Firmware\BZ\Standalone_IoT\Firmware\Standalone_IOT\Standalone_IOT
#        (MQTT with
#        BL)\MainProg\EWARM\standalone_IoT-ver_1.0\Obj\Application\User\Core\APP.o"
#        "D:\BZ\PROJECTS\Embedded
#        Firmware\BZ\Standalone_IoT\Firmware\Standalone_IOT\Standalone_IOT
#        (MQTT with
#        BL)\MainProg\EWARM\standalone_IoT-ver_1.0\Obj\Application\User\Core\BATT.o"
#        "D:\BZ\PROJECTS\Embedded
#        Firmware\BZ\Standalone_IoT\Firmware\Standalone_IOT\Standalone_IOT
#        (MQTT with
#        BL)\MainProg\EWARM\standalone_IoT-ver_1.0\Obj\Application\User\Core\CAN.o"
#        "D:\BZ\PROJECTS\Embedded
#        Firmware\BZ\Standalone_IoT\Firmware\Standalone_IOT\Standalone_IOT
#        (MQTT with
#        BL)\MainProg\EWARM\standalone_IoT-ver_1.0\Obj\Application\User\Core\COMM.o"
#        "D:\BZ\PROJECTS\Embedded
#        Firmware\BZ\Standalone_IoT\Firmware\Standalone_IOT\Standalone_IOT
#        (MQTT with
#        BL)\MainProg\EWARM\standalone_IoT-ver_1.0\Obj\Application\User\Core\CONFIG_EEPROM.o"
#        "D:\BZ\PROJECTS\Embedded
#        Firmware\BZ\Standalone_IoT\Firmware\Standalone_IOT\Standalone_IOT
#        (MQTT with
#        BL)\MainProg\EWARM\standalone_IoT-ver_1.0\Obj\Application\User\Core\E2PROM_I2C.o"
#        "D:\BZ\PROJECTS\Embedded
#        Firmware\BZ\Standalone_IoT\Firmware\Standalone_IOT\Standalone_IOT
#        (MQTT with
#        BL)\MainProg\EWARM\standalone_IoT-ver_1.0\Obj\Application\User\Core\FTP.o"
#        "D:\BZ\PROJECTS\Embedded
#        Firmware\BZ\Standalone_IoT\Firmware\Standalone_IOT\Standalone_IOT
#        (MQTT with
#        BL)\MainProg\EWARM\standalone_IoT-ver_1.0\Obj\Application\User\Core\GEN.o"
#        "D:\BZ\PROJECTS\Embedded
#        Firmware\BZ\Standalone_IoT\Firmware\Standalone_IOT\Standalone_IOT
#        (MQTT with
#        BL)\MainProg\EWARM\standalone_IoT-ver_1.0\Obj\Application\User\Core\GPS.o"
#        "D:\BZ\PROJECTS\Embedded
#        Firmware\BZ\Standalone_IoT\Firmware\Standalone_IOT\Standalone_IOT
#        (MQTT with
#        BL)\MainProg\EWARM\standalone_IoT-ver_1.0\Obj\Application\User\Core\GSM.o"
#        "D:\BZ\PROJECTS\Embedded
#        Firmware\BZ\Standalone_IoT\Firmware\Standalone_IOT\Standalone_IOT
#        (MQTT with
#        BL)\MainProg\EWARM\standalone_IoT-ver_1.0\Obj\Application\User\Core\main.o"
#        "D:\BZ\PROJECTS\Embedded
#        Firmware\BZ\Standalone_IoT\Firmware\Standalone_IOT\Standalone_IOT
#        (MQTT with
#        BL)\MainProg\EWARM\standalone_IoT-ver_1.0\Obj\Application\User\Core\MCUFlash.o"
#        "D:\BZ\PROJECTS\Embedded
#        Firmware\BZ\Standalone_IoT\Firmware\Standalone_IOT\Standalone_IOT
#        (MQTT with
#        BL)\MainProg\EWARM\standalone_IoT-ver_1.0\Obj\Application\User\Core\ODO.o"
#        "D:\BZ\PROJECTS\Embedded
#        Firmware\BZ\Standalone_IoT\Firmware\Standalone_IOT\Standalone_IOT
#        (MQTT with
#        BL)\MainProg\EWARM\standalone_IoT-ver_1.0\Obj\Application\User\Core\OTA.o"
#        "D:\BZ\PROJECTS\Embedded
#        Firmware\BZ\Standalone_IoT\Firmware\Standalone_IOT\Standalone_IOT
#        (MQTT with
#        BL)\MainProg\EWARM\standalone_IoT-ver_1.0\Obj\Application\EWARM\startup_stm32g0b1xx.o"
#        "D:\BZ\PROJECTS\Embedded
#        Firmware\BZ\Standalone_IoT\Firmware\Standalone_IOT\Standalone_IOT
#        (MQTT with
#        BL)\MainProg\EWARM\standalone_IoT-ver_1.0\Obj\Drivers\STM32G0xx_HAL_Driver\stm32g0xx_hal.o"
#        "D:\BZ\PROJECTS\Embedded
#        Firmware\BZ\Standalone_IoT\Firmware\Standalone_IOT\Standalone_IOT
#        (MQTT with
#        BL)\MainProg\EWARM\standalone_IoT-ver_1.0\Obj\Drivers\STM32G0xx_HAL_Driver\stm32g0xx_hal_adc.o"
#        "D:\BZ\PROJECTS\Embedded
#        Firmware\BZ\Standalone_IoT\Firmware\Standalone_IOT\Standalone_IOT
#        (MQTT with
#        BL)\MainProg\EWARM\standalone_IoT-ver_1.0\Obj\Drivers\STM32G0xx_HAL_Driver\stm32g0xx_hal_adc_ex.o"
#        "D:\BZ\PROJECTS\Embedded
#        Firmware\BZ\Standalone_IoT\Firmware\Standalone_IOT\Standalone_IOT
#        (MQTT with
#        BL)\MainProg\EWARM\standalone_IoT-ver_1.0\Obj\Drivers\STM32G0xx_HAL_Driver\stm32g0xx_hal_cortex.o"
#        "D:\BZ\PROJECTS\Embedded
#        Firmware\BZ\Standalone_IoT\Firmware\Standalone_IOT\Standalone_IOT
#        (MQTT with
#        BL)\MainProg\EWARM\standalone_IoT-ver_1.0\Obj\Drivers\STM32G0xx_HAL_Driver\stm32g0xx_hal_crc.o"
#        "D:\BZ\PROJECTS\Embedded
#        Firmware\BZ\Standalone_IoT\Firmware\Standalone_IOT\Standalone_IOT
#        (MQTT with
#        BL)\MainProg\EWARM\standalone_IoT-ver_1.0\Obj\Drivers\STM32G0xx_HAL_Driver\stm32g0xx_hal_crc_ex.o"
#        "D:\BZ\PROJECTS\Embedded
#        Firmware\BZ\Standalone_IoT\Firmware\Standalone_IOT\Standalone_IOT
#        (MQTT with
#        BL)\MainProg\EWARM\standalone_IoT-ver_1.0\Obj\Drivers\STM32G0xx_HAL_Driver\stm32g0xx_hal_dma.o"
#        "D:\BZ\PROJECTS\Embedded
#        Firmware\BZ\Standalone_IoT\Firmware\Standalone_IOT\Standalone_IOT
#        (MQTT with
#        BL)\MainProg\EWARM\standalone_IoT-ver_1.0\Obj\Drivers\STM32G0xx_HAL_Driver\stm32g0xx_hal_dma_ex.o"
#        "D:\BZ\PROJECTS\Embedded
#        Firmware\BZ\Standalone_IoT\Firmware\Standalone_IOT\Standalone_IOT
#        (MQTT with
#        BL)\MainProg\EWARM\standalone_IoT-ver_1.0\Obj\Drivers\STM32G0xx_HAL_Driver\stm32g0xx_hal_exti.o"
#        "D:\BZ\PROJECTS\Embedded
#        Firmware\BZ\Standalone_IoT\Firmware\Standalone_IOT\Standalone_IOT
#        (MQTT with
#        BL)\MainProg\EWARM\standalone_IoT-ver_1.0\Obj\Drivers\STM32G0xx_HAL_Driver\stm32g0xx_hal_fdcan.o"
#        "D:\BZ\PROJECTS\Embedded
#        Firmware\BZ\Standalone_IoT\Firmware\Standalone_IOT\Standalone_IOT
#        (MQTT with
#        BL)\MainProg\EWARM\standalone_IoT-ver_1.0\Obj\Drivers\STM32G0xx_HAL_Driver\stm32g0xx_hal_flash.o"
#        "D:\BZ\PROJECTS\Embedded
#        Firmware\BZ\Standalone_IoT\Firmware\Standalone_IOT\Standalone_IOT
#        (MQTT with
#        BL)\MainProg\EWARM\standalone_IoT-ver_1.0\Obj\Drivers\STM32G0xx_HAL_Driver\stm32g0xx_hal_flash_ex.o"
#        "D:\BZ\PROJECTS\Embedded
#        Firmware\BZ\Standalone_IoT\Firmware\Standalone_IOT\Standalone_IOT
#        (MQTT with
#        BL)\MainProg\EWARM\standalone_IoT-ver_1.0\Obj\Drivers\STM32G0xx_HAL_Driver\stm32g0xx_hal_gpio.o"
#        "D:\BZ\PROJECTS\Embedded
#        Firmware\BZ\Standalone_IoT\Firmware\Standalone_IOT\Standalone_IOT
#        (MQTT with
#        BL)\MainProg\EWARM\standalone_IoT-ver_1.0\Obj\Drivers\STM32G0xx_HAL_Driver\stm32g0xx_hal_i2c.o"
#        "D:\BZ\PROJECTS\Embedded
#        Firmware\BZ\Standalone_IoT\Firmware\Standalone_IOT\Standalone_IOT
#        (MQTT with
#        BL)\MainProg\EWARM\standalone_IoT-ver_1.0\Obj\Drivers\STM32G0xx_HAL_Driver\stm32g0xx_hal_i2c_ex.o"
#        "D:\BZ\PROJECTS\Embedded
#        Firmware\BZ\Standalone_IoT\Firmware\Standalone_IOT\Standalone_IOT
#        (MQTT with
#        BL)\MainProg\EWARM\standalone_IoT-ver_1.0\Obj\Drivers\STM32G0xx_HAL_Driver\stm32g0xx_hal_iwdg.o"
#        "D:\BZ\PROJECTS\Embedded
#        Firmware\BZ\Standalone_IoT\Firmware\Standalone_IOT\Standalone_IOT
#        (MQTT with
#        BL)\MainProg\EWARM\standalone_IoT-ver_1.0\Obj\Application\User\Core\stm32g0xx_hal_msp.o"
#        "D:\BZ\PROJECTS\Embedded
#        Firmware\BZ\Standalone_IoT\Firmware\Standalone_IOT\Standalone_IOT
#        (MQTT with
#        BL)\MainProg\EWARM\standalone_IoT-ver_1.0\Obj\Drivers\STM32G0xx_HAL_Driver\stm32g0xx_hal_pwr.o"
#        "D:\BZ\PROJECTS\Embedded
#        Firmware\BZ\Standalone_IoT\Firmware\Standalone_IOT\Standalone_IOT
#        (MQTT with
#        BL)\MainProg\EWARM\standalone_IoT-ver_1.0\Obj\Drivers\STM32G0xx_HAL_Driver\stm32g0xx_hal_pwr_ex.o"
#        "D:\BZ\PROJECTS\Embedded
#        Firmware\BZ\Standalone_IoT\Firmware\Standalone_IOT\Standalone_IOT
#        (MQTT with
#        BL)\MainProg\EWARM\standalone_IoT-ver_1.0\Obj\Drivers\STM32G0xx_HAL_Driver\stm32g0xx_hal_rcc.o"
#        "D:\BZ\PROJECTS\Embedded
#        Firmware\BZ\Standalone_IoT\Firmware\Standalone_IOT\Standalone_IOT
#        (MQTT with
#        BL)\MainProg\EWARM\standalone_IoT-ver_1.0\Obj\Drivers\STM32G0xx_HAL_Driver\stm32g0xx_hal_rcc_ex.o"
#        "D:\BZ\PROJECTS\Embedded
#        Firmware\BZ\Standalone_IoT\Firmware\Standalone_IOT\Standalone_IOT
#        (MQTT with
#        BL)\MainProg\EWARM\standalone_IoT-ver_1.0\Obj\Drivers\STM32G0xx_HAL_Driver\stm32g0xx_hal_tim.o"
#        "D:\BZ\PROJECTS\Embedded
#        Firmware\BZ\Standalone_IoT\Firmware\Standalone_IOT\Standalone_IOT
#        (MQTT with
#        BL)\MainProg\EWARM\standalone_IoT-ver_1.0\Obj\Drivers\STM32G0xx_HAL_Driver\stm32g0xx_hal_tim_ex.o"
#        "D:\BZ\PROJECTS\Embedded
#        Firmware\BZ\Standalone_IoT\Firmware\Standalone_IOT\Standalone_IOT
#        (MQTT with
#        BL)\MainProg\EWARM\standalone_IoT-ver_1.0\Obj\Drivers\STM32G0xx_HAL_Driver\stm32g0xx_hal_uart.o"
#        "D:\BZ\PROJECTS\Embedded
#        Firmware\BZ\Standalone_IoT\Firmware\Standalone_IOT\Standalone_IOT
#        (MQTT with
#        BL)\MainProg\EWARM\standalone_IoT-ver_1.0\Obj\Drivers\STM32G0xx_HAL_Driver\stm32g0xx_hal_uart_ex.o"
#        "D:\BZ\PROJECTS\Embedded
#        Firmware\BZ\Standalone_IoT\Firmware\Standalone_IOT\Standalone_IOT
#        (MQTT with
#        BL)\MainProg\EWARM\standalone_IoT-ver_1.0\Obj\Application\User\Core\stm32g0xx_it.o"
#        "D:\BZ\PROJECTS\Embedded
#        Firmware\BZ\Standalone_IoT\Firmware\Standalone_IOT\Standalone_IOT
#        (MQTT with
#        BL)\MainProg\EWARM\standalone_IoT-ver_1.0\Obj\Drivers\STM32G0xx_HAL_Driver\stm32g0xx_ll_adc.o"
#        "D:\BZ\PROJECTS\Embedded
#        Firmware\BZ\Standalone_IoT\Firmware\Standalone_IOT\Standalone_IOT
#        (MQTT with
#        BL)\MainProg\EWARM\standalone_IoT-ver_1.0\Obj\Drivers\STM32G0xx_HAL_Driver\stm32g0xx_ll_rcc.o"
#        "D:\BZ\PROJECTS\Embedded
#        Firmware\BZ\Standalone_IoT\Firmware\Standalone_IOT\Standalone_IOT
#        (MQTT with
#        BL)\MainProg\EWARM\standalone_IoT-ver_1.0\Obj\Drivers\CMSIS\system_stm32g0xx.o"
#        "D:\BZ\PROJECTS\Embedded
#        Firmware\BZ\Standalone_IoT\Firmware\Standalone_IOT\Standalone_IOT
#        (MQTT with
#        BL)\MainProg\EWARM\standalone_IoT-ver_1.0\Obj\Application\User\Core\UTL.o"
#        --no_out_extension -o "D:\BZ\PROJECTS\Embedded
#        Firmware\BZ\Standalone_IoT\Firmware\Standalone_IOT\Standalone_IOT
#        (MQTT with
#        BL)\MainProg\EWARM\standalone_IoT-ver_1.0\Exe\standalone_IoT-ver_1.0.out"
#        --redirect _Printf=_PrintfFullNoMb --redirect _Scanf=_ScanfFullNoMb
#        --map "D:\BZ\PROJECTS\Embedded
#        Firmware\BZ\Standalone_IoT\Firmware\Standalone_IOT\Standalone_IOT
#        (MQTT with
#        BL)\MainProg\EWARM\standalone_IoT-ver_1.0\List\standalone_IoT-ver_1.0.map"
#        --config "D:\BZ\PROJECTS\Embedded
#        Firmware\BZ\Standalone_IoT\Firmware\Standalone_IOT\Standalone_IOT
#        (MQTT with BL)\MainProg\EWARM/stm32g0b1xx_flash.icf" --semihosting
#        --entry __iar_program_start --vfe --text_out locale --cpu=Cortex-M0+
#        --fpu=None)
#
###############################################################################

*******************************************************************************
*** RUNTIME MODEL ATTRIBUTES
***

CppFlavor                   = *
__CPP_Runtime               = 1
__SystemLibrary             = DLib
__dlib_jmp_buf_num_elements = 8
__dlib_version              = 6


*******************************************************************************
*** HEAP SELECTION
***

The basic heap was selected because --advanced_heap
was not specified and the application did not appear to
be primarily optimized for speed.


*******************************************************************************
*** PLACEMENT SUMMARY
***

"A0":  place at address 0x800'b000 { ro section .intvec };
"P1":  place in [from 0x800'0000 to 0x803'ffff] { ro };
define block CSTACK with size = 1K, alignment = 8 { };
define block HEAP with size = 512, alignment = 8 { };
"P2":  place in [from 0x2000'0000 to 0x2002'3fff] {
          rw, block CSTACK, block HEAP };
initialize by copy { rw };

  Section            Kind         Address    Size  Object
  -------            ----         -------    ----  ------
"A0":                                        0xbc
  .intvec            ro code   0x800'b000    0xbc  startup_stm32g0b1xx.o [1]
                             - 0x800'b0bc    0xbc

"P1":                                      0x9c89
  .text              ro code   0x800'b0bc  0x11e0  GSM.o [2]
  .text              ro code   0x800'c29c   0x2e0  stm32g0xx_hal_gpio.o [4]
  .text              ro code   0x800'c57c   0x17c  COMM.o [2]
  .text              ro code   0x800'c6f8  0x104c  stm32g0xx_hal_uart.o [4]
  .text              ro code   0x800'd744    0x14  uwrite4.o [7]
  .text              ro code   0x800'd758    0x12  strchr.o [7]
  .text              ro code   0x800'd76a     0xa  xsprout.o [5]
  .text              ro code   0x800'd774     0xe  strlen.o [7]
  .rodata            const     0x800'd782     0x2  GSM.o [2]
  .text              ro code   0x800'd784    0x10  strcpy_small.o [7]
  .text              ro code   0x800'd794    0x16  uread4.o [7]
  .rodata            const     0x800'd7aa     0x2  xlocale_c.o [5]
  .text              ro code   0x800'd7ac   0x49e  APP.o [2]
  .text              ro code   0x800'dc4a    0x2e  strstr.o [5]
  .text              ro code   0x800'dc78   0x164  iar_Stoulx.o [5]
  .text              ro code   0x800'dddc    0x28  stm32g0xx_hal.o [4]
  .text              ro code   0x800'de04    0x40  sprintf.o [5]
  .text              ro code   0x800'de44    0x4e  UTL.o [2]
  .rodata            const     0x800'de92     0x2  xlocale_c.o [5]
  .text              ro code   0x800'de94   0x29c  GPS.o [2]
  .text              ro code   0x800'e130    0x4c  snprintf.o [5]
  .text              ro code   0x800'e17c    0x10  ABImemset_small.o [7]
  .text              ro code   0x800'e18c    0x1a  strrchr.o [5]
  .text              ro code   0x800'e1a6     0x2  startup_stm32g0b1xx.o [1]
  .text              ro code   0x800'e1a8    0x22  strncpy_small.o [7]
  .text              ro code   0x800'e1ca     0x2  startup_stm32g0b1xx.o [1]
  .text              ro code   0x800'e1cc   0x180  E2PROM_I2C.o [2]
  .text              ro code   0x800'e34c   0x118  stm32g0xx_hal_uart_ex.o [4]
  .text              ro code   0x800'e464   0x380  stm32g0xx_hal_msp.o [2]
  .text              ro code   0x800'e7e4     0xc  stm32g0xx_hal.o [4]
  .text              ro code   0x800'e7f0   0x410  stm32g0xx_hal_dma.o [4]
  .text              ro code   0x800'ec00     0x2  stm32g0xx_hal_uart.o [4]
  .text              ro code   0x800'ec02     0x2  stm32g0xx_hal_uart_ex.o [4]
  .text              ro code   0x800'ec04     0x2  stm32g0xx_hal_uart.o [4]
  .text              ro code   0x800'ec06     0x2  stm32g0xx_hal_uart_ex.o [4]
  .text              ro code   0x800'ec08     0x2  stm32g0xx_hal_uart_ex.o [4]
  .text              ro code   0x800'ec0a     0x2  startup_stm32g0b1xx.o [1]
  .text              ro code   0x800'ec0c   0x658  stm32g0xx_hal_rcc.o [4]
  .text              ro code   0x800'f264    0x5e  I32DivMod.o [7]
  .text              ro code   0x800'f2c2    0x7c  I64DivMod.o [7]
  .text              ro code   0x800'f33e     0x2  startup_stm32g0b1xx.o [1]
  .text              ro code   0x800'f340    0x40  stm32g0xx_hal.o [4]
  .text              ro code   0x800'f380    0xac  stm32g0xx_hal_cortex.o [4]
  .text              ro code   0x800'f42c   0x198  BATT.o [2]
  .text              ro code   0x800'f5c4    0x6c  stm32g0xx_hal_iwdg.o [4]
  .text              ro code   0x800'f630   0x130  ODO.o [2]
  .text              ro code   0x800'f760   0x5d4  CAN.o [2]
  .text              ro code   0x800'fd34   0x3c8  GEN.o [2]
  .text              ro code   0x801'00fc   0x280  CONFIG_EEPROM.o [2]
  .text              ro code   0x801'037c   0x120  OTA.o [2]
  .text              ro code   0x801'049c    0xc8  FTP.o [2]
  .text              ro code   0x801'0564    0x4c  stm32g0xx_hal_pwr_ex.o [4]
  .text              ro code   0x801'05b0    0x12  isspace.o [5]
  .text              ro code   0x801'05c2    0x12  tolower.o [5]
  .text              ro code   0x801'05d4    0x16  memchr.o [7]
  .text              ro code   0x801'05ea     0x2  startup_stm32g0b1xx.o [1]
  .text              ro code   0x801'05ec   0xf4e  xprintffull_nomb.o [5]
  .text              ro code   0x801'153a    0x14  memset.o [7]
  .text              ro code   0x801'154e     0x2  startup_stm32g0b1xx.o [1]
  .text              ro code   0x801'1550   0xd64  stm32g0xx_hal_i2c.o [4]
  .text              ro code   0x801'22b4    0x8c  stm32g0xx_hal_i2c_ex.o [4]
  .text              ro code   0x801'2340   0x2a4  stm32g0xx_hal_rcc_ex.o [4]
  .text              ro code   0x801'25e4    0x4c  stm32g0xx_hal.o [4]
  .text              ro code   0x801'2630     0x2  IntDivZer.o [7]
  .text              ro code   0x801'2632     0x2  startup_stm32g0b1xx.o [1]
  .text              ro code   0x801'2634     0x2  I64DivZer.o [7]
  .text              ro code   0x801'2636     0x2  startup_stm32g0b1xx.o [1]
  .text              ro code   0x801'2638   0x6e0  stm32g0xx_hal_adc.o [4]
  .text              ro code   0x801'2d18    0x20  IxxToFlt.o [6]
  .text              ro code   0x801'2d38    0xb0  FltMul.o [6]
  .text              ro code   0x801'2de8    0x3a  FltToS32.o [6]
  .text              ro code   0x801'2e22     0x2  startup_stm32g0b1xx.o [1]
  .text              ro code   0x801'2e24   0x6ea  stm32g0xx_hal_fdcan.o [4]
  .text              ro code   0x801'350e    0x2e  strncmp.o [5]
  .text              ro code   0x801'353c    0xa4  FltDiv.o [6]
  .text              ro code   0x801'35e0    0x32  FltToDbl.o [6]
  .text              ro code   0x801'3612     0x2  startup_stm32g0b1xx.o [1]
  .text              ro code   0x801'3614    0x40  xlocale_c.o [5]
  .text              ro code   0x801'3654    0x48  xfail_s.o [5]
  .text              ro code   0x801'369c    0x4e  ABImemcpy.o [7]
  .text              ro code   0x801'36ea    0x2a  frexp.o [6]
  .text              ro code   0x801'3714    0x32  DblCmpLe.o [6]
  .text              ro code   0x801'3746    0x32  DblCmpGe.o [6]
  .text              ro code   0x801'3778    0x70  ldexp.o [6]
  .text              ro code   0x801'37e8    0x52  DblToI32.o [6]
  .text              ro code   0x801'383a     0x2  startup_stm32g0b1xx.o [1]
  .text              ro code   0x801'383c    0x34  IxxToDbl.o [6]
  .text              ro code   0x801'3870   0x1a8  DblAddSub.o [6]
  .text              ro code   0x801'3a18    0xc2  DblDiv.o [6]
  .text              ro code   0x801'3ada   0x184  DblMul.o [6]
  .text              ro code   0x801'3c5e     0x2  stm32g0xx_hal_i2c.o [4]
  .text              ro code   0x801'3c60     0x2  stm32g0xx_hal_i2c.o [4]
  .text              ro code   0x801'3c62     0x2  stm32g0xx_hal_i2c.o [4]
  .text              ro code   0x801'3c64     0x2  stm32g0xx_hal_i2c.o [4]
  .text              ro code   0x801'3c66     0x2  stm32g0xx_hal_i2c.o [4]
  .text              ro code   0x801'3c68     0x2  stm32g0xx_hal_i2c.o [4]
  .text              ro code   0x801'3c6a     0x2  stm32g0xx_hal_adc.o [4]
  .text              ro code   0x801'3c6c     0x2  stm32g0xx_hal_adc.o [4]
  .text              ro code   0x801'3c6e     0x2  stm32g0xx_hal_fdcan.o [4]
  .text              ro code   0x801'3c70     0x2  stm32g0xx_hal_fdcan.o [4]
  .text              ro code   0x801'3c72     0x2  stm32g0xx_hal_fdcan.o [4]
  .text              ro code   0x801'3c74     0x2  stm32g0xx_hal_fdcan.o [4]
  .text              ro code   0x801'3c76     0x2  stm32g0xx_hal_fdcan.o [4]
  .text              ro code   0x801'3c78     0x2  stm32g0xx_hal_fdcan.o [4]
  .text              ro code   0x801'3c7a     0x2  stm32g0xx_hal_fdcan.o [4]
  .text              ro code   0x801'3c7c     0x2  stm32g0xx_hal_fdcan.o [4]
  .text              ro code   0x801'3c7e     0x2  stm32g0xx_hal_fdcan.o [4]
  .text              ro code   0x801'3c80     0x2  stm32g0xx_hal_fdcan.o [4]
  .text              ro code   0x801'3c82     0xa  abort.o [5]
  .text              ro code   0x801'3c8c    0x14  exit.o [8]
  .rodata            const     0x801'3ca0   0x174  GEN.o [2]
  .text              ro code   0x801'3e14   0x168  stm32g0xx_hal_tim.o [4]
  .text              ro code   0x801'3f7c     0x2  stm32g0xx_hal_tim.o [4]
  .text              ro code   0x801'3f7e     0x2  stm32g0xx_hal_tim.o [4]
  .text              ro code   0x801'3f80     0x2  stm32g0xx_hal_tim.o [4]
  .text              ro code   0x801'3f82     0x2  stm32g0xx_hal_tim.o [4]
  .text              ro code   0x801'3f84     0x2  stm32g0xx_hal_tim_ex.o [4]
  .text              ro code   0x801'3f86     0x2  stm32g0xx_hal_tim_ex.o [4]
  .text              ro code   0x801'3f88     0x2  stm32g0xx_hal_tim.o [4]
  .text              ro code   0x801'3f8a     0x2  stm32g0xx_hal_tim_ex.o [4]
  .text              ro code   0x801'3f8c   0x12c  stm32g0xx_it.o [2]
  .text              ro code   0x801'40b8    0x1e  setjmp.o [7]
  .text              ro code   0x801'40d6     0x2  startup_stm32g0b1xx.o [1]
  .text              ro code   0x801'40d8    0x10  stm32g0xx_hal.o [4]
  .rodata            const     0x801'40e8    0xfc  CONFIG_EEPROM.o [2]
  .text              ro code   0x801'41e4    0x80  lz77_init_single.o [7]
  .rodata            const     0x801'4264    0x6a  xprintffull_nomb.o [5]
  .text              ro code   0x801'42ce     0x2  startup_stm32g0b1xx.o [1]
  .rodata            const     0x801'42d0    0x50  iar_Stoulx.o [5]
  .rodata            const     0x801'4320    0x44  GSM.o [2]
  .rodata            const     0x801'4364    0x40  system_stm32g0xx.o [3]
  .text              ro code   0x801'43a4    0x3c  zero_init3.o [7]
  .text              ro code   0x801'43e0    0x28  data_init.o [7]
  .rodata            const     0x801'4408    0x24  FTP.o [2]
  .rodata            const     0x801'442c    0x24  GSM.o [2]
  .rodata            const     0x801'4450    0x24  OTA.o [2]
  .rodata            const     0x801'4474    0x24  OTA.o [2]
  .iar.init_table    const     0x801'4498    0x20  - Linker created -
  .rodata            const     0x801'44b8    0x20  GSM.o [2]
  .rodata            const     0x801'44d8    0x20  GSM.o [2]
  .rodata            const     0x801'44f8    0x20  system_stm32g0xx.o [3]
  .text              ro code   0x801'4518    0x1e  cmain.o [7]
  .text              ro code   0x801'4536     0x4  low_level_init.o [5]
  .text              ro code   0x801'453a     0x8  exit.o [5]
  .text              ro code   0x801'4542     0x2  startup_stm32g0b1xx.o [1]
  .text              ro code   0x801'4544     0xa  cexit.o [7]
  .text              ro code   0x801'454e     0x2  startup_stm32g0b1xx.o [1]
  .rodata            const     0x801'4550    0x1c  GSM.o [2]
  .rodata            const     0x801'456c    0x1c  GSM.o [2]
  .rodata            const     0x801'4588    0x1c  GSM.o [2]
  .text              ro code   0x801'45a4    0x1c  cstartup_M.o [7]
  .text              ro code   0x801'45c0    0x1c  xsnprout.o [5]
  .rodata            const     0x801'45dc    0x18  GSM.o [2]
  .rodata            const     0x801'45f4    0x18  GSM.o [2]
  .rodata            const     0x801'460c    0x18  GSM.o [2]
  .rodata            const     0x801'4624    0x18  GSM.o [2]
  .rodata            const     0x801'463c    0x18  GSM.o [2]
  .rodata            const     0x801'4654    0x18  OTA.o [2]
  .rodata            const     0x801'466c    0x18  OTA.o [2]
  .rodata            const     0x801'4684    0x14  GSM.o [2]
  .rodata            const     0x801'4698    0x14  GSM.o [2]
  .rodata            const     0x801'46ac    0x14  OTA.o [2]
  .rodata            const     0x801'46c0    0x14  OTA.o [2]
  .rodata            const     0x801'46d4    0x14  OTA.o [2]
  .rodata            const     0x801'46e8    0x14  OTA.o [2]
  .rodata            const     0x801'46fc    0x14  OTA.o [2]
  .rodata            const     0x801'4710    0x10  GSM.o [2]
  .rodata            const     0x801'4720    0x10  GSM.o [2]
  .rodata            const     0x801'4730    0x10  GSM.o [2]
  .rodata            const     0x801'4740    0x10  GSM.o [2]
  .rodata            const     0x801'4750    0x10  GSM.o [2]
  .rodata            const     0x801'4760    0x10  GSM.o [2]
  .rodata            const     0x801'4770    0x10  GSM.o [2]
  .rodata            const     0x801'4780    0x10  GSM.o [2]
  .rodata            const     0x801'4790    0x10  GSM.o [2]
  .rodata            const     0x801'47a0    0x10  GSM.o [2]
  .rodata            const     0x801'47b0    0x10  GSM.o [2]
  .rodata            const     0x801'47c0    0x10  GSM.o [2]
  .rodata            const     0x801'47d0    0x10  GSM.o [2]
  .rodata            const     0x801'47e0    0x10  GSM.o [2]
  .rodata            const     0x801'47f0    0x10  GSM.o [2]
  .rodata            const     0x801'4800    0x10  GSM.o [2]
  .rodata            const     0x801'4810    0x10  OTA.o [2]
  .rodata            const     0x801'4820    0x10  OTA.o [2]
  .text              ro code   0x801'4830    0x10  startup_stm32g0b1xx.o [1]
  .text              ro code   0x801'4840    0x10  system_stm32g0xx.o [3]
  .rodata            const     0x801'4850     0xc  GSM.o [2]
  .rodata            const     0x801'485c     0xc  GSM.o [2]
  .rodata            const     0x801'4868     0xc  GSM.o [2]
  .rodata            const     0x801'4874     0xc  GSM.o [2]
  .rodata            const     0x801'4880     0xc  GSM.o [2]
  .rodata            const     0x801'488c     0xc  GSM.o [2]
  .rodata            const     0x801'4898     0xc  GSM.o [2]
  .rodata            const     0x801'48a4     0xc  GSM.o [2]
  .rodata            const     0x801'48b0     0xc  GSM.o [2]
  .rodata            const     0x801'48bc     0xc  GSM.o [2]
  .rodata            const     0x801'48c8     0xc  GSM.o [2]
  .rodata            const     0x801'48d4     0xc  GSM.o [2]
  .rodata            const     0x801'48e0     0xc  GSM.o [2]
  .rodata            const     0x801'48ec     0xc  GSM.o [2]
  .rodata            const     0x801'48f8     0xc  GSM.o [2]
  .rodata            const     0x801'4904     0xc  GSM.o [2]
  .rodata            const     0x801'4910     0xc  GSM.o [2]
  .rodata            const     0x801'491c     0xc  GSM.o [2]
  .rodata            const     0x801'4928     0xc  GSM.o [2]
  .rodata            const     0x801'4934     0xc  GSM.o [2]
  .rodata            const     0x801'4940     0xc  GSM.o [2]
  .rodata            const     0x801'494c     0xc  GSM.o [2]
  .rodata            const     0x801'4958     0xc  GSM.o [2]
  .rodata            const     0x801'4964     0xc  GSM.o [2]
  .rodata            const     0x801'4970     0xc  GSM.o [2]
  .rodata            const     0x801'497c     0xc  GSM.o [2]
  .rodata            const     0x801'4988     0xc  GSM.o [2]
  .rodata            const     0x801'4994     0xc  GSM.o [2]
  .rodata            const     0x801'49a0     0xc  GSM.o [2]
  .rodata            const     0x801'49ac     0xc  GSM.o [2]
  .rodata            const     0x801'49b8     0xc  GSM.o [2]
  .rodata            const     0x801'49c4     0xc  GSM.o [2]
  .rodata            const     0x801'49d0     0xc  GSM.o [2]
  .rodata            const     0x801'49dc     0xc  GSM.o [2]
  .rodata            const     0x801'49e8     0xc  GSM.o [2]
  .rodata            const     0x801'49f4     0xc  GSM.o [2]
  .rodata            const     0x801'4a00     0xc  GSM.o [2]
  .rodata            const     0x801'4a0c     0xc  GSM.o [2]
  .rodata            const     0x801'4a18     0xc  GSM.o [2]
  .rodata            const     0x801'4a24     0xc  GSM.o [2]
  .rodata            const     0x801'4a30     0xc  GSM.o [2]
  .rodata            const     0x801'4a3c     0xc  GSM.o [2]
  .rodata            const     0x801'4a48     0xc  GSM.o [2]
  .rodata            const     0x801'4a54     0xc  GSM.o [2]
  .rodata            const     0x801'4a60     0xc  GSM.o [2]
  .rodata            const     0x801'4a6c     0xc  GSM.o [2]
  .rodata            const     0x801'4a78     0xc  GSM.o [2]
  .rodata            const     0x801'4a84     0xc  GSM.o [2]
  .rodata            const     0x801'4a90     0xc  GSM.o [2]
  .rodata            const     0x801'4a9c     0xc  OTA.o [2]
  .rodata            const     0x801'4aa8     0xc  OTA.o [2]
  .rodata            const     0x801'4ab4     0x8  GSM.o [2]
  .rodata            const     0x801'4abc     0x8  GSM.o [2]
  .rodata            const     0x801'4ac4     0x8  GSM.o [2]
  .rodata            const     0x801'4acc     0x8  GSM.o [2]
  .rodata            const     0x801'4ad4     0x8  GSM.o [2]
  .rodata            const     0x801'4adc     0x8  GSM.o [2]
  .rodata            const     0x801'4ae4     0x8  GSM.o [2]
  .rodata            const     0x801'4aec     0x8  GSM.o [2]
  .rodata            const     0x801'4af4     0x8  GSM.o [2]
  .rodata            const     0x801'4afc     0x8  GSM.o [2]
  .rodata            const     0x801'4b04     0x8  GSM.o [2]
  .rodata            const     0x801'4b0c     0x8  GSM.o [2]
  .rodata            const     0x801'4b14     0x8  GSM.o [2]
  .rodata            const     0x801'4b1c     0x8  GSM.o [2]
  .rodata            const     0x801'4b24     0x8  GSM.o [2]
  .rodata            const     0x801'4b2c     0x8  GSM.o [2]
  .rodata            const     0x801'4b34     0x8  GSM.o [2]
  .rodata            const     0x801'4b3c     0x8  GSM.o [2]
  .rodata            const     0x801'4b44     0x8  GSM.o [2]
  .rodata            const     0x801'4b4c     0x8  GSM.o [2]
  .rodata            const     0x801'4b54     0x4  GEN.o [2]
  .rodata            const     0x801'4b58     0x4  GEN.o [2]
  .rodata            const     0x801'4b5c     0x4  GEN.o [2]
  .rodata            const     0x801'4b60     0x4  GSM.o [2]
  .rodata            const     0x801'4b64     0x4  GSM.o [2]
  .rodata            const     0x801'4b68     0x4  GSM.o [2]
  .rodata            const     0x801'4b6c     0x4  GSM.o [2]
  .text              ro code   0x801'4b70     0x2  startup_stm32g0b1xx.o [1]
  .text              ro code   0x801'4b72     0x2  startup_stm32g0b1xx.o [1]
  .text              ro code   0x801'4b74     0x2  startup_stm32g0b1xx.o [1]
  .text              ro code   0x801'4b76     0x2  startup_stm32g0b1xx.o [1]
  .text              ro code   0x801'4b78     0x2  startup_stm32g0b1xx.o [1]
  .text              ro code   0x801'4b7a     0x2  startup_stm32g0b1xx.o [1]
  .text              ro code   0x801'4b7c     0x2  startup_stm32g0b1xx.o [1]
  .text              ro code   0x801'4b7e     0x2  startup_stm32g0b1xx.o [1]
  .rodata            const     0x801'4b80     0x1  xlocale_c.o [5]
  .rodata            const     0x801'4b81     0x0  zero_init3.o [7]
  .rodata            const     0x801'4b81     0x0  lz77_init_single.o [7]
  Initializer bytes  const     0x801'4b81   0x1c4  <for P2-1>
                             - 0x801'4d45  0x9c89

"P2", part 1 of 3:                          0x658
  P2-1                        0x2000'0000   0x658  <Init block>
    .data            inited   0x2000'0000   0x3e0  APP.o [2]
    .data            inited   0x2000'03e0     0xc  GEN.o [2]
    .data            inited   0x2000'03ec    0xfc  GSM.o [2]
    .data            inited   0x2000'04e8    0xac  GSM.o [2]
    .data            inited   0x2000'0594    0x34  OTA.o [2]
    .data            inited   0x2000'05c8     0xc  stm32g0xx_hal.o [4]
    .data            inited   0x2000'05d4     0x4  system_stm32g0xx.o [3]
    .data            inited   0x2000'05d8    0x38  xlocale_c.o [5]
    .data            inited   0x2000'0610    0x48  xlocale_c.o [5]
                            - 0x2000'0658   0x658

"P2", part 2 of 3:                         0x1034
  .bss               zero     0x2000'0658   0x890  GSM.o [2]
  .bss               zero     0x2000'0ee8   0x1f4  APP.o [2]
  .bss               zero     0x2000'10dc    0x94  COMM.o [2]
  .bss               zero     0x2000'1170    0x94  COMM.o [2]
  .bss               zero     0x2000'1204    0x90  CAN.o [2]
  .bss               zero     0x2000'1294    0x7c  CAN.o [2]
  .bss               zero     0x2000'1310    0x68  ODO.o [2]
  .bss               zero     0x2000'1378    0x64  BATT.o [2]
  .bss               zero     0x2000'13dc    0x64  CAN.o [2]
  .bss               zero     0x2000'1440    0x60  BATT.o [2]
  .bss               zero     0x2000'14a0    0x5c  GPS.o [2]
  .bss               zero     0x2000'14fc    0x54  APP.o [2]
  .bss               zero     0x2000'1550    0x54  COMM.o [2]
  .bss               zero     0x2000'15a4    0x4c  COMM.o [2]
  .bss               zero     0x2000'15f0    0x40  APP.o [2]
  .bss               zero     0x2000'1630    0x30  CAN.o [2]
  .bss               zero     0x2000'1660    0x14  BATT.o [2]
  .bss               zero     0x2000'1674     0xc  COMM.o [2]
  .bss               zero     0x2000'1680     0x4  FTP.o [2]
  .bss               zero     0x2000'1684     0x4  GSM.o [2]
  .bss               zero     0x2000'1688     0x4  xfail_s.o [5]
                            - 0x2000'168c  0x1034

"P2", part 3 of 3:                          0x400
  CSTACK                      0x2000'1690   0x400  <Block>
    CSTACK           uninit   0x2000'1690   0x400  <Block tail>
                            - 0x2000'1a90   0x400

Unused ranges:

         From           To      Size
         ----           --      ----
   0x800'0000   0x800'afff    0xb000
   0x801'4d45   0x803'ffff  0x2'b2bb
  0x2000'168c  0x2000'168f       0x4
  0x2000'1a90  0x2002'3fff  0x2'2570


*******************************************************************************
*** INIT TABLE
***

          Address      Size
          -------      ----
Zero (__iar_zero_init3)
    1 destination range, total size 0x1034:
          0x2000'0658  0x1034

Copy/lz77 (__iar_lz77_init_single3)
    1 source range, total size 0x1c4 (27% of destination):
           0x801'4b81   0x1c4
    1 destination range, total size 0x658:
          0x2000'0000   0x658



*******************************************************************************
*** MODULE SUMMARY
***

    Module                   ro code  ro data  rw data
    ------                   -------  -------  -------
command line/config:
    --------------------------------------------------
    Total:

D:\BZ\PROJECTS\Embedded Firmware\BZ\Standalone_IoT\Firmware\Standalone_IOT\Standalone_IOT (MQTT with BL)\MainProg\EWARM\standalone_IoT-ver_1.0\Obj\Application\EWARM: [1]
    startup_stm32g0b1xx.o        250
    --------------------------------------------------
    Total:                       250

D:\BZ\PROJECTS\Embedded Firmware\BZ\Standalone_IoT\Firmware\Standalone_IOT\Standalone_IOT (MQTT with BL)\MainProg\EWARM\standalone_IoT-ver_1.0\Obj\Application\User\Core: [2]
    APP.o                      1'182      276    1'640
    BATT.o                       408               216
    CAN.o                      1'492               416
    COMM.o                       380               468
    CONFIG_EEPROM.o              640      252
    E2PROM_I2C.o                 384
    FTP.o                        200       36        4
    GEN.o                        968      387       12
    GPS.o                        668                92
    GSM.o                      4'576    1'552    2'620
    ODO.o                        304               104
    OTA.o                        288      290       52
    UTL.o                         78
    stm32g0xx_hal_msp.o          896
    stm32g0xx_it.o               300
    --------------------------------------------------
    Total:                    12'764    2'793    5'624

D:\BZ\PROJECTS\Embedded Firmware\BZ\Standalone_IoT\Firmware\Standalone_IOT\Standalone_IOT (MQTT with BL)\MainProg\EWARM\standalone_IoT-ver_1.0\Obj\Drivers\CMSIS: [3]
    system_stm32g0xx.o            16       97        4
    --------------------------------------------------
    Total:                        16       97        4

D:\BZ\PROJECTS\Embedded Firmware\BZ\Standalone_IoT\Firmware\Standalone_IOT\Standalone_IOT (MQTT with BL)\MainProg\EWARM\standalone_IoT-ver_1.0\Obj\Drivers\STM32G0xx_HAL_Driver: [4]
    stm32g0xx_hal.o              208        4       12
    stm32g0xx_hal_adc.o        1'764
    stm32g0xx_hal_cortex.o       172
    stm32g0xx_hal_dma.o        1'040
    stm32g0xx_hal_fdcan.o      1'790
    stm32g0xx_hal_gpio.o         736
    stm32g0xx_hal_i2c.o        3'440
    stm32g0xx_hal_i2c_ex.o       140
    stm32g0xx_hal_iwdg.o         108
    stm32g0xx_hal_pwr_ex.o        76
    stm32g0xx_hal_rcc.o        1'624
    stm32g0xx_hal_rcc_ex.o       676
    stm32g0xx_hal_tim.o          370
    stm32g0xx_hal_tim_ex.o         6
    stm32g0xx_hal_uart.o       4'176
    stm32g0xx_hal_uart_ex.o      286
    --------------------------------------------------
    Total:                    16'612        4       12

dl6M_tlf.a: [5]
    abort.o                       10
    exit.o                         8
    iar_Stoulx.o                 356       80
    isspace.o                     18
    low_level_init.o               4
    snprintf.o                    76
    sprintf.o                     64
    strncmp.o                     46
    strrchr.o                     26
    strstr.o                      46
    tolower.o                     18
    xfail_s.o                     72                 4
    xlocale_c.o                   64       41      128
    xprintffull_nomb.o         3'918      106
    xsnprout.o                    28
    xsprout.o                     10
    --------------------------------------------------
    Total:                     4'764      227      132

m6M_tl.a: [6]
    DblAddSub.o                  424
    DblCmpGe.o                    50
    DblCmpLe.o                    50
    DblDiv.o                     194
    DblMul.o                     388
    DblToI32.o                    82
    FltDiv.o                     164
    FltMul.o                     176
    FltToDbl.o                    50
    FltToS32.o                    58
    IxxToDbl.o                    52
    IxxToFlt.o                    32
    frexp.o                       42
    ldexp.o                      112
    --------------------------------------------------
    Total:                     1'874

rt6M_tl.a: [7]
    ABImemcpy.o                   78
    ABImemset_small.o             16
    I32DivMod.o                   94
    I64DivMod.o                  124
    I64DivZer.o                    2
    IntDivZer.o                    2
    cexit.o                       10
    cmain.o                       30
    cstartup_M.o                  28
    data_init.o                   40
    lz77_init_single.o           128
    memchr.o                      22
    memset.o                      20
    setjmp.o                      30
    strchr.o                      18
    strcpy_small.o                16
    strlen.o                      14
    strncpy_small.o               34
    uread4.o                      22
    uwrite4.o                     20
    zero_init3.o                  60
    --------------------------------------------------
    Total:                       808

shb_l.a: [8]
    exit.o                        20
    --------------------------------------------------
    Total:                        20

    Linker created                         32    1'024
------------------------------------------------------
    Grand Total:              37'108    3'153    6'796


*******************************************************************************
*** ENTRY LIST
***

Entry                       Address   Size  Type      Object
-----                       -------   ----  ----      ------
.iar.init_table$$Base    0x801'4498          --   Gb  - Linker created -
.iar.init_table$$Limit   0x801'44b8          --   Gb  - Linker created -
?main                    0x801'4519         Code  Gb  cmain.o [7]
ADC1_COMP_IRQHandler     0x801'3613         Code  Wk  startup_stm32g0b1xx.o [1]
ADC_DMAConvCplt          0x801'2c5f   0x7c  Code  Lc  stm32g0xx_hal_adc.o [4]
ADC_DMAError             0x801'2cff   0x1a  Code  Lc  stm32g0xx_hal_adc.o [4]
ADC_DMAHalfConvCplt      0x801'2cf5    0xa  Code  Lc  stm32g0xx_hal_adc.o [4]
ADC_Enable               0x801'2bc9   0x96  Code  Gb  stm32g0xx_hal_adc.o [4]
AHBPrescTable            0x801'4364   0x40  Data  Gb  system_stm32g0xx.o [3]
APBPrescTable            0x801'44f8   0x20  Data  Gb  system_stm32g0xx.o [3]
APPCONFIG               0x2000'14fc   0x54  Data  Gb  APP.o [2]
APPStatus               0x2000'0000   0x10  Data  Gb  APP.o [2]
BATTData                0x2000'1664   0x10  Data  Gb  BATT.o [2]
BATTStatus              0x2000'1660    0x2  Data  Gb  BATT.o [2]
CANData                 0x2000'1204   0x90  Data  Gb  CAN.o [2]
CANStatus               0x2000'129c    0x8  Data  Gb  CAN.o [2]
CEC_IRQHandler           0x801'4b7f         Code  Wk  startup_stm32g0b1xx.o [1]
CELLData                0x2000'1630   0x30  Data  Gb  CAN.o [2]
CONFIG                   0x801'40e8   0x6c  Data  Gb  CONFIG_EEPROM.o [2]
CSTACK$$Base            0x2000'1690          --   Gb  - Linker created -
CSTACK$$Limit           0x2000'1a90          --   Gb  - Linker created -
DLCtoBytes               0x801'3298   0x10  Data  Lc  stm32g0xx_hal_fdcan.o [4]
DMA1_Ch4_7_DMA2_Ch1_5_DMAMUX1_OVR_IRQHandler
                         0x801'2e23         Code  Wk  startup_stm32g0b1xx.o [1]
DMA1_Channel1_IRQHandler
                         0x801'4045    0xa  Code  Gb  stm32g0xx_it.o [2]
DMA1_Channel2_3_IRQHandler
                         0x801'2637         Code  Wk  startup_stm32g0b1xx.o [1]
DMA_CalcDMAMUXChannelBaseAndMask
                         0x800'eb75   0x46  Code  Lc  stm32g0xx_hal_dma.o [4]
DMA_CalcDMAMUXRequestGenBaseAndMask
                         0x800'ebbb   0x20  Code  Lc  stm32g0xx_hal_dma.o [4]
DMA_SetConfig            0x800'eb3b   0x3a  Code  Lc  stm32g0xx_hal_dma.o [4]
EEPROMCONFIG             0x801'4154   0x90  Data  Gb  CONFIG_EEPROM.o [2]
EXTI0_1_IRQHandler       0x801'154f         Code  Wk  startup_stm32g0b1xx.o [1]
EXTI2_3_IRQHandler       0x801'4031    0xa  Code  Gb  stm32g0xx_it.o [2]
EXTI4_15_IRQHandler      0x801'403b    0xa  Code  Gb  stm32g0xx_it.o [2]
Error_Handler            0x800'dc49    0x2  Code  Gb  APP.o [2]
FLASH_IRQHandler         0x800'f33f         Code  Wk  startup_stm32g0b1xx.o [1]
FTPData                 0x2000'1680    0x4  Data  Gb  FTP.o [2]
GPSData                 0x2000'14a0   0x5c  Data  Gb  GPS.o [2]
GSMData                 0x2000'0658  0x890  Data  Gb  GSM.o [2]
GSMStatus               0x2000'1684    0x4  Data  Gb  GSM.o [2]
HAL_ADC_ConfigChannel    0x801'2935  0x262  Code  Gb  stm32g0xx_hal_adc.o [4]
HAL_ADC_ConvCpltCallback
                         0x800'f533   0x30  Code  Gb  BATT.o [2]
HAL_ADC_ConvHalfCpltCallback
                         0x801'3c6d    0x2  Code  Wk  stm32g0xx_hal_adc.o [4]
HAL_ADC_ErrorCallback    0x801'3c6b    0x2  Code  Wk  stm32g0xx_hal_adc.o [4]
HAL_ADC_Init             0x801'265f  0x1fe  Code  Gb  stm32g0xx_hal_adc.o [4]
HAL_ADC_MspInit          0x800'e495   0xc6  Code  Gb  stm32g0xx_hal_msp.o [2]
HAL_ADC_Start_DMA        0x801'2881   0x9e  Code  Gb  stm32g0xx_hal_adc.o [4]
HAL_DMA_Abort            0x800'e93f   0x72  Code  Gb  stm32g0xx_hal_dma.o [4]
HAL_DMA_Abort_IT         0x800'e9b5   0x72  Code  Gb  stm32g0xx_hal_dma.o [4]
HAL_DMA_GetState         0x800'eb35    0x6  Code  Gb  stm32g0xx_hal_dma.o [4]
HAL_DMA_IRQHandler       0x800'ea3d   0xf0  Code  Gb  stm32g0xx_hal_dma.o [4]
HAL_DMA_Init             0x800'e7f1   0xb8  Code  Gb  stm32g0xx_hal_dma.o [4]
HAL_DMA_Start_IT         0x800'e8b1   0x8e  Code  Gb  stm32g0xx_hal_dma.o [4]
HAL_Delay                0x800'dddd   0x28  Code  Wk  stm32g0xx_hal.o [4]
HAL_FDCAN_ActivateNotification
                         0x801'32a9  0x110  Code  Gb  stm32g0xx_hal_fdcan.o [4]
HAL_FDCAN_AddMessageToTxFifoQ
                         0x801'30c9   0xb4  Code  Gb  stm32g0xx_hal_fdcan.o [4]
HAL_FDCAN_ConfigFilter   0x801'301d   0x50  Code  Gb  stm32g0xx_hal_fdcan.o [4]
HAL_FDCAN_ErrorCallback
                         0x801'3c81    0x2  Code  Wk  stm32g0xx_hal_fdcan.o [4]
HAL_FDCAN_ErrorStatusCallback
                         0x801'3c7f    0x2  Code  Wk  stm32g0xx_hal_fdcan.o [4]
HAL_FDCAN_GetRxMessage   0x801'317d  0x11c  Code  Gb  stm32g0xx_hal_fdcan.o [4]
HAL_FDCAN_HighPriorityMessageCallback
                         0x801'3c6f    0x2  Code  Wk  stm32g0xx_hal_fdcan.o [4]
HAL_FDCAN_IRQHandler     0x801'33b9  0x156  Code  Gb  stm32g0xx_hal_fdcan.o [4]
HAL_FDCAN_Init           0x801'2e25  0x1f8  Code  Gb  stm32g0xx_hal_fdcan.o [4]
HAL_FDCAN_MspInit        0x800'e55b   0x9c  Code  Gb  stm32g0xx_hal_msp.o [2]
HAL_FDCAN_RxFifo0Callback
                         0x800'f8bd   0x22  Code  Gb  CAN.o [2]
HAL_FDCAN_RxFifo1Callback
                         0x801'3c75    0x2  Code  Wk  stm32g0xx_hal_fdcan.o [4]
HAL_FDCAN_Start          0x801'309d   0x2c  Code  Gb  stm32g0xx_hal_fdcan.o [4]
HAL_FDCAN_TimeoutOccurredCallback
                         0x801'3c7d    0x2  Code  Wk  stm32g0xx_hal_fdcan.o [4]
HAL_FDCAN_TimestampWraparoundCallback
                         0x801'3c7b    0x2  Code  Wk  stm32g0xx_hal_fdcan.o [4]
HAL_FDCAN_TxBufferAbortCallback
                         0x801'3c71    0x2  Code  Wk  stm32g0xx_hal_fdcan.o [4]
HAL_FDCAN_TxBufferCompleteCallback
                         0x801'3c79    0x2  Code  Wk  stm32g0xx_hal_fdcan.o [4]
HAL_FDCAN_TxEventFifoCallback
                         0x801'3c73    0x2  Code  Wk  stm32g0xx_hal_fdcan.o [4]
HAL_FDCAN_TxFifoEmptyCallback
                         0x801'3c77    0x2  Code  Wk  stm32g0xx_hal_fdcan.o [4]
HAL_GPIO_DeInit          0x800'c409  0x104  Code  Gb  stm32g0xx_hal_gpio.o [4]
HAL_GPIO_EXTI_Falling_Callback
                         0x800'db0d    0xc  Code  Gb  APP.o [2]
HAL_GPIO_EXTI_IRQHandler
                         0x800'c535   0x26  Code  Gb  stm32g0xx_hal_gpio.o [4]
HAL_GPIO_EXTI_Rising_Callback
                         0x800'daff    0xe  Code  Gb  APP.o [2]
HAL_GPIO_Init            0x800'c29d  0x16c  Code  Gb  stm32g0xx_hal_gpio.o [4]
HAL_GPIO_ReadPin         0x800'c50d    0xc  Code  Gb  stm32g0xx_hal_gpio.o [4]
HAL_GPIO_TogglePin       0x800'c525   0x10  Code  Gb  stm32g0xx_hal_gpio.o [4]
HAL_GPIO_WritePin        0x800'c519    0xc  Code  Gb  stm32g0xx_hal_gpio.o [4]
HAL_GetTick              0x800'e7e5    0xc  Code  Wk  stm32g0xx_hal.o [4]
HAL_I2CEx_ConfigAnalogFilter
                         0x801'22b5   0x3a  Code  Gb  stm32g0xx_hal_i2c_ex.o [4]
HAL_I2CEx_ConfigDigitalFilter
                         0x801'22ef   0x36  Code  Gb  stm32g0xx_hal_i2c_ex.o [4]
HAL_I2C_AbortCpltCallback
                         0x801'3c67    0x2  Code  Wk  stm32g0xx_hal_i2c.o [4]
HAL_I2C_AddrCallback     0x801'3c5f    0x2  Code  Wk  stm32g0xx_hal_i2c.o [4]
HAL_I2C_ER_IRQHandler    0x801'19c1   0x5a  Code  Gb  stm32g0xx_hal_i2c.o [4]
HAL_I2C_EV_IRQHandler    0x801'19ad   0x14  Code  Gb  stm32g0xx_hal_i2c.o [4]
HAL_I2C_ErrorCallback    0x801'3c69    0x2  Code  Wk  stm32g0xx_hal_i2c.o [4]
HAL_I2C_Init             0x801'1551   0xb2  Code  Gb  stm32g0xx_hal_i2c.o [4]
HAL_I2C_ListenCpltCallback
                         0x801'3c65    0x2  Code  Wk  stm32g0xx_hal_i2c.o [4]
HAL_I2C_Mem_Read         0x801'17d9  0x1c4  Code  Gb  stm32g0xx_hal_i2c.o [4]
HAL_I2C_Mem_Write        0x801'1615  0x1c4  Code  Gb  stm32g0xx_hal_i2c.o [4]
HAL_I2C_MspInit          0x800'e5f7   0x88  Code  Gb  stm32g0xx_hal_msp.o [2]
HAL_I2C_SlaveRxCpltCallback
                         0x801'3c63    0x2  Code  Wk  stm32g0xx_hal_i2c.o [4]
HAL_I2C_SlaveTxCpltCallback
                         0x801'3c61    0x2  Code  Wk  stm32g0xx_hal_i2c.o [4]
HAL_IWDG_Init            0x800'f5c5   0x56  Code  Gb  stm32g0xx_hal_iwdg.o [4]
HAL_IWDG_Refresh         0x800'f61b    0xa  Code  Gb  stm32g0xx_hal_iwdg.o [4]
HAL_IncTick              0x801'40d9   0x10  Code  Wk  stm32g0xx_hal.o [4]
HAL_Init                 0x800'f341   0x24  Code  Gb  stm32g0xx_hal.o [4]
HAL_InitTick             0x801'25e5   0x4c  Code  Wk  stm32g0xx_hal.o [4]
HAL_MspInit              0x800'e465   0x30  Code  Gb  stm32g0xx_hal_msp.o [2]
HAL_NVIC_DisableIRQ      0x800'f3d7   0x1a  Code  Gb  stm32g0xx_hal_cortex.o [4]
HAL_NVIC_EnableIRQ       0x800'f3c5   0x12  Code  Gb  stm32g0xx_hal_cortex.o [4]
HAL_NVIC_SetPriority     0x800'f3bb    0x8  Code  Gb  stm32g0xx_hal_cortex.o [4]
HAL_PWREx_ControlVoltageScaling
                         0x801'0565   0x3a  Code  Gb  stm32g0xx_hal_pwr_ex.o [4]
HAL_RCCEx_PeriphCLKConfig
                         0x801'2341  0x26e  Code  Gb  stm32g0xx_hal_rcc_ex.o [4]
HAL_RCC_ClockConfig      0x800'f035  0x14e  Code  Gb  stm32g0xx_hal_rcc.o [4]
HAL_RCC_GetHCLKFreq      0x800'f213    0x6  Code  Gb  stm32g0xx_hal_rcc.o [4]
HAL_RCC_GetPCLK1Freq     0x800'f219   0x1a  Code  Gb  stm32g0xx_hal_rcc.o [4]
HAL_RCC_GetSysClockFreq
                         0x800'f191   0x82  Code  Gb  stm32g0xx_hal_rcc.o [4]
HAL_RCC_OscConfig        0x800'ec0d  0x418  Code  Gb  stm32g0xx_hal_rcc.o [4]
HAL_SYSCFG_StrobeDBattpinsConfig
                         0x800'f365    0xe  Code  Gb  stm32g0xx_hal.o [4]
HAL_SYSTICK_Config       0x800'f3f1   0x28  Code  Gb  stm32g0xx_hal_cortex.o [4]
HAL_TIMEx_Break2Callback
                         0x801'3f87    0x2  Code  Wk  stm32g0xx_hal_tim_ex.o [4]
HAL_TIMEx_BreakCallback
                         0x801'3f85    0x2  Code  Wk  stm32g0xx_hal_tim_ex.o [4]
HAL_TIMEx_CommutCallback
                         0x801'3f8b    0x2  Code  Wk  stm32g0xx_hal_tim_ex.o [4]
HAL_TIM_IC_CaptureCallback
                         0x801'3f7d    0x2  Code  Wk  stm32g0xx_hal_tim.o [4]
HAL_TIM_IRQHandler       0x801'3e15  0x160  Code  Gb  stm32g0xx_hal_tim.o [4]
HAL_TIM_OC_DelayElapsedCallback
                         0x801'3f7f    0x2  Code  Wk  stm32g0xx_hal_tim.o [4]
HAL_TIM_PWM_PulseFinishedCallback
                         0x801'3f81    0x2  Code  Wk  stm32g0xx_hal_tim.o [4]
HAL_TIM_PeriodElapsedCallback
                         0x801'3f83    0x2  Code  Wk  stm32g0xx_hal_tim.o [4]
HAL_TIM_TriggerCallback
                         0x801'3f89    0x2  Code  Wk  stm32g0xx_hal_tim.o [4]
HAL_UARTEx_DisableFifoMode
                         0x800'e34d   0x3a  Code  Gb  stm32g0xx_hal_uart_ex.o [4]
HAL_UARTEx_RxEventCallback
                         0x800'ec01    0x2  Code  Wk  stm32g0xx_hal_uart.o [4]
HAL_UARTEx_RxFifoFullCallback
                         0x800'ec09    0x2  Code  Wk  stm32g0xx_hal_uart_ex.o [4]
HAL_UARTEx_SetRxFifoThreshold
                         0x800'e3b9   0x30  Code  Gb  stm32g0xx_hal_uart_ex.o [4]
HAL_UARTEx_SetTxFifoThreshold
                         0x800'e387   0x32  Code  Gb  stm32g0xx_hal_uart_ex.o [4]
HAL_UARTEx_TxFifoEmptyCallback
                         0x800'ec07    0x2  Code  Wk  stm32g0xx_hal_uart_ex.o [4]
HAL_UARTEx_WakeupCallback
                         0x800'ec03    0x2  Code  Wk  stm32g0xx_hal_uart_ex.o [4]
HAL_UART_ErrorCallback   0x800'c6b3   0x1c  Code  Gb  COMM.o [2]
HAL_UART_IRQHandler      0x800'c8ad  0x2fe  Code  Gb  stm32g0xx_hal_uart.o [4]
HAL_UART_Init            0x800'c6f9   0x66  Code  Gb  stm32g0xx_hal_uart.o [4]
HAL_UART_MspDeInit       0x800'e77f   0x44  Code  Gb  stm32g0xx_hal_msp.o [2]
HAL_UART_MspInit         0x800'e69d   0xe2  Code  Gb  stm32g0xx_hal_msp.o [2]
HAL_UART_Receive_IT      0x800'c83f   0x66  Code  Gb  stm32g0xx_hal_uart.o [4]
HAL_UART_RxCpltCallback
                         0x800'c62d   0x86  Code  Gb  COMM.o [2]
HAL_UART_Transmit        0x800'c765   0xda  Code  Gb  stm32g0xx_hal_uart.o [4]
HAL_UART_TxCpltCallback
                         0x800'ec05    0x2  Code  Wk  stm32g0xx_hal_uart.o [4]
HardFault_Handler        0x801'3f91    0x2  Code  Gb  stm32g0xx_it.o [2]
I2C1_IRQHandler          0x801'4063   0x1c  Code  Gb  stm32g0xx_it.o [2]
I2C2_3_IRQHandler        0x801'4b77         Code  Wk  startup_stm32g0b1xx.o [1]
I2C_DMAAbort             0x801'1fd5   0x1c  Code  Lc  stm32g0xx_hal_i2c.o [4]
I2C_Disable_IRQ          0x801'2251   0x64  Code  Lc  stm32g0xx_hal_i2c.o [4]
I2C_Flush_TXDR           0x801'1fa3   0x1c  Code  Lc  stm32g0xx_hal_i2c.o [4]
I2C_ITAddrCplt           0x801'1b4d   0x9a  Code  Lc  stm32g0xx_hal_i2c.o [4]
I2C_ITError              0x801'1e6d   0xfe  Code  Lc  stm32g0xx_hal_i2c.o [4]
I2C_ITListenCplt         0x801'1e01   0x5e  Code  Lc  stm32g0xx_hal_i2c.o [4]
I2C_ITSlaveCplt          0x801'1c4d  0x1aa  Code  Lc  stm32g0xx_hal_i2c.o [4]
I2C_ITSlaveSeqCplt       0x801'1be7   0x66  Code  Lc  stm32g0xx_hal_i2c.o [4]
I2C_IsErrorOccurred      0x801'2121  0x100  Code  Lc  stm32g0xx_hal_i2c.o [4]
I2C_Slave_ISR_IT         0x801'1a1b  0x122  Code  Lc  stm32g0xx_hal_i2c.o [4]
I2C_TransferConfig       0x801'2221   0x26  Code  Lc  stm32g0xx_hal_i2c.o [4]
I2C_TreatErrorCallback   0x801'1f75   0x2e  Code  Lc  stm32g0xx_hal_i2c.o [4]
I2C_WaitOnFlagUntilTimeout
                         0x801'1ff1   0x7c  Code  Lc  stm32g0xx_hal_i2c.o [4]
I2C_WaitOnSTOPFlagUntilTimeout
                         0x801'20cd   0x54  Code  Lc  stm32g0xx_hal_i2c.o [4]
I2C_WaitOnTXISFlagUntilTimeout
                         0x801'206d   0x60  Code  Lc  stm32g0xx_hal_i2c.o [4]
LL_ADC_REG_IsTriggerSourceSWStart
                         0x801'264f   0x10  Code  Lc  stm32g0xx_hal_adc.o [4]
LL_ADC_SetSamplingTimeCommonChannels
                         0x801'2639   0x16  Code  Lc  stm32g0xx_hal_adc.o [4]
MX_I2C1_Init             0x800'e217   0x4e  Code  Gb  E2PROM_I2C.o [2]
NMI_Handler              0x801'3f8d    0x2  Code  Gb  stm32g0xx_it.o [2]
ODOData                 0x2000'1310   0x68  Data  Gb  ODO.o [2]
PVD_VDDIO2_IRQHandler    0x800'e1cb         Code  Wk  startup_stm32g0b1xx.o [1]
PendSV_Handler           0x801'3f9f    0x2  Code  Gb  stm32g0xx_it.o [2]
RCC_CRS_IRQHandler       0x801'05eb         Code  Wk  startup_stm32g0b1xx.o [1]
RTC_TAMP_IRQHandler      0x800'ec0b         Code  Wk  startup_stm32g0b1xx.o [1]
Region$$Table$$Base      0x801'4498          --   Gb  - Linker created -
Region$$Table$$Limit     0x801'44b8          --   Gb  - Linker created -
Reset_Handler            0x801'4831         Code  Wk  startup_stm32g0b1xx.o [1]
RxHeader                0x2000'12e0   0x28  Data  Gb  CAN.o [2]
SPI1_IRQHandler          0x801'4b79         Code  Wk  startup_stm32g0b1xx.o [1]
SPI2_3_IRQHandler        0x801'4b7b         Code  Wk  startup_stm32g0b1xx.o [1]
SVC_Handler              0x801'3f9d    0x2  Code  Gb  stm32g0xx_it.o [2]
SendDataOverMQTT_Exe     0x800'db25   0x50  Code  Gb  APP.o [2]
SysTick_Handler          0x801'3fa1   0x90  Code  Gb  stm32g0xx_it.o [2]
SystemClock_Config       0x800'dba5   0x78  Code  Gb  APP.o [2]
SystemCoreClock         0x2000'05d4    0x4  Data  Gb  system_stm32g0xx.o [3]
SystemInit               0x801'4841    0x8  Code  Gb  system_stm32g0xx.o [3]
TIM14_IRQHandler         0x801'4b73         Code  Wk  startup_stm32g0b1xx.o [1]
TIM15_IRQHandler         0x801'4b75         Code  Wk  startup_stm32g0b1xx.o [1]
TIM16_FDCAN_IT0_IRQHandler
                         0x801'404f    0xa  Code  Gb  stm32g0xx_it.o [2]
TIM17_FDCAN_IT1_IRQHandler
                         0x801'4059    0x2  Code  Gb  stm32g0xx_it.o [2]
TIM1_BRK_UP_TRG_COM_IRQHandler
                         0x801'383b         Code  Wk  startup_stm32g0b1xx.o [1]
TIM1_CC_IRQHandler       0x801'40d7         Code  Wk  startup_stm32g0b1xx.o [1]
TIM2_IRQHandler          0x801'42cf         Code  Wk  startup_stm32g0b1xx.o [1]
TIM3_TIM4_IRQHandler     0x801'4543         Code  Wk  startup_stm32g0b1xx.o [1]
TIM6_DAC_LPTIM1_IRQHandler
                         0x801'454f         Code  Wk  startup_stm32g0b1xx.o [1]
TIM7_LPTIM2_IRQHandler   0x801'4b71         Code  Wk  startup_stm32g0b1xx.o [1]
TIMERData               0x2000'0014   0x38  Data  Gb  APP.o [2]
TxHeader                0x2000'12a4   0x24  Data  Gb  CAN.o [2]
UARTData                0x2000'1674    0xc  Data  Gb  COMM.o [2]
UARTEx_SetNbDataToProcess
                         0x800'e409   0x4a  Code  Lc  stm32g0xx_hal_uart_ex.o [4]
UARTEx_SetNbDataToProcess::denominator
                         0x800'e45c    0x8  Data  Lc  stm32g0xx_hal_uart_ex.o [4]
UARTEx_SetNbDataToProcess::numerator
                         0x800'e454    0x8  Data  Lc  stm32g0xx_hal_uart_ex.o [4]
UARTPrescTable           0x800'ce40   0x18  Data  Gb  stm32g0xx_hal_uart.o [4]
UART_AdvFeatureConfig    0x800'ce59   0xc8  Code  Gb  stm32g0xx_hal_uart.o [4]
UART_CheckIdleState      0x800'cf2d   0xae  Code  Gb  stm32g0xx_hal_uart.o [4]
UART_DMAAbortOnError     0x800'd24d   0x14  Code  Lc  stm32g0xx_hal_uart.o [4]
UART_EndRxTransfer       0x800'd1d1   0x5e  Code  Lc  stm32g0xx_hal_uart.o [4]
UART_RxISR_16BIT         0x800'd309   0xa8  Code  Lc  stm32g0xx_hal_uart.o [4]
UART_RxISR_16BIT_FIFOEN
                         0x800'd57d  0x18a  Code  Lc  stm32g0xx_hal_uart.o [4]
UART_RxISR_8BIT          0x800'd261   0xa8  Code  Lc  stm32g0xx_hal_uart.o [4]
UART_RxISR_8BIT_FIFOEN   0x800'd3e3  0x188  Code  Lc  stm32g0xx_hal_uart.o [4]
UART_SetConfig           0x800'cbc9  0x24e  Code  Gb  stm32g0xx_hal_uart.o [4]
UART_Start_Receive_IT    0x800'd0a3  0x116  Code  Gb  stm32g0xx_hal_uart.o [4]
UART_WaitOnFlagUntilTimeout
                         0x800'd001   0xa2  Code  Gb  stm32g0xx_hal_uart.o [4]
USART1_IRQHandler        0x801'407f    0xa  Code  Gb  stm32g0xx_it.o [2]
USART2_LPUART2_IRQHandler
                         0x801'4b7d         Code  Wk  startup_stm32g0b1xx.o [1]
USART3_4_5_6_LPUART1_IRQHandler
                         0x801'4089    0xa  Code  Gb  stm32g0xx_it.o [2]
USB_UCPD1_2_IRQHandler   0x801'2633         Code  Wk  startup_stm32g0b1xx.o [1]
WWDG_IRQHandler          0x800'e1a7         Code  Wk  startup_stm32g0b1xx.o [1]
_LC                      0x801'05ed    0x8  Code  Lc  xprintffull_nomb.o [5]
_LitobFullNoMb           0x801'1395  0x124  Code  Lc  xprintffull_nomb.o [5]
_LocaleC_isspace         0x801'3621   0x14  Code  Gb  xlocale_c.o [5]
_LocaleC_isupper         0x801'3615    0x2  Code  Gb  xlocale_c.o [5]
_LocaleC_tolower         0x801'3635    0xc  Code  Gb  xlocale_c.o [5]
_Locale_lconv           0x2000'05d8   0x38  Data  Lc  xlocale_c.o [5]
_PrintfFullNoMb          0x801'05f5  0xda0  Code  Gb  xprintffull_nomb.o [5]
_PutcharsFullNoMb        0x801'1505   0x36  Code  Lc  xprintffull_nomb.o [5]
_SNProut                 0x801'45c1   0x1c  Code  Gb  xsnprout.o [5]
_SProut                  0x800'd76b    0xa  Code  Gb  xsprout.o [5]
__ICFEDIT_region_RAM_end__ {Abs}
                        0x2002'3fff         Data  Gb  <internal module>
__ICFEDIT_region_RAM_start__ {Abs}
                        0x2000'0000         Data  Gb  <internal module>
__NVIC_SetPriority       0x800'f381   0x3a  Code  Lc  stm32g0xx_hal_cortex.o [4]
__aeabi_JMP_BUF_SIZE {Abs}
                                0x8          --   Gb  setjmp.o [7]
__aeabi_cdcmple          0x801'3715         Code  Gb  DblCmpLe.o [6]
__aeabi_cdrcmple         0x801'3747         Code  Gb  DblCmpGe.o [6]
__aeabi_d2iz             0x801'37e9         Code  Gb  DblToI32.o [6]
__aeabi_d2uiz            0x801'380d         Code  Gb  DblToI32.o [6]
__aeabi_ddiv             0x801'3a19         Code  Gb  DblDiv.o [6]
__aeabi_dmul             0x801'3adb         Code  Gb  DblMul.o [6]
__aeabi_dsub             0x801'392b         Code  Gb  DblAddSub.o [6]
__aeabi_f2d              0x801'35e1         Code  Gb  FltToDbl.o [6]
__aeabi_f2iz             0x801'2de9         Code  Gb  FltToS32.o [6]
__aeabi_fdiv             0x801'353d         Code  Gb  FltDiv.o [6]
__aeabi_fmul             0x801'2d39         Code  Gb  FltMul.o [6]
__aeabi_i2d              0x801'385d         Code  Gb  IxxToDbl.o [6]
__aeabi_idiv0            0x801'2631         Code  Gb  IntDivZer.o [7]
__aeabi_ldiv0            0x801'2635         Code  Gb  I64DivZer.o [7]
__aeabi_memcpy           0x801'36d1         Code  Gb  ABImemcpy.o [7]
__aeabi_memcpy4          0x801'369d         Code  Gb  ABImemcpy.o [7]
__aeabi_memcpy8          0x801'369d         Code  Gb  ABImemcpy.o [7]
__aeabi_ui2d             0x801'383d         Code  Gb  IxxToDbl.o [6]
__aeabi_ui2f             0x801'2d19         Code  Gb  IxxToFlt.o [6]
__aeabi_uldivmod         0x800'f2c3         Code  Gb  I64DivMod.o [7]
__aeabi_uread4           0x800'd795         Code  Gb  uread4.o [7]
__aeabi_uwrite4          0x800'd745         Code  Gb  uwrite4.o [7]
__cmain                  0x801'4519         Code  Gb  cmain.o [7]
__exit                   0x801'3c8d   0x14  Code  Gb  exit.o [8]
__iar_Fail_s             0x801'3655   0x22  Code  Gb  xfail_s.o [5]
__iar_Memchr             0x801'05d5         Code  Gb  memchr.o [7]
__iar_Memcpy             0x801'36dd         Code  Gb  ABImemcpy.o [7]
__iar_Stoul              0x800'ddc5    0xa  Code  Gb  iar_Stoulx.o [5]
__iar_Stoulx             0x800'dc79  0x14c  Code  Gb  iar_Stoulx.o [5]
__iar_Strchr             0x800'd759         Code  Gb  strchr.o [7]
__iar_d2uiz              0x801'3811         Code  Gb  DblToI32.o [6]
__iar_data_init3         0x801'43e1   0x28  Code  Gb  data_init.o [7]
__iar_frexp              0x801'36f7         Code  Gb  frexp.o [6]
__iar_frexp64            0x801'36eb         Code  Gb  frexp.o [6]
__iar_frexpl             0x801'36f7         Code  Gb  frexp.o [6]
__iar_globLocale        0x2000'0610   0x48  Data  Lc  xlocale_c.o [5]
__iar_global_Locale      0x801'3641    0x4  Code  Gb  xlocale_c.o [5]
__iar_ldexp64            0x801'3779         Code  Gb  ldexp.o [6]
__iar_lz77_init_single3
                         0x801'41e5   0x80  Code  Gb  lz77_init_single.o [7]
__iar_program_start      0x801'45a5         Code  Gb  cstartup_M.o [7]
__iar_scalbln64          0x801'3779         Code  Gb  ldexp.o [6]
__iar_scalbn64           0x801'3779         Code  Gb  ldexp.o [6]
__iar_small_Memset4_word
                         0x800'e181         Code  Gb  ABImemset_small.o [7]
__iar_small_Memset_word
                         0x800'e181         Code  Gb  ABImemset_small.o [7]
__iar_small_idiv         0x800'f265         Code  Gb  I32DivMod.o [7]
__iar_small_idivmod      0x800'f265         Code  Gb  I32DivMod.o [7]
__iar_small_memclr       0x800'e17d         Code  Gb  ABImemset_small.o [7]
__iar_small_memclr4      0x800'e17d         Code  Gb  ABImemset_small.o [7]
__iar_small_memclr8      0x800'e17d         Code  Gb  ABImemset_small.o [7]
__iar_small_memset       0x800'e181         Code  Gb  ABImemset_small.o [7]
__iar_small_memset4      0x800'e181         Code  Gb  ABImemset_small.o [7]
__iar_small_memset8      0x800'e181         Code  Gb  ABImemset_small.o [7]
__iar_small_strcpy       0x800'd785         Code  Gb  strcpy_small.o [7]
__iar_small_strncpy      0x800'e1a9         Code  Gb  strncpy_small.o [7]
__iar_small_uidiv        0x800'f28d         Code  Gb  I32DivMod.o [7]
__iar_small_uidivmod     0x800'f28d         Code  Gb  I32DivMod.o [7]
__iar_zero_init3         0x801'43a5   0x3c  Code  Gb  zero_init3.o [7]
__low_level_init         0x801'4537    0x4  Code  Gb  low_level_init.o [5]
__vector_table           0x800'b000         Data  Gb  startup_stm32g0b1xx.o [1]
_call_main               0x801'4525         Code  Gb  cmain.o [7]
_exit                    0x801'4545         Code  Gb  cexit.o [7]
abort                    0x801'3c83    0xa  Code  Gb  abort.o [5]
atoi                     0x800'ddcf    0x4  Code  Gb  iar_Stoulx.o [5]
bGPS_eGetGPSLoc_Exe      0x800'df7b  0x156  Code  Gb  GPS.o [2]
bGSM_eCheckAPNSetting_Exe
                         0x800'b9e9   0x78  Code  Gb  GSM.o [2]
bGSM_eCheckPendingSMSFromME_Exe
                         0x800'c073   0x2e  Code  Gb  GSM.o [2]
bGSM_eCheckPendingSMSFromSIM_Exe
                         0x800'c045   0x2e  Code  Gb  GSM.o [2]
bGSM_eDeleteSMS_Exe      0x800'c1d1   0x2c  Code  Gb  GSM.o [2]
bGSM_eGetICCIDNum_Exe    0x800'b1b1   0x5a  Code  Gb  GSM.o [2]
bGSM_eGetIMEINum_Exe     0x800'b157   0x5a  Code  Gb  GSM.o [2]
bGSM_eGetPendingSMS_Exe
                         0x800'c0a1   0x78  Code  Gb  GSM.o [2]
bGSM_eNetworkSetup_Exe   0x800'b895   0x7c  Code  Gb  GSM.o [2]
bGSM_eReadNetworkRegStatus_Exe
                         0x800'b915   0x6e  Code  Gb  GSM.o [2]
bGSM_eSendSMS_Exe        0x800'c209   0x60  Code  Gb  GSM.o [2]
bGSM_eWait4RespOrTimeOut_Exe
                         0x800'b28d   0x3a  Code  Gb  GSM.o [2]
bMQTT_CheckAndConnect_Exe
                         0x800'bd15   0xb2  Code  Gb  GSM.o [2]
bMQTT_PublishPayload_Exe
                         0x800'bf41    0xc  Code  Gb  GSM.o [2]
bMQTT_PublishVehicleState_Exe
                         0x800'bf4d   0x50  Code  Gb  GSM.o [2]
bMQTT_SendPublishCmd_Exe
                         0x800'be39   0x3e  Code  Gb  GSM.o [2]
bMQTT_SubscribeTopic_Exe
                         0x800'bfc1   0x28  Code  Gb  GSM.o [2]
bUTL_eCompareData_Exe    0x800'de6d   0x24  Code  Gb  UTL.o [2]
cAPP_eGPSDataBuffer     0x2000'005c  0x384  Data  Gb  APP.o [2]
cAPP_eGlobalBuffer      0x2000'0ee8  0x1f4  Data  Gb  APP.o [2]
cGEN_eDataType          0x2000'03e0    0xc  Data  Gb  GEN.o [2]
cGSM_QUECTEL_eATCommandTbl
                        0x2000'03ec   0xfc  Data  Gb  GSM.o [2]
cGSM_QUECTEL_eATResponseTbl
                        0x2000'04e8   0xac  Data  Gb  GSM.o [2]
cOTA_eOTACommandTbl     0x2000'05bc    0xc  Data  Gb  OTA.o [2]
cOTA_eOTAResponseTbl    0x2000'0594   0x28  Data  Gb  OTA.o [2]
digits                   0x801'42f8   0x28  Data  Lc  iar_Stoulx.o [5]
exit                     0x801'453b    0x8  Code  Gb  exit.o [5]
frexp                    0x801'36eb         Code  Gb  frexp.o [6]
frexpl                   0x801'36eb         Code  Gb  frexp.o [6]
hadc                    0x2000'1378   0x64  Data  Gb  BATT.o [2]
hdma_adc1               0x2000'1440   0x60  Data  Gb  BATT.o [2]
hfdcan1                 0x2000'13dc   0x64  Data  Gb  CAN.o [2]
hi2c1                   0x2000'1550   0x54  Data  Gb  COMM.o [2]
hiwdg                   0x2000'004c   0x10  Data  Gb  APP.o [2]
htim16                  0x2000'15a4   0x4c  Data  Gb  COMM.o [2]
huart1                  0x2000'10dc   0x94  Data  Gb  COMM.o [2]
huart3                  0x2000'1170   0x94  Data  Gb  COMM.o [2]
isspace                  0x801'05b1   0x12  Code  Gb  isspace.o [5]
jmpBuffer               0x2000'15f0   0x40  Data  Gb  APP.o [2]
ldexp                    0x801'3779         Code  Gb  ldexp.o [6]
ldexpl                   0x801'3779         Code  Gb  ldexp.o [6]
localeconv               0x801'3645    0x4  Code  Gb  xlocale_c.o [5]
longjmp                  0x801'40b9         Code  Gb  setjmp.o [7]
main                     0x800'd7ad  0x23a  Code  Gb  APP.o [2]
memchr                   0x801'05d5         Code  Gb  memchr.o [7]
memset                   0x801'153b   0x14  Code  Gb  memset.o [7]
ndigs                    0x801'42d0   0x28  Data  Lc  iar_Stoulx.o [5]
pucUTL_eSearchChar_Exe   0x800'de45   0x28  Code  Gb  UTL.o [2]
sFilterConfig           0x2000'12c8   0x18  Data  Gb  CAN.o [2]
scalbln                  0x801'3779         Code  Gb  ldexp.o [6]
scalblnl                 0x801'3779         Code  Gb  ldexp.o [6]
scalbn                   0x801'3779         Code  Gb  ldexp.o [6]
scalbnl                  0x801'3779         Code  Gb  ldexp.o [6]
scale                    0x801'14b9   0x44  Code  Lc  xprintffull_nomb.o [5]
sec_hand                0x2000'1688    0x4  Data  Lc  xfail_s.o [5]
snprintf                 0x800'e131   0x4c  Code  Gb  snprintf.o [5]
sprintf                  0x800'de05   0x40  Code  Gb  sprintf.o [5]
strchr                   0x800'd759         Code  Gb  strchr.o [7]
strlen                   0x800'd775         Code  Gb  strlen.o [7]
strncmp                  0x801'350f   0x2e  Code  Gb  strncmp.o [5]
strrchr                  0x800'e18d    0x2  Code  Gb  strrchr.o [5]
strstr                   0x800'dc4b   0x2e  Code  Gb  strstr.o [5]
tolower                  0x801'05c3   0x12  Code  Gb  tolower.o [5]
ucCAN_eRxData           0x2000'1294    0x8  Data  Gb  CAN.o [2]
ucCAN_eTxData           0x2000'1308    0x8  Data  Gb  CAN.o [2]
ucEEPROM_eReadByte_Exe   0x800'e2c7   0x38  Code  Gb  E2PROM_I2C.o [2]
ucGPS_eGetGPSPowerStatus_Exe
                         0x800'def1   0x44  Code  Gb  GPS.o [2]
ucGSM_eCheckATResponse_Exe
                         0x800'b3d9   0x38  Code  Gb  GSM.o [2]
ucGSM_eCompareStringInGSMBuff_Exe
                         0x800'b2cd   0x94  Code  Gb  GSM.o [2]
ucGSM_eProcessATCmdDualRespWithCmdNum_Exe
                         0x800'b4eb   0x16  Code  Gb  GSM.o [2]
ucGSM_eProcessATCmdDualRespWithPtr_Exe
                         0x800'b4d9   0x12  Code  Gb  GSM.o [2]
ucGSM_eProcessATCmdDualResp_Exe
                         0x800'b51d   0xee  Code  Gb  GSM.o [2]
ucGSM_eProcessATCmdWithCmdNum_Exe
                         0x800'b20b    0xe  Code  Gb  GSM.o [2]
ucGSM_eProcessATCmdWithCmdPtr_Exe
                         0x800'b219    0x8  Code  Gb  GSM.o [2]
ucGSM_eProcessATCmd_Exe
                         0x800'b221   0x6c  Code  Gb  GSM.o [2]
ucGSM_eReadRTC_Exe       0x800'baf9   0xa0  Code  Gb  GSM.o [2]
ucGSM_eReadSMS_Exe       0x800'c119   0xb8  Code  Gb  GSM.o [2]
ucGSM_eReadSignalStrength_Exe
                         0x800'b80d   0x88  Code  Gb  GSM.o [2]
ucGSM_eWait4RespOrTimeOutDualResp_Exe
                         0x800'b611   0x88  Code  Gb  GSM.o [2]
ucGSM_eWaitForATResponse
                         0x800'bcdd   0x30  Code  Gb  GSM.o [2]
ucGSM_iReadAndDeleteSMS_Exe
                         0x801'03ad   0x86  Code  Lc  OTA.o [2]
uwTick                  0x2000'05cc    0x4  Data  Gb  stm32g0xx_hal.o [4]
uwTickFreq              0x2000'05c8    0x1  Data  Gb  stm32g0xx_hal.o [4]
uwTickPrio              0x2000'05d0    0x4  Data  Gb  stm32g0xx_hal.o [4]
vAPP_eFeedTheWDT_Exe     0x800'dc1d    0xa  Code  Gb  APP.o [2]
vAPP_eSendLiveDataAtTxRate_Exe
                         0x800'd9e7   0xa2  Code  Gb  APP.o [2]
vAPP_iReadIgnStatus_Exe
                         0x800'db7d   0x16  Code  Lc  APP.o [2]
vAPP_iSendLiveModeData_Exe::prevIgnStatus
                        0x2000'0010    0x1  Data  Lc  APP.o [2]
vAPP_iVehicleRunStatusAction_Exe
                         0x800'da91   0x6e  Code  Gb  APP.o [2]
vBATT_Start_ADC          0x800'f525    0xe  Code  Gb  BATT.o [2]
vBATT_eDetectBatteryPresence
                         0x800'f563   0x34  Code  Gb  BATT.o [2]
vBATT_eInit              0x800'f42d   0xf8  Code  Gb  BATT.o [2]
vCAN_eGetBattID_Exe      0x800'fc99   0x72  Code  Gb  CAN.o [2]
vCAN_eInit               0x800'f761  0x15c  Code  Gb  CAN.o [2]
vCAN_eReadCANData_Exe    0x800'f91d  0x366  Code  Gb  CAN.o [2]
vCAN_eSendCANCommands_Exe
                         0x800'f8df   0x1c  Code  Gb  CAN.o [2]
vCOMM_eTxString_Exe      0x800'c601   0x2a  Code  Gb  COMM.o [2]
vCOMM_eUSART1Init        0x800'c57d   0x24  Code  Gb  COMM.o [2]
vCOMM_eUSART3Init        0x800'c5a1   0x20  Code  Gb  COMM.o [2]
vCONFIGEEPROM_eLoadDefaultPar_Exe
                         0x801'0257  0x106  Code  Gb  CONFIG_EEPROM.o [2]
vCONFIGEEPROM_eReadConfigData_Exe
                         0x801'00fd  0x15a  Code  Gb  CONFIG_EEPROM.o [2]
vEEPROM_eInit            0x800'e1cd   0x4a  Code  Gb  E2PROM_I2C.o [2]
vEEPROM_eReadBytes_Exe   0x800'e2ff   0x2c  Code  Gb  E2PROM_I2C.o [2]
vEEPROM_eWriteByte_Exe   0x800'e265   0x44  Code  Gb  E2PROM_I2C.o [2]
vEEPROM_eWriteBytes_Exe
                         0x800'e2a9   0x1e  Code  Gb  E2PROM_I2C.o [2]
vEEPROM_iMakeWPEnable_Exe
                         0x800'e32b    0xe  Code  Lc  E2PROM_I2C.o [2]
vFTP_eCheckFTPServerForFWUpdate_Exe
                         0x801'049d   0xa0  Code  Gb  FTP.o [2]
vGEN_eLoadAndParseData_Exe
                         0x800'fd35  0x292  Code  Gb  GEN.o [2]
vGEN_eLoadTxRate_Exe     0x800'ffd5   0x6a  Code  Gb  GEN.o [2]
vGEN_eMakeIntBattChargingOnOff_Exe
                         0x801'004d   0x38  Code  Gb  GEN.o [2]
vGEN_eONBattChg_Exe      0x801'0089   0x2c  Code  Gb  GEN.o [2]
vGPS_eInit               0x800'de95   0x5c  Code  Gb  GPS.o [2]
vGPS_eOperateGPSLED_Exe
                         0x800'e0f7   0x2c  Code  Gb  GPS.o [2]
vGPS_eReadGPSData_Exe    0x800'e0d1   0x26  Code  Gb  GPS.o [2]
vGPS_eSetGPSPower_Exe    0x800'df35   0x34  Code  Gb  GPS.o [2]
vGPS_eStartGPS_Exe       0x800'df69   0x12  Code  Gb  GPS.o [2]
vGSM_ParseMQTTMessage    0x800'bead   0x80  Code  Gb  GSM.o [2]
vGSM_SendByte            0x800'bcb1   0x12  Code  Gb  GSM.o [2]
vGSM_SendString          0x800'bcc9   0x14  Code  Gb  GSM.o [2]
vGSM_eDisableGPRS_Exe    0x800'b49d   0x38  Code  Gb  GSM.o [2]
vGSM_eEnableGPRS_Exe     0x800'bb9d   0x42  Code  Gb  GSM.o [2]
vGSM_eInit               0x800'b0bd   0x9a  Code  Gb  GSM.o [2]
vGSM_eInitaliseGSM_Exe   0x800'b699   0x30  Code  Gb  GSM.o [2]
vGSM_eInitialSetup_Exe   0x800'b6e1   0x8a  Code  Gb  GSM.o [2]
vGSM_ePWRKeyStartGSM_Exe
                         0x800'b411   0x58  Code  Gb  GSM.o [2]
vGSM_eReStartGSM_Exe     0x800'bc15   0x82  Code  Gb  GSM.o [2]
vGSM_eReadGPRSStatus_Exe
                         0x800'bbdf   0x32  Code  Gb  GSM.o [2]
vGSM_eReadNetworkInfo_Exe
                         0x800'b983   0x62  Code  Gb  GSM.o [2]
vGSM_eReadSIMInsertStatus_Exe
                         0x800'b7cb   0x32  Code  Gb  GSM.o [2]
vGSM_eRegisterAndSetModule_Exe
                         0x800'b76b   0x60  Code  Gb  GSM.o [2]
vGSM_eResetGSM_Exe       0x800'b46d   0x30  Code  Gb  GSM.o [2]
vGSM_eSetAPN_Exe         0x800'ba71   0x4a  Code  Gb  GSM.o [2]
vGSM_eStartGSM_Exe       0x800'b371   0x64  Code  Gb  GSM.o [2]
vGSM_eUpdateTimeZoneAndRTC_Exe
                         0x800'bae1   0x18  Code  Gb  GSM.o [2]
vMQTT_Disconnect_Exe     0x800'c005   0x2c  Code  Gb  GSM.o [2]
vODO_eCalculateTripAndOdo_Exe
                         0x800'f647  0x108  Code  Gb  ODO.o [2]
vODO_eInit               0x800'f631   0x16  Code  Gb  ODO.o [2]
vOTA_eExecuteOTACmd_Exe
                         0x801'0433   0x44  Code  Gb  OTA.o [2]
vOTA_eReadSMSOTACmdFromME_Exe
                         0x801'0395   0x18  Code  Gb  OTA.o [2]
vOTA_eReadSMSOTACmdFromSIM_Exe
                         0x801'037d   0x18  Code  Gb  OTA.o [2]


[1] = D:\BZ\PROJECTS\Embedded Firmware\BZ\Standalone_IoT\Firmware\Standalone_IOT\Standalone_IOT (MQTT with BL)\MainProg\EWARM\standalone_IoT-ver_1.0\Obj\Application\EWARM
[2] = D:\BZ\PROJECTS\Embedded Firmware\BZ\Standalone_IoT\Firmware\Standalone_IOT\Standalone_IOT (MQTT with BL)\MainProg\EWARM\standalone_IoT-ver_1.0\Obj\Application\User\Core
[3] = D:\BZ\PROJECTS\Embedded Firmware\BZ\Standalone_IoT\Firmware\Standalone_IOT\Standalone_IOT (MQTT with BL)\MainProg\EWARM\standalone_IoT-ver_1.0\Obj\Drivers\CMSIS
[4] = D:\BZ\PROJECTS\Embedded Firmware\BZ\Standalone_IoT\Firmware\Standalone_IOT\Standalone_IOT (MQTT with BL)\MainProg\EWARM\standalone_IoT-ver_1.0\Obj\Drivers\STM32G0xx_HAL_Driver
[5] = dl6M_tlf.a
[6] = m6M_tl.a
[7] = rt6M_tl.a
[8] = shb_l.a

  37'108 bytes of readonly  code memory
   3'153 bytes of readonly  data memory
   6'796 bytes of readwrite data memory

Errors: none
Warnings: none
