###############################################################################
#
# IAR ELF Linker V9.30.1.335/W64 for ARM                  30/Jul/2025  12:36:21
# Copyright 2007-2022 IAR Systems AB.
#
#    Output file  =
#        D:\BZ\PROJECTS\Embedded
#        Firmware\BZ\Standalone_IoT\Firmware\Standalone_IOT\Standalone_IOT
#        (MQTT with
#        BL)\MainProg\EWARM\standalone_IoT-ver_1.0\Exe\standalone_IoT-ver_1.0.out
#    Map file     =
#        D:\BZ\PROJECTS\Embedded
#        Firmware\BZ\Standalone_IoT\Firmware\Standalone_IOT\Standalone_IOT
#        (MQTT with
#        BL)\MainProg\EWARM\standalone_IoT-ver_1.0\List\standalone_IoT-ver_1.0.map
#    Command line =
#        -f "D:\BZ\PROJECTS\Embedded
#        Firmware\BZ\Standalone_IoT\Firmware\Standalone_IOT\Standalone_IOT
#        (MQTT with
#        BL)\MainProg\EWARM\standalone_IoT-ver_1.0\Exe\standalone_IoT-ver_1.0.out.rsp"
#        ("D:\BZ\PROJECTS\Embedded
#        Firmware\BZ\Standalone_IoT\Firmware\Standalone_IOT\Standalone_IOT
#        (MQTT with
#        BL)\MainProg\EWARM\standalone_IoT-ver_1.0\Obj\Application\User\Core\ADC.o"
#        "D:\BZ\PROJECTS\Embedded
#        Firmware\BZ\Standalone_IoT\Firmware\Standalone_IOT\Standalone_IOT
#        (MQTT with
#        BL)\MainProg\EWARM\standalone_IoT-ver_1.0\Obj\Application\User\Core\APP.o"
#        "D:\BZ\PROJECTS\Embedded
#        Firmware\BZ\Standalone_IoT\Firmware\Standalone_IOT\Standalone_IOT
#        (MQTT with
#        BL)\MainProg\EWARM\standalone_IoT-ver_1.0\Obj\Application\User\Core\BATT.o"
#        "D:\BZ\PROJECTS\Embedded
#        Firmware\BZ\Standalone_IoT\Firmware\Standalone_IOT\Standalone_IOT
#        (MQTT with
#        BL)\MainProg\EWARM\standalone_IoT-ver_1.0\Obj\Application\User\Core\CAN.o"
#        "D:\BZ\PROJECTS\Embedded
#        Firmware\BZ\Standalone_IoT\Firmware\Standalone_IOT\Standalone_IOT
#        (MQTT with
#        BL)\MainProg\EWARM\standalone_IoT-ver_1.0\Obj\Application\User\Core\COMM.o"
#        "D:\BZ\PROJECTS\Embedded
#        Firmware\BZ\Standalone_IoT\Firmware\Standalone_IOT\Standalone_IOT
#        (MQTT with
#        BL)\MainProg\EWARM\standalone_IoT-ver_1.0\Obj\Application\User\Core\CONFIG_EEPROM.o"
#        "D:\BZ\PROJECTS\Embedded
#        Firmware\BZ\Standalone_IoT\Firmware\Standalone_IOT\Standalone_IOT
#        (MQTT with
#        BL)\MainProg\EWARM\standalone_IoT-ver_1.0\Obj\Application\User\Core\E2PROM_I2C.o"
#        "D:\BZ\PROJECTS\Embedded
#        Firmware\BZ\Standalone_IoT\Firmware\Standalone_IOT\Standalone_IOT
#        (MQTT with
#        BL)\MainProg\EWARM\standalone_IoT-ver_1.0\Obj\Application\User\Core\FTP.o"
#        "D:\BZ\PROJECTS\Embedded
#        Firmware\BZ\Standalone_IoT\Firmware\Standalone_IOT\Standalone_IOT
#        (MQTT with
#        BL)\MainProg\EWARM\standalone_IoT-ver_1.0\Obj\Application\User\Core\GEN.o"
#        "D:\BZ\PROJECTS\Embedded
#        Firmware\BZ\Standalone_IoT\Firmware\Standalone_IOT\Standalone_IOT
#        (MQTT with
#        BL)\MainProg\EWARM\standalone_IoT-ver_1.0\Obj\Application\User\Core\GPS.o"
#        "D:\BZ\PROJECTS\Embedded
#        Firmware\BZ\Standalone_IoT\Firmware\Standalone_IOT\Standalone_IOT
#        (MQTT with
#        BL)\MainProg\EWARM\standalone_IoT-ver_1.0\Obj\Application\User\Core\GSM.o"
#        "D:\BZ\PROJECTS\Embedded
#        Firmware\BZ\Standalone_IoT\Firmware\Standalone_IOT\Standalone_IOT
#        (MQTT with
#        BL)\MainProg\EWARM\standalone_IoT-ver_1.0\Obj\Application\User\Core\main.o"
#        "D:\BZ\PROJECTS\Embedded
#        Firmware\BZ\Standalone_IoT\Firmware\Standalone_IOT\Standalone_IOT
#        (MQTT with
#        BL)\MainProg\EWARM\standalone_IoT-ver_1.0\Obj\Application\User\Core\MCUFlash.o"
#        "D:\BZ\PROJECTS\Embedded
#        Firmware\BZ\Standalone_IoT\Firmware\Standalone_IOT\Standalone_IOT
#        (MQTT with
#        BL)\MainProg\EWARM\standalone_IoT-ver_1.0\Obj\Application\User\Core\ODO.o"
#        "D:\BZ\PROJECTS\Embedded
#        Firmware\BZ\Standalone_IoT\Firmware\Standalone_IOT\Standalone_IOT
#        (MQTT with
#        BL)\MainProg\EWARM\standalone_IoT-ver_1.0\Obj\Application\User\Core\OTA.o"
#        "D:\BZ\PROJECTS\Embedded
#        Firmware\BZ\Standalone_IoT\Firmware\Standalone_IOT\Standalone_IOT
#        (MQTT with
#        BL)\MainProg\EWARM\standalone_IoT-ver_1.0\Obj\Application\EWARM\startup_stm32g0b1xx.o"
#        "D:\BZ\PROJECTS\Embedded
#        Firmware\BZ\Standalone_IoT\Firmware\Standalone_IOT\Standalone_IOT
#        (MQTT with
#        BL)\MainProg\EWARM\standalone_IoT-ver_1.0\Obj\Drivers\STM32G0xx_HAL_Driver\stm32g0xx_hal.o"
#        "D:\BZ\PROJECTS\Embedded
#        Firmware\BZ\Standalone_IoT\Firmware\Standalone_IOT\Standalone_IOT
#        (MQTT with
#        BL)\MainProg\EWARM\standalone_IoT-ver_1.0\Obj\Drivers\STM32G0xx_HAL_Driver\stm32g0xx_hal_adc.o"
#        "D:\BZ\PROJECTS\Embedded
#        Firmware\BZ\Standalone_IoT\Firmware\Standalone_IOT\Standalone_IOT
#        (MQTT with
#        BL)\MainProg\EWARM\standalone_IoT-ver_1.0\Obj\Drivers\STM32G0xx_HAL_Driver\stm32g0xx_hal_adc_ex.o"
#        "D:\BZ\PROJECTS\Embedded
#        Firmware\BZ\Standalone_IoT\Firmware\Standalone_IOT\Standalone_IOT
#        (MQTT with
#        BL)\MainProg\EWARM\standalone_IoT-ver_1.0\Obj\Drivers\STM32G0xx_HAL_Driver\stm32g0xx_hal_cortex.o"
#        "D:\BZ\PROJECTS\Embedded
#        Firmware\BZ\Standalone_IoT\Firmware\Standalone_IOT\Standalone_IOT
#        (MQTT with
#        BL)\MainProg\EWARM\standalone_IoT-ver_1.0\Obj\Drivers\STM32G0xx_HAL_Driver\stm32g0xx_hal_crc.o"
#        "D:\BZ\PROJECTS\Embedded
#        Firmware\BZ\Standalone_IoT\Firmware\Standalone_IOT\Standalone_IOT
#        (MQTT with
#        BL)\MainProg\EWARM\standalone_IoT-ver_1.0\Obj\Drivers\STM32G0xx_HAL_Driver\stm32g0xx_hal_crc_ex.o"
#        "D:\BZ\PROJECTS\Embedded
#        Firmware\BZ\Standalone_IoT\Firmware\Standalone_IOT\Standalone_IOT
#        (MQTT with
#        BL)\MainProg\EWARM\standalone_IoT-ver_1.0\Obj\Drivers\STM32G0xx_HAL_Driver\stm32g0xx_hal_dma.o"
#        "D:\BZ\PROJECTS\Embedded
#        Firmware\BZ\Standalone_IoT\Firmware\Standalone_IOT\Standalone_IOT
#        (MQTT with
#        BL)\MainProg\EWARM\standalone_IoT-ver_1.0\Obj\Drivers\STM32G0xx_HAL_Driver\stm32g0xx_hal_dma_ex.o"
#        "D:\BZ\PROJECTS\Embedded
#        Firmware\BZ\Standalone_IoT\Firmware\Standalone_IOT\Standalone_IOT
#        (MQTT with
#        BL)\MainProg\EWARM\standalone_IoT-ver_1.0\Obj\Drivers\STM32G0xx_HAL_Driver\stm32g0xx_hal_exti.o"
#        "D:\BZ\PROJECTS\Embedded
#        Firmware\BZ\Standalone_IoT\Firmware\Standalone_IOT\Standalone_IOT
#        (MQTT with
#        BL)\MainProg\EWARM\standalone_IoT-ver_1.0\Obj\Drivers\STM32G0xx_HAL_Driver\stm32g0xx_hal_fdcan.o"
#        "D:\BZ\PROJECTS\Embedded
#        Firmware\BZ\Standalone_IoT\Firmware\Standalone_IOT\Standalone_IOT
#        (MQTT with
#        BL)\MainProg\EWARM\standalone_IoT-ver_1.0\Obj\Drivers\STM32G0xx_HAL_Driver\stm32g0xx_hal_flash.o"
#        "D:\BZ\PROJECTS\Embedded
#        Firmware\BZ\Standalone_IoT\Firmware\Standalone_IOT\Standalone_IOT
#        (MQTT with
#        BL)\MainProg\EWARM\standalone_IoT-ver_1.0\Obj\Drivers\STM32G0xx_HAL_Driver\stm32g0xx_hal_flash_ex.o"
#        "D:\BZ\PROJECTS\Embedded
#        Firmware\BZ\Standalone_IoT\Firmware\Standalone_IOT\Standalone_IOT
#        (MQTT with
#        BL)\MainProg\EWARM\standalone_IoT-ver_1.0\Obj\Drivers\STM32G0xx_HAL_Driver\stm32g0xx_hal_gpio.o"
#        "D:\BZ\PROJECTS\Embedded
#        Firmware\BZ\Standalone_IoT\Firmware\Standalone_IOT\Standalone_IOT
#        (MQTT with
#        BL)\MainProg\EWARM\standalone_IoT-ver_1.0\Obj\Drivers\STM32G0xx_HAL_Driver\stm32g0xx_hal_i2c.o"
#        "D:\BZ\PROJECTS\Embedded
#        Firmware\BZ\Standalone_IoT\Firmware\Standalone_IOT\Standalone_IOT
#        (MQTT with
#        BL)\MainProg\EWARM\standalone_IoT-ver_1.0\Obj\Drivers\STM32G0xx_HAL_Driver\stm32g0xx_hal_i2c_ex.o"
#        "D:\BZ\PROJECTS\Embedded
#        Firmware\BZ\Standalone_IoT\Firmware\Standalone_IOT\Standalone_IOT
#        (MQTT with
#        BL)\MainProg\EWARM\standalone_IoT-ver_1.0\Obj\Drivers\STM32G0xx_HAL_Driver\stm32g0xx_hal_iwdg.o"
#        "D:\BZ\PROJECTS\Embedded
#        Firmware\BZ\Standalone_IoT\Firmware\Standalone_IOT\Standalone_IOT
#        (MQTT with
#        BL)\MainProg\EWARM\standalone_IoT-ver_1.0\Obj\Application\User\Core\stm32g0xx_hal_msp.o"
#        "D:\BZ\PROJECTS\Embedded
#        Firmware\BZ\Standalone_IoT\Firmware\Standalone_IOT\Standalone_IOT
#        (MQTT with
#        BL)\MainProg\EWARM\standalone_IoT-ver_1.0\Obj\Drivers\STM32G0xx_HAL_Driver\stm32g0xx_hal_pwr.o"
#        "D:\BZ\PROJECTS\Embedded
#        Firmware\BZ\Standalone_IoT\Firmware\Standalone_IOT\Standalone_IOT
#        (MQTT with
#        BL)\MainProg\EWARM\standalone_IoT-ver_1.0\Obj\Drivers\STM32G0xx_HAL_Driver\stm32g0xx_hal_pwr_ex.o"
#        "D:\BZ\PROJECTS\Embedded
#        Firmware\BZ\Standalone_IoT\Firmware\Standalone_IOT\Standalone_IOT
#        (MQTT with
#        BL)\MainProg\EWARM\standalone_IoT-ver_1.0\Obj\Drivers\STM32G0xx_HAL_Driver\stm32g0xx_hal_rcc.o"
#        "D:\BZ\PROJECTS\Embedded
#        Firmware\BZ\Standalone_IoT\Firmware\Standalone_IOT\Standalone_IOT
#        (MQTT with
#        BL)\MainProg\EWARM\standalone_IoT-ver_1.0\Obj\Drivers\STM32G0xx_HAL_Driver\stm32g0xx_hal_rcc_ex.o"
#        "D:\BZ\PROJECTS\Embedded
#        Firmware\BZ\Standalone_IoT\Firmware\Standalone_IOT\Standalone_IOT
#        (MQTT with
#        BL)\MainProg\EWARM\standalone_IoT-ver_1.0\Obj\Drivers\STM32G0xx_HAL_Driver\stm32g0xx_hal_tim.o"
#        "D:\BZ\PROJECTS\Embedded
#        Firmware\BZ\Standalone_IoT\Firmware\Standalone_IOT\Standalone_IOT
#        (MQTT with
#        BL)\MainProg\EWARM\standalone_IoT-ver_1.0\Obj\Drivers\STM32G0xx_HAL_Driver\stm32g0xx_hal_tim_ex.o"
#        "D:\BZ\PROJECTS\Embedded
#        Firmware\BZ\Standalone_IoT\Firmware\Standalone_IOT\Standalone_IOT
#        (MQTT with
#        BL)\MainProg\EWARM\standalone_IoT-ver_1.0\Obj\Drivers\STM32G0xx_HAL_Driver\stm32g0xx_hal_uart.o"
#        "D:\BZ\PROJECTS\Embedded
#        Firmware\BZ\Standalone_IoT\Firmware\Standalone_IOT\Standalone_IOT
#        (MQTT with
#        BL)\MainProg\EWARM\standalone_IoT-ver_1.0\Obj\Drivers\STM32G0xx_HAL_Driver\stm32g0xx_hal_uart_ex.o"
#        "D:\BZ\PROJECTS\Embedded
#        Firmware\BZ\Standalone_IoT\Firmware\Standalone_IOT\Standalone_IOT
#        (MQTT with
#        BL)\MainProg\EWARM\standalone_IoT-ver_1.0\Obj\Application\User\Core\stm32g0xx_it.o"
#        "D:\BZ\PROJECTS\Embedded
#        Firmware\BZ\Standalone_IoT\Firmware\Standalone_IOT\Standalone_IOT
#        (MQTT with
#        BL)\MainProg\EWARM\standalone_IoT-ver_1.0\Obj\Drivers\STM32G0xx_HAL_Driver\stm32g0xx_ll_adc.o"
#        "D:\BZ\PROJECTS\Embedded
#        Firmware\BZ\Standalone_IoT\Firmware\Standalone_IOT\Standalone_IOT
#        (MQTT with
#        BL)\MainProg\EWARM\standalone_IoT-ver_1.0\Obj\Drivers\STM32G0xx_HAL_Driver\stm32g0xx_ll_rcc.o"
#        "D:\BZ\PROJECTS\Embedded
#        Firmware\BZ\Standalone_IoT\Firmware\Standalone_IOT\Standalone_IOT
#        (MQTT with
#        BL)\MainProg\EWARM\standalone_IoT-ver_1.0\Obj\Drivers\CMSIS\system_stm32g0xx.o"
#        "D:\BZ\PROJECTS\Embedded
#        Firmware\BZ\Standalone_IoT\Firmware\Standalone_IOT\Standalone_IOT
#        (MQTT with
#        BL)\MainProg\EWARM\standalone_IoT-ver_1.0\Obj\Application\User\Core\UTL.o"
#        --no_out_extension -o "D:\BZ\PROJECTS\Embedded
#        Firmware\BZ\Standalone_IoT\Firmware\Standalone_IOT\Standalone_IOT
#        (MQTT with
#        BL)\MainProg\EWARM\standalone_IoT-ver_1.0\Exe\standalone_IoT-ver_1.0.out"
#        --redirect _Printf=_PrintfFullNoMb --redirect _Scanf=_ScanfFullNoMb
#        --map "D:\BZ\PROJECTS\Embedded
#        Firmware\BZ\Standalone_IoT\Firmware\Standalone_IOT\Standalone_IOT
#        (MQTT with
#        BL)\MainProg\EWARM\standalone_IoT-ver_1.0\List\standalone_IoT-ver_1.0.map"
#        --config "D:\BZ\PROJECTS\Embedded
#        Firmware\BZ\Standalone_IoT\Firmware\Standalone_IOT\Standalone_IOT
#        (MQTT with BL)\MainProg\EWARM/stm32g0b1xx_flash.icf" --semihosting
#        --entry __iar_program_start --vfe --text_out locale --cpu=Cortex-M0+
#        --fpu=None)
#
###############################################################################

*******************************************************************************
*** RUNTIME MODEL ATTRIBUTES
***

CppFlavor                   = *
__CPP_Runtime               = 1
__SystemLibrary             = DLib
__dlib_jmp_buf_num_elements = 8
__dlib_version              = 6


*******************************************************************************
*** HEAP SELECTION
***

The basic heap was selected because --advanced_heap
was not specified and the application did not appear to
be primarily optimized for speed.


*******************************************************************************
*** PLACEMENT SUMMARY
***

"A0":  place at address 0x800'b000 { ro section .intvec };
"P1":  place in [from 0x800'0000 to 0x803'ffff] { ro };
define block CSTACK with size = 1K, alignment = 8 { };
define block HEAP with size = 512, alignment = 8 { };
"P2":  place in [from 0x2000'0000 to 0x2002'3fff] {
          rw, block CSTACK, block HEAP };
initialize by copy { rw };

  Section            Kind         Address    Size  Object
  -------            ----         -------    ----  ------
"A0":                                        0xbc
  .intvec            ro code   0x800'b000    0xbc  startup_stm32g0b1xx.o [1]
                             - 0x800'b0bc    0xbc

"P1":                                      0x9aef
  .text              ro code   0x800'b0bc  0x107c  GSM.o [2]
  .text              ro code   0x800'c138   0x2e0  stm32g0xx_hal_gpio.o [4]
  .text              ro code   0x800'c418   0x158  COMM.o [2]
  .text              ro code   0x800'c570  0x104c  stm32g0xx_hal_uart.o [4]
  .text              ro code   0x800'd5bc    0x14  uwrite4.o [7]
  .text              ro code   0x800'd5d0    0x12  strchr.o [7]
  .text              ro code   0x800'd5e2     0xa  xsprout.o [5]
  .text              ro code   0x800'd5ec     0xe  strlen.o [7]
  .rodata            const     0x800'd5fa     0x2  GSM.o [2]
  .text              ro code   0x800'd5fc    0x10  strcpy_small.o [7]
  .text              ro code   0x800'd60c    0x16  uread4.o [7]
  .rodata            const     0x800'd622     0x2  xlocale_c.o [5]
  .text              ro code   0x800'd624   0x4c4  APP.o [2]
  .text              ro code   0x800'dae8    0x2e  strstr.o [5]
  .rodata            const     0x800'db16     0x2  xlocale_c.o [5]
  .text              ro code   0x800'db18   0x164  iar_Stoulx.o [5]
  .text              ro code   0x800'dc7c    0x28  stm32g0xx_hal.o [4]
  .text              ro code   0x800'dca4    0x40  sprintf.o [5]
  .text              ro code   0x800'dce4    0x4e  UTL.o [2]
  .text              ro code   0x800'dd32     0x2  startup_stm32g0b1xx.o [1]
  .text              ro code   0x800'dd34   0x29c  GPS.o [2]
  .text              ro code   0x800'dfd0    0x4c  snprintf.o [5]
  .text              ro code   0x800'e01c   0x118  stm32g0xx_hal_uart_ex.o [4]
  .text              ro code   0x800'e134   0x380  stm32g0xx_hal_msp.o [2]
  .text              ro code   0x800'e4b4     0xc  stm32g0xx_hal.o [4]
  .text              ro code   0x800'e4c0   0x410  stm32g0xx_hal_dma.o [4]
  .text              ro code   0x800'e8d0     0x2  stm32g0xx_hal_uart.o [4]
  .text              ro code   0x800'e8d2     0x2  stm32g0xx_hal_uart_ex.o [4]
  .text              ro code   0x800'e8d4     0x2  stm32g0xx_hal_uart.o [4]
  .text              ro code   0x800'e8d6     0x2  stm32g0xx_hal_uart_ex.o [4]
  .text              ro code   0x800'e8d8     0x2  stm32g0xx_hal_uart_ex.o [4]
  .text              ro code   0x800'e8da     0x2  startup_stm32g0b1xx.o [1]
  .text              ro code   0x800'e8dc   0x658  stm32g0xx_hal_rcc.o [4]
  .text              ro code   0x800'ef34    0x5e  I32DivMod.o [7]
  .text              ro code   0x800'ef92    0x7c  I64DivMod.o [7]
  .text              ro code   0x800'f00e     0x2  startup_stm32g0b1xx.o [1]
  .text              ro code   0x800'f010    0x40  stm32g0xx_hal.o [4]
  .text              ro code   0x800'f050    0x10  ABImemset_small.o [7]
  .text              ro code   0x800'f060    0xac  stm32g0xx_hal_cortex.o [4]
  .text              ro code   0x800'f10c   0x198  BATT.o [2]
  .text              ro code   0x800'f2a4    0x6c  stm32g0xx_hal_iwdg.o [4]
  .text              ro code   0x800'f310   0x180  E2PROM_I2C.o [2]
  .text              ro code   0x800'f490   0x130  ODO.o [2]
  .text              ro code   0x800'f5c0   0x5d4  CAN.o [2]
  .text              ro code   0x800'fb94   0x3c8  GEN.o [2]
  .text              ro code   0x800'ff5c   0x280  CONFIG_EEPROM.o [2]
  .text              ro code   0x801'01dc   0x120  OTA.o [2]
  .text              ro code   0x801'02fc    0xc8  FTP.o [2]
  .text              ro code   0x801'03c4    0x4c  stm32g0xx_hal_pwr_ex.o [4]
  .text              ro code   0x801'0410    0x12  isspace.o [5]
  .text              ro code   0x801'0422    0x12  tolower.o [5]
  .text              ro code   0x801'0434    0x16  memchr.o [7]
  .text              ro code   0x801'044a     0x2  startup_stm32g0b1xx.o [1]
  .text              ro code   0x801'044c   0xf4e  xprintffull_nomb.o [5]
  .text              ro code   0x801'139a    0x14  memset.o [7]
  .text              ro code   0x801'13ae     0x2  startup_stm32g0b1xx.o [1]
  .text              ro code   0x801'13b0   0x2a4  stm32g0xx_hal_rcc_ex.o [4]
  .text              ro code   0x801'1654    0x4c  stm32g0xx_hal.o [4]
  .text              ro code   0x801'16a0     0x2  IntDivZer.o [7]
  .text              ro code   0x801'16a2     0x2  startup_stm32g0b1xx.o [1]
  .text              ro code   0x801'16a4     0x2  I64DivZer.o [7]
  .text              ro code   0x801'16a6     0x2  startup_stm32g0b1xx.o [1]
  .text              ro code   0x801'16a8   0x6e0  stm32g0xx_hal_adc.o [4]
  .text              ro code   0x801'1d88    0x20  IxxToFlt.o [6]
  .text              ro code   0x801'1da8    0xb0  FltMul.o [6]
  .text              ro code   0x801'1e58    0x3a  FltToS32.o [6]
  .text              ro code   0x801'1e92     0x2  startup_stm32g0b1xx.o [1]
  .text              ro code   0x801'1e94   0xd64  stm32g0xx_hal_i2c.o [4]
  .text              ro code   0x801'2bf8    0x8c  stm32g0xx_hal_i2c_ex.o [4]
  .text              ro code   0x801'2c84   0x6ea  stm32g0xx_hal_fdcan.o [4]
  .text              ro code   0x801'336e    0x2e  strncmp.o [5]
  .text              ro code   0x801'339c    0xa4  FltDiv.o [6]
  .text              ro code   0x801'3440    0x32  FltToDbl.o [6]
  .text              ro code   0x801'3472     0x2  startup_stm32g0b1xx.o [1]
  .text              ro code   0x801'3474    0x40  xlocale_c.o [5]
  .text              ro code   0x801'34b4    0x48  xfail_s.o [5]
  .text              ro code   0x801'34fc    0x4e  ABImemcpy.o [7]
  .text              ro code   0x801'354a    0x2a  frexp.o [6]
  .text              ro code   0x801'3574    0x32  DblCmpLe.o [6]
  .text              ro code   0x801'35a6    0x32  DblCmpGe.o [6]
  .text              ro code   0x801'35d8    0x70  ldexp.o [6]
  .text              ro code   0x801'3648    0x52  DblToI32.o [6]
  .text              ro code   0x801'369a     0x2  startup_stm32g0b1xx.o [1]
  .text              ro code   0x801'369c    0x34  IxxToDbl.o [6]
  .text              ro code   0x801'36d0   0x1a8  DblAddSub.o [6]
  .text              ro code   0x801'3878    0xc2  DblDiv.o [6]
  .text              ro code   0x801'393a   0x184  DblMul.o [6]
  .text              ro code   0x801'3abe     0x2  stm32g0xx_hal_adc.o [4]
  .text              ro code   0x801'3ac0     0x2  stm32g0xx_hal_adc.o [4]
  .text              ro code   0x801'3ac2     0x2  stm32g0xx_hal_i2c.o [4]
  .text              ro code   0x801'3ac4     0x2  stm32g0xx_hal_i2c.o [4]
  .text              ro code   0x801'3ac6     0x2  stm32g0xx_hal_i2c.o [4]
  .text              ro code   0x801'3ac8     0x2  stm32g0xx_hal_i2c.o [4]
  .text              ro code   0x801'3aca     0x2  stm32g0xx_hal_i2c.o [4]
  .text              ro code   0x801'3acc     0x2  stm32g0xx_hal_i2c.o [4]
  .text              ro code   0x801'3ace     0x2  stm32g0xx_hal_fdcan.o [4]
  .text              ro code   0x801'3ad0     0x2  stm32g0xx_hal_fdcan.o [4]
  .text              ro code   0x801'3ad2     0x2  stm32g0xx_hal_fdcan.o [4]
  .text              ro code   0x801'3ad4     0x2  stm32g0xx_hal_fdcan.o [4]
  .text              ro code   0x801'3ad6     0x2  stm32g0xx_hal_fdcan.o [4]
  .text              ro code   0x801'3ad8     0x2  stm32g0xx_hal_fdcan.o [4]
  .text              ro code   0x801'3ada     0x2  stm32g0xx_hal_fdcan.o [4]
  .text              ro code   0x801'3adc     0x2  stm32g0xx_hal_fdcan.o [4]
  .text              ro code   0x801'3ade     0x2  stm32g0xx_hal_fdcan.o [4]
  .text              ro code   0x801'3ae0     0x2  stm32g0xx_hal_fdcan.o [4]
  .text              ro code   0x801'3ae2     0xa  abort.o [5]
  .text              ro code   0x801'3aec    0x14  exit.o [8]
  .rodata            const     0x801'3b00   0x174  GEN.o [2]
  .text              ro code   0x801'3c74   0x168  stm32g0xx_hal_tim.o [4]
  .text              ro code   0x801'3ddc     0x2  stm32g0xx_hal_tim.o [4]
  .text              ro code   0x801'3dde     0x2  stm32g0xx_hal_tim.o [4]
  .text              ro code   0x801'3de0     0x2  stm32g0xx_hal_tim.o [4]
  .text              ro code   0x801'3de2     0x2  stm32g0xx_hal_tim.o [4]
  .text              ro code   0x801'3de4     0x2  stm32g0xx_hal_tim_ex.o [4]
  .text              ro code   0x801'3de6     0x2  stm32g0xx_hal_tim_ex.o [4]
  .text              ro code   0x801'3de8     0x2  stm32g0xx_hal_tim.o [4]
  .text              ro code   0x801'3dea     0x2  stm32g0xx_hal_tim_ex.o [4]
  .text              ro code   0x801'3dec   0x12c  stm32g0xx_it.o [2]
  .text              ro code   0x801'3f18    0x1e  setjmp.o [7]
  .text              ro code   0x801'3f36     0x2  startup_stm32g0b1xx.o [1]
  .text              ro code   0x801'3f38    0x10  stm32g0xx_hal.o [4]
  .rodata            const     0x801'3f48    0xfc  CONFIG_EEPROM.o [2]
  .text              ro code   0x801'4044    0x80  lz77_init_single.o [7]
  .rodata            const     0x801'40c4    0x6a  xprintffull_nomb.o [5]
  .text              ro code   0x801'412e     0x2  startup_stm32g0b1xx.o [1]
  .rodata            const     0x801'4130    0x50  iar_Stoulx.o [5]
  .rodata            const     0x801'4180    0x44  GSM.o [2]
  .rodata            const     0x801'41c4    0x40  system_stm32g0xx.o [3]
  .text              ro code   0x801'4204    0x3c  zero_init3.o [7]
  .text              ro code   0x801'4240    0x28  data_init.o [7]
  .rodata            const     0x801'4268    0x24  FTP.o [2]
  .rodata            const     0x801'428c    0x24  GSM.o [2]
  .rodata            const     0x801'42b0    0x24  OTA.o [2]
  .rodata            const     0x801'42d4    0x24  OTA.o [2]
  .iar.init_table    const     0x801'42f8    0x20  - Linker created -
  .rodata            const     0x801'4318    0x20  GSM.o [2]
  .rodata            const     0x801'4338    0x20  GSM.o [2]
  .rodata            const     0x801'4358    0x20  system_stm32g0xx.o [3]
  .text              ro code   0x801'4378    0x1e  cmain.o [7]
  .text              ro code   0x801'4396     0x4  low_level_init.o [5]
  .text              ro code   0x801'439a     0x8  exit.o [5]
  .text              ro code   0x801'43a2     0x2  startup_stm32g0b1xx.o [1]
  .text              ro code   0x801'43a4     0xa  cexit.o [7]
  .text              ro code   0x801'43ae     0x2  startup_stm32g0b1xx.o [1]
  .rodata            const     0x801'43b0    0x1c  GSM.o [2]
  .rodata            const     0x801'43cc    0x1c  GSM.o [2]
  .rodata            const     0x801'43e8    0x1c  GSM.o [2]
  .text              ro code   0x801'4404    0x1c  cstartup_M.o [7]
  .text              ro code   0x801'4420    0x1c  xsnprout.o [5]
  .rodata            const     0x801'443c    0x18  GSM.o [2]
  .rodata            const     0x801'4454    0x18  GSM.o [2]
  .rodata            const     0x801'446c    0x18  GSM.o [2]
  .rodata            const     0x801'4484    0x18  GSM.o [2]
  .rodata            const     0x801'449c    0x18  GSM.o [2]
  .rodata            const     0x801'44b4    0x18  OTA.o [2]
  .rodata            const     0x801'44cc    0x18  OTA.o [2]
  .rodata            const     0x801'44e4    0x14  GSM.o [2]
  .rodata            const     0x801'44f8    0x14  GSM.o [2]
  .rodata            const     0x801'450c    0x14  OTA.o [2]
  .rodata            const     0x801'4520    0x14  OTA.o [2]
  .rodata            const     0x801'4534    0x14  OTA.o [2]
  .rodata            const     0x801'4548    0x14  OTA.o [2]
  .rodata            const     0x801'455c    0x14  OTA.o [2]
  .rodata            const     0x801'4570    0x10  GSM.o [2]
  .rodata            const     0x801'4580    0x10  GSM.o [2]
  .rodata            const     0x801'4590    0x10  GSM.o [2]
  .rodata            const     0x801'45a0    0x10  GSM.o [2]
  .rodata            const     0x801'45b0    0x10  GSM.o [2]
  .rodata            const     0x801'45c0    0x10  GSM.o [2]
  .rodata            const     0x801'45d0    0x10  GSM.o [2]
  .rodata            const     0x801'45e0    0x10  GSM.o [2]
  .rodata            const     0x801'45f0    0x10  GSM.o [2]
  .rodata            const     0x801'4600    0x10  GSM.o [2]
  .rodata            const     0x801'4610    0x10  GSM.o [2]
  .rodata            const     0x801'4620    0x10  GSM.o [2]
  .rodata            const     0x801'4630    0x10  GSM.o [2]
  .rodata            const     0x801'4640    0x10  GSM.o [2]
  .rodata            const     0x801'4650    0x10  GSM.o [2]
  .rodata            const     0x801'4660    0x10  GSM.o [2]
  .rodata            const     0x801'4670    0x10  OTA.o [2]
  .rodata            const     0x801'4680    0x10  OTA.o [2]
  .text              ro code   0x801'4690    0x10  startup_stm32g0b1xx.o [1]
  .text              ro code   0x801'46a0    0x10  system_stm32g0xx.o [3]
  .rodata            const     0x801'46b0     0xc  GSM.o [2]
  .rodata            const     0x801'46bc     0xc  GSM.o [2]
  .rodata            const     0x801'46c8     0xc  GSM.o [2]
  .rodata            const     0x801'46d4     0xc  GSM.o [2]
  .rodata            const     0x801'46e0     0xc  GSM.o [2]
  .rodata            const     0x801'46ec     0xc  GSM.o [2]
  .rodata            const     0x801'46f8     0xc  GSM.o [2]
  .rodata            const     0x801'4704     0xc  GSM.o [2]
  .rodata            const     0x801'4710     0xc  GSM.o [2]
  .rodata            const     0x801'471c     0xc  GSM.o [2]
  .rodata            const     0x801'4728     0xc  GSM.o [2]
  .rodata            const     0x801'4734     0xc  GSM.o [2]
  .rodata            const     0x801'4740     0xc  GSM.o [2]
  .rodata            const     0x801'474c     0xc  GSM.o [2]
  .rodata            const     0x801'4758     0xc  GSM.o [2]
  .rodata            const     0x801'4764     0xc  GSM.o [2]
  .rodata            const     0x801'4770     0xc  GSM.o [2]
  .rodata            const     0x801'477c     0xc  GSM.o [2]
  .rodata            const     0x801'4788     0xc  GSM.o [2]
  .rodata            const     0x801'4794     0xc  GSM.o [2]
  .rodata            const     0x801'47a0     0xc  GSM.o [2]
  .rodata            const     0x801'47ac     0xc  GSM.o [2]
  .rodata            const     0x801'47b8     0xc  GSM.o [2]
  .rodata            const     0x801'47c4     0xc  GSM.o [2]
  .rodata            const     0x801'47d0     0xc  GSM.o [2]
  .rodata            const     0x801'47dc     0xc  GSM.o [2]
  .rodata            const     0x801'47e8     0xc  GSM.o [2]
  .rodata            const     0x801'47f4     0xc  GSM.o [2]
  .rodata            const     0x801'4800     0xc  GSM.o [2]
  .rodata            const     0x801'480c     0xc  GSM.o [2]
  .rodata            const     0x801'4818     0xc  GSM.o [2]
  .rodata            const     0x801'4824     0xc  GSM.o [2]
  .rodata            const     0x801'4830     0xc  GSM.o [2]
  .rodata            const     0x801'483c     0xc  GSM.o [2]
  .rodata            const     0x801'4848     0xc  GSM.o [2]
  .rodata            const     0x801'4854     0xc  GSM.o [2]
  .rodata            const     0x801'4860     0xc  GSM.o [2]
  .rodata            const     0x801'486c     0xc  GSM.o [2]
  .rodata            const     0x801'4878     0xc  GSM.o [2]
  .rodata            const     0x801'4884     0xc  GSM.o [2]
  .rodata            const     0x801'4890     0xc  GSM.o [2]
  .rodata            const     0x801'489c     0xc  GSM.o [2]
  .rodata            const     0x801'48a8     0xc  GSM.o [2]
  .rodata            const     0x801'48b4     0xc  GSM.o [2]
  .rodata            const     0x801'48c0     0xc  GSM.o [2]
  .rodata            const     0x801'48cc     0xc  GSM.o [2]
  .rodata            const     0x801'48d8     0xc  GSM.o [2]
  .rodata            const     0x801'48e4     0xc  GSM.o [2]
  .rodata            const     0x801'48f0     0xc  GSM.o [2]
  .rodata            const     0x801'48fc     0xc  OTA.o [2]
  .rodata            const     0x801'4908     0xc  OTA.o [2]
  .rodata            const     0x801'4914     0x8  GSM.o [2]
  .rodata            const     0x801'491c     0x8  GSM.o [2]
  .rodata            const     0x801'4924     0x8  GSM.o [2]
  .rodata            const     0x801'492c     0x8  GSM.o [2]
  .rodata            const     0x801'4934     0x8  GSM.o [2]
  .rodata            const     0x801'493c     0x8  GSM.o [2]
  .rodata            const     0x801'4944     0x8  GSM.o [2]
  .rodata            const     0x801'494c     0x8  GSM.o [2]
  .rodata            const     0x801'4954     0x8  GSM.o [2]
  .rodata            const     0x801'495c     0x8  GSM.o [2]
  .rodata            const     0x801'4964     0x8  GSM.o [2]
  .rodata            const     0x801'496c     0x8  GSM.o [2]
  .rodata            const     0x801'4974     0x8  GSM.o [2]
  .rodata            const     0x801'497c     0x8  GSM.o [2]
  .rodata            const     0x801'4984     0x8  GSM.o [2]
  .rodata            const     0x801'498c     0x8  GSM.o [2]
  .rodata            const     0x801'4994     0x8  GSM.o [2]
  .rodata            const     0x801'499c     0x8  GSM.o [2]
  .rodata            const     0x801'49a4     0x8  GSM.o [2]
  .rodata            const     0x801'49ac     0x8  GSM.o [2]
  .rodata            const     0x801'49b4     0x4  GEN.o [2]
  .rodata            const     0x801'49b8     0x4  GEN.o [2]
  .rodata            const     0x801'49bc     0x4  GEN.o [2]
  .rodata            const     0x801'49c0     0x4  GSM.o [2]
  .rodata            const     0x801'49c4     0x4  GSM.o [2]
  .rodata            const     0x801'49c8     0x4  GSM.o [2]
  .rodata            const     0x801'49cc     0x4  GSM.o [2]
  .text              ro code   0x801'49d0     0x2  startup_stm32g0b1xx.o [1]
  .text              ro code   0x801'49d2     0x2  startup_stm32g0b1xx.o [1]
  .text              ro code   0x801'49d4     0x2  startup_stm32g0b1xx.o [1]
  .text              ro code   0x801'49d6     0x2  startup_stm32g0b1xx.o [1]
  .text              ro code   0x801'49d8     0x2  startup_stm32g0b1xx.o [1]
  .text              ro code   0x801'49da     0x2  startup_stm32g0b1xx.o [1]
  .text              ro code   0x801'49dc     0x2  startup_stm32g0b1xx.o [1]
  .text              ro code   0x801'49de     0x2  startup_stm32g0b1xx.o [1]
  .text              ro code   0x801'49e0     0x2  startup_stm32g0b1xx.o [1]
  .rodata            const     0x801'49e2     0x1  xlocale_c.o [5]
  .rodata            const     0x801'49e3     0x0  zero_init3.o [7]
  .rodata            const     0x801'49e3     0x0  lz77_init_single.o [7]
  Initializer bytes  const     0x801'49e3   0x1c8  <for P2-1>
                             - 0x801'4bab  0x9aef

"P2", part 1 of 3:                          0x658
  P2-1                        0x2000'0000   0x658  <Init block>
    .data            inited   0x2000'0000   0x3e0  APP.o [2]
    .data            inited   0x2000'03e0     0xc  GEN.o [2]
    .data            inited   0x2000'03ec    0xfc  GSM.o [2]
    .data            inited   0x2000'04e8    0xac  GSM.o [2]
    .data            inited   0x2000'0594    0x34  OTA.o [2]
    .data            inited   0x2000'05c8     0xc  stm32g0xx_hal.o [4]
    .data            inited   0x2000'05d4     0x4  system_stm32g0xx.o [3]
    .data            inited   0x2000'05d8    0x38  xlocale_c.o [5]
    .data            inited   0x2000'0610    0x48  xlocale_c.o [5]
                            - 0x2000'0658   0x658

"P2", part 2 of 3:                         0x1034
  .bss               zero     0x2000'0658   0x890  GSM.o [2]
  .bss               zero     0x2000'0ee8   0x1f4  APP.o [2]
  .bss               zero     0x2000'10dc    0x94  COMM.o [2]
  .bss               zero     0x2000'1170    0x94  COMM.o [2]
  .bss               zero     0x2000'1204    0x90  CAN.o [2]
  .bss               zero     0x2000'1294    0x7c  CAN.o [2]
  .bss               zero     0x2000'1310    0x68  ODO.o [2]
  .bss               zero     0x2000'1378    0x64  BATT.o [2]
  .bss               zero     0x2000'13dc    0x64  CAN.o [2]
  .bss               zero     0x2000'1440    0x60  BATT.o [2]
  .bss               zero     0x2000'14a0    0x5c  GPS.o [2]
  .bss               zero     0x2000'14fc    0x54  APP.o [2]
  .bss               zero     0x2000'1550    0x54  COMM.o [2]
  .bss               zero     0x2000'15a4    0x4c  COMM.o [2]
  .bss               zero     0x2000'15f0    0x40  APP.o [2]
  .bss               zero     0x2000'1630    0x30  CAN.o [2]
  .bss               zero     0x2000'1660    0x14  BATT.o [2]
  .bss               zero     0x2000'1674     0xc  COMM.o [2]
  .bss               zero     0x2000'1680     0x4  FTP.o [2]
  .bss               zero     0x2000'1684     0x4  GSM.o [2]
  .bss               zero     0x2000'1688     0x4  xfail_s.o [5]
                            - 0x2000'168c  0x1034

"P2", part 3 of 3:                          0x400
  CSTACK                      0x2000'1690   0x400  <Block>
    CSTACK           uninit   0x2000'1690   0x400  <Block tail>
                            - 0x2000'1a90   0x400

Unused ranges:

         From           To      Size
         ----           --      ----
   0x800'0000   0x800'afff    0xb000
   0x801'4bab   0x803'ffff  0x2'b455
  0x2000'168c  0x2000'168f       0x4
  0x2000'1a90  0x2002'3fff  0x2'2570


*******************************************************************************
*** INIT TABLE
***

          Address      Size
          -------      ----
Zero (__iar_zero_init3)
    1 destination range, total size 0x1034:
          0x2000'0658  0x1034

Copy/lz77 (__iar_lz77_init_single3)
    1 source range, total size 0x1c8 (28% of destination):
           0x801'49e3   0x1c8
    1 destination range, total size 0x658:
          0x2000'0000   0x658



*******************************************************************************
*** MODULE SUMMARY
***

    Module                   ro code  ro data  rw data
    ------                   -------  -------  -------
command line/config:
    --------------------------------------------------
    Total:

D:\BZ\PROJECTS\Embedded Firmware\BZ\Standalone_IoT\Firmware\Standalone_IOT\Standalone_IOT (MQTT with BL)\MainProg\EWARM\standalone_IoT-ver_1.0\Obj\Application\EWARM: [1]
    startup_stm32g0b1xx.o        250
    --------------------------------------------------
    Total:                       250

D:\BZ\PROJECTS\Embedded Firmware\BZ\Standalone_IoT\Firmware\Standalone_IOT\Standalone_IOT (MQTT with BL)\MainProg\EWARM\standalone_IoT-ver_1.0\Obj\Application\User\Core: [2]
    APP.o                      1'220      278    1'640
    BATT.o                       408               216
    CAN.o                      1'492               416
    COMM.o                       344               468
    CONFIG_EEPROM.o              640      252
    E2PROM_I2C.o                 384
    FTP.o                        200       36        4
    GEN.o                        968      387       12
    GPS.o                        668                92
    GSM.o                      4'220    1'553    2'620
    ODO.o                        304               104
    OTA.o                        288      291       52
    UTL.o                         78
    stm32g0xx_hal_msp.o          896
    stm32g0xx_it.o               300
    --------------------------------------------------
    Total:                    12'410    2'797    5'624

D:\BZ\PROJECTS\Embedded Firmware\BZ\Standalone_IoT\Firmware\Standalone_IOT\Standalone_IOT (MQTT with BL)\MainProg\EWARM\standalone_IoT-ver_1.0\Obj\Drivers\CMSIS: [3]
    system_stm32g0xx.o            16       98        4
    --------------------------------------------------
    Total:                        16       98        4

D:\BZ\PROJECTS\Embedded Firmware\BZ\Standalone_IoT\Firmware\Standalone_IOT\Standalone_IOT (MQTT with BL)\MainProg\EWARM\standalone_IoT-ver_1.0\Obj\Drivers\STM32G0xx_HAL_Driver: [4]
    stm32g0xx_hal.o              208        3       12
    stm32g0xx_hal_adc.o        1'764
    stm32g0xx_hal_cortex.o       172
    stm32g0xx_hal_dma.o        1'040
    stm32g0xx_hal_fdcan.o      1'790
    stm32g0xx_hal_gpio.o         736
    stm32g0xx_hal_i2c.o        3'440
    stm32g0xx_hal_i2c_ex.o       140
    stm32g0xx_hal_iwdg.o         108
    stm32g0xx_hal_pwr_ex.o        76
    stm32g0xx_hal_rcc.o        1'624
    stm32g0xx_hal_rcc_ex.o       676
    stm32g0xx_hal_tim.o          370
    stm32g0xx_hal_tim_ex.o         6
    stm32g0xx_hal_uart.o       4'176
    stm32g0xx_hal_uart_ex.o      286
    --------------------------------------------------
    Total:                    16'612        3       12

dl6M_tlf.a: [5]
    abort.o                       10
    exit.o                         8
    iar_Stoulx.o                 356       80
    isspace.o                     18
    low_level_init.o               4
    snprintf.o                    76
    sprintf.o                     64
    strncmp.o                     46
    strstr.o                      46
    tolower.o                     18
    xfail_s.o                     72                 4
    xlocale_c.o                   64       41      128
    xprintffull_nomb.o         3'918      106
    xsnprout.o                    28
    xsprout.o                     10
    --------------------------------------------------
    Total:                     4'738      227      132

m6M_tl.a: [6]
    DblAddSub.o                  424
    DblCmpGe.o                    50
    DblCmpLe.o                    50
    DblDiv.o                     194
    DblMul.o                     388
    DblToI32.o                    82
    FltDiv.o                     164
    FltMul.o                     176
    FltToDbl.o                    50
    FltToS32.o                    58
    IxxToDbl.o                    52
    IxxToFlt.o                    32
    frexp.o                       42
    ldexp.o                      112
    --------------------------------------------------
    Total:                     1'874

rt6M_tl.a: [7]
    ABImemcpy.o                   78
    ABImemset_small.o             16
    I32DivMod.o                   94
    I64DivMod.o                  124
    I64DivZer.o                    2
    IntDivZer.o                    2
    cexit.o                       10
    cmain.o                       30
    cstartup_M.o                  28
    data_init.o                   40
    lz77_init_single.o           128
    memchr.o                      22
    memset.o                      20
    setjmp.o                      30
    strchr.o                      18
    strcpy_small.o                16
    strlen.o                      14
    uread4.o                      22
    uwrite4.o                     20
    zero_init3.o                  60
    --------------------------------------------------
    Total:                       774

shb_l.a: [8]
    exit.o                        20
    --------------------------------------------------
    Total:                        20

    Linker created                         32    1'024
------------------------------------------------------
    Grand Total:              36'694    3'157    6'796


*******************************************************************************
*** ENTRY LIST
***

Entry                       Address   Size  Type      Object
-----                       -------   ----  ----      ------
.iar.init_table$$Base    0x801'42f8          --   Gb  - Linker created -
.iar.init_table$$Limit   0x801'4318          --   Gb  - Linker created -
?main                    0x801'4379         Code  Gb  cmain.o [7]
ADC1_COMP_IRQHandler     0x801'369b         Code  Wk  startup_stm32g0b1xx.o [1]
ADC_DMAConvCplt          0x801'1ccf   0x7c  Code  Lc  stm32g0xx_hal_adc.o [4]
ADC_DMAError             0x801'1d6f   0x1a  Code  Lc  stm32g0xx_hal_adc.o [4]
ADC_DMAHalfConvCplt      0x801'1d65    0xa  Code  Lc  stm32g0xx_hal_adc.o [4]
ADC_Enable               0x801'1c39   0x96  Code  Gb  stm32g0xx_hal_adc.o [4]
AHBPrescTable            0x801'41c4   0x40  Data  Gb  system_stm32g0xx.o [3]
APBPrescTable            0x801'4358   0x20  Data  Gb  system_stm32g0xx.o [3]
APPCONFIG               0x2000'14fc   0x54  Data  Gb  APP.o [2]
APPStatus               0x2000'0000   0x10  Data  Gb  APP.o [2]
BATTData                0x2000'1664   0x10  Data  Gb  BATT.o [2]
BATTStatus              0x2000'1660    0x2  Data  Gb  BATT.o [2]
CANData                 0x2000'1204   0x90  Data  Gb  CAN.o [2]
CANStatus               0x2000'129c    0x8  Data  Gb  CAN.o [2]
CEC_IRQHandler           0x801'49e1         Code  Wk  startup_stm32g0b1xx.o [1]
CELLData                0x2000'1630   0x30  Data  Gb  CAN.o [2]
CONFIG                   0x801'3f48   0x6c  Data  Gb  CONFIG_EEPROM.o [2]
CSTACK$$Base            0x2000'1690          --   Gb  - Linker created -
CSTACK$$Limit           0x2000'1a90          --   Gb  - Linker created -
DLCtoBytes               0x801'30f8   0x10  Data  Lc  stm32g0xx_hal_fdcan.o [4]
DMA1_Ch4_7_DMA2_Ch1_5_DMAMUX1_OVR_IRQHandler
                         0x801'3473         Code  Wk  startup_stm32g0b1xx.o [1]
DMA1_Channel1_IRQHandler
                         0x801'3ea5    0xa  Code  Gb  stm32g0xx_it.o [2]
DMA1_Channel2_3_IRQHandler
                         0x801'1e93         Code  Wk  startup_stm32g0b1xx.o [1]
DMA_CalcDMAMUXChannelBaseAndMask
                         0x800'e845   0x46  Code  Lc  stm32g0xx_hal_dma.o [4]
DMA_CalcDMAMUXRequestGenBaseAndMask
                         0x800'e88b   0x20  Code  Lc  stm32g0xx_hal_dma.o [4]
DMA_SetConfig            0x800'e80b   0x3a  Code  Lc  stm32g0xx_hal_dma.o [4]
EEPROMCONFIG             0x801'3fb4   0x90  Data  Gb  CONFIG_EEPROM.o [2]
EXTI0_1_IRQHandler       0x801'16a3         Code  Wk  startup_stm32g0b1xx.o [1]
EXTI2_3_IRQHandler       0x801'3e91    0xa  Code  Gb  stm32g0xx_it.o [2]
EXTI4_15_IRQHandler      0x801'3e9b    0xa  Code  Gb  stm32g0xx_it.o [2]
Error_Handler            0x800'dad5    0x2  Code  Gb  APP.o [2]
FLASH_IRQHandler         0x801'044b         Code  Wk  startup_stm32g0b1xx.o [1]
FTPData                 0x2000'1680    0x4  Data  Gb  FTP.o [2]
GPSData                 0x2000'14a0   0x5c  Data  Gb  GPS.o [2]
GSMData                 0x2000'0658  0x890  Data  Gb  GSM.o [2]
GSMStatus               0x2000'1684    0x4  Data  Gb  GSM.o [2]
HAL_ADC_ConfigChannel    0x801'19a5  0x262  Code  Gb  stm32g0xx_hal_adc.o [4]
HAL_ADC_ConvCpltCallback
                         0x800'f213   0x30  Code  Gb  BATT.o [2]
HAL_ADC_ConvHalfCpltCallback
                         0x801'3ac1    0x2  Code  Wk  stm32g0xx_hal_adc.o [4]
HAL_ADC_ErrorCallback    0x801'3abf    0x2  Code  Wk  stm32g0xx_hal_adc.o [4]
HAL_ADC_Init             0x801'16cf  0x1fe  Code  Gb  stm32g0xx_hal_adc.o [4]
HAL_ADC_MspInit          0x800'e165   0xc6  Code  Gb  stm32g0xx_hal_msp.o [2]
HAL_ADC_Start_DMA        0x801'18f1   0x9e  Code  Gb  stm32g0xx_hal_adc.o [4]
HAL_DMA_Abort            0x800'e60f   0x72  Code  Gb  stm32g0xx_hal_dma.o [4]
HAL_DMA_Abort_IT         0x800'e685   0x72  Code  Gb  stm32g0xx_hal_dma.o [4]
HAL_DMA_GetState         0x800'e805    0x6  Code  Gb  stm32g0xx_hal_dma.o [4]
HAL_DMA_IRQHandler       0x800'e70d   0xf0  Code  Gb  stm32g0xx_hal_dma.o [4]
HAL_DMA_Init             0x800'e4c1   0xb8  Code  Gb  stm32g0xx_hal_dma.o [4]
HAL_DMA_Start_IT         0x800'e581   0x8e  Code  Gb  stm32g0xx_hal_dma.o [4]
HAL_Delay                0x800'dc7d   0x28  Code  Wk  stm32g0xx_hal.o [4]
HAL_FDCAN_ActivateNotification
                         0x801'3109  0x110  Code  Gb  stm32g0xx_hal_fdcan.o [4]
HAL_FDCAN_AddMessageToTxFifoQ
                         0x801'2f29   0xb4  Code  Gb  stm32g0xx_hal_fdcan.o [4]
HAL_FDCAN_ConfigFilter   0x801'2e7d   0x50  Code  Gb  stm32g0xx_hal_fdcan.o [4]
HAL_FDCAN_ErrorCallback
                         0x801'3ae1    0x2  Code  Wk  stm32g0xx_hal_fdcan.o [4]
HAL_FDCAN_ErrorStatusCallback
                         0x801'3adf    0x2  Code  Wk  stm32g0xx_hal_fdcan.o [4]
HAL_FDCAN_GetRxMessage   0x801'2fdd  0x11c  Code  Gb  stm32g0xx_hal_fdcan.o [4]
HAL_FDCAN_HighPriorityMessageCallback
                         0x801'3acf    0x2  Code  Wk  stm32g0xx_hal_fdcan.o [4]
HAL_FDCAN_IRQHandler     0x801'3219  0x156  Code  Gb  stm32g0xx_hal_fdcan.o [4]
HAL_FDCAN_Init           0x801'2c85  0x1f8  Code  Gb  stm32g0xx_hal_fdcan.o [4]
HAL_FDCAN_MspInit        0x800'e22b   0x9c  Code  Gb  stm32g0xx_hal_msp.o [2]
HAL_FDCAN_RxFifo0Callback
                         0x800'f71d   0x22  Code  Gb  CAN.o [2]
HAL_FDCAN_RxFifo1Callback
                         0x801'3ad5    0x2  Code  Wk  stm32g0xx_hal_fdcan.o [4]
HAL_FDCAN_Start          0x801'2efd   0x2c  Code  Gb  stm32g0xx_hal_fdcan.o [4]
HAL_FDCAN_TimeoutOccurredCallback
                         0x801'3add    0x2  Code  Wk  stm32g0xx_hal_fdcan.o [4]
HAL_FDCAN_TimestampWraparoundCallback
                         0x801'3adb    0x2  Code  Wk  stm32g0xx_hal_fdcan.o [4]
HAL_FDCAN_TxBufferAbortCallback
                         0x801'3ad1    0x2  Code  Wk  stm32g0xx_hal_fdcan.o [4]
HAL_FDCAN_TxBufferCompleteCallback
                         0x801'3ad9    0x2  Code  Wk  stm32g0xx_hal_fdcan.o [4]
HAL_FDCAN_TxEventFifoCallback
                         0x801'3ad3    0x2  Code  Wk  stm32g0xx_hal_fdcan.o [4]
HAL_FDCAN_TxFifoEmptyCallback
                         0x801'3ad7    0x2  Code  Wk  stm32g0xx_hal_fdcan.o [4]
HAL_GPIO_DeInit          0x800'c2a5  0x104  Code  Gb  stm32g0xx_hal_gpio.o [4]
HAL_GPIO_EXTI_Falling_Callback
                         0x800'd997    0xc  Code  Gb  APP.o [2]
HAL_GPIO_EXTI_IRQHandler
                         0x800'c3d1   0x26  Code  Gb  stm32g0xx_hal_gpio.o [4]
HAL_GPIO_EXTI_Rising_Callback
                         0x800'd989    0xe  Code  Gb  APP.o [2]
HAL_GPIO_Init            0x800'c139  0x16c  Code  Gb  stm32g0xx_hal_gpio.o [4]
HAL_GPIO_ReadPin         0x800'c3a9    0xc  Code  Gb  stm32g0xx_hal_gpio.o [4]
HAL_GPIO_TogglePin       0x800'c3c1   0x10  Code  Gb  stm32g0xx_hal_gpio.o [4]
HAL_GPIO_WritePin        0x800'c3b5    0xc  Code  Gb  stm32g0xx_hal_gpio.o [4]
HAL_GetTick              0x800'e4b5    0xc  Code  Wk  stm32g0xx_hal.o [4]
HAL_I2CEx_ConfigAnalogFilter
                         0x801'2bf9   0x3a  Code  Gb  stm32g0xx_hal_i2c_ex.o [4]
HAL_I2CEx_ConfigDigitalFilter
                         0x801'2c33   0x36  Code  Gb  stm32g0xx_hal_i2c_ex.o [4]
HAL_I2C_AbortCpltCallback
                         0x801'3acb    0x2  Code  Wk  stm32g0xx_hal_i2c.o [4]
HAL_I2C_AddrCallback     0x801'3ac3    0x2  Code  Wk  stm32g0xx_hal_i2c.o [4]
HAL_I2C_ER_IRQHandler    0x801'2305   0x5a  Code  Gb  stm32g0xx_hal_i2c.o [4]
HAL_I2C_EV_IRQHandler    0x801'22f1   0x14  Code  Gb  stm32g0xx_hal_i2c.o [4]
HAL_I2C_ErrorCallback    0x801'3acd    0x2  Code  Wk  stm32g0xx_hal_i2c.o [4]
HAL_I2C_Init             0x801'1e95   0xb2  Code  Gb  stm32g0xx_hal_i2c.o [4]
HAL_I2C_ListenCpltCallback
                         0x801'3ac9    0x2  Code  Wk  stm32g0xx_hal_i2c.o [4]
HAL_I2C_Mem_Read         0x801'211d  0x1c4  Code  Gb  stm32g0xx_hal_i2c.o [4]
HAL_I2C_Mem_Write        0x801'1f59  0x1c4  Code  Gb  stm32g0xx_hal_i2c.o [4]
HAL_I2C_MspInit          0x800'e2c7   0x88  Code  Gb  stm32g0xx_hal_msp.o [2]
HAL_I2C_SlaveRxCpltCallback
                         0x801'3ac7    0x2  Code  Wk  stm32g0xx_hal_i2c.o [4]
HAL_I2C_SlaveTxCpltCallback
                         0x801'3ac5    0x2  Code  Wk  stm32g0xx_hal_i2c.o [4]
HAL_IWDG_Init            0x800'f2a5   0x56  Code  Gb  stm32g0xx_hal_iwdg.o [4]
HAL_IWDG_Refresh         0x800'f2fb    0xa  Code  Gb  stm32g0xx_hal_iwdg.o [4]
HAL_IncTick              0x801'3f39   0x10  Code  Wk  stm32g0xx_hal.o [4]
HAL_Init                 0x800'f011   0x24  Code  Gb  stm32g0xx_hal.o [4]
HAL_InitTick             0x801'1655   0x4c  Code  Wk  stm32g0xx_hal.o [4]
HAL_MspInit              0x800'e135   0x30  Code  Gb  stm32g0xx_hal_msp.o [2]
HAL_NVIC_DisableIRQ      0x800'f0b7   0x1a  Code  Gb  stm32g0xx_hal_cortex.o [4]
HAL_NVIC_EnableIRQ       0x800'f0a5   0x12  Code  Gb  stm32g0xx_hal_cortex.o [4]
HAL_NVIC_SetPriority     0x800'f09b    0x8  Code  Gb  stm32g0xx_hal_cortex.o [4]
HAL_PWREx_ControlVoltageScaling
                         0x801'03c5   0x3a  Code  Gb  stm32g0xx_hal_pwr_ex.o [4]
HAL_RCCEx_PeriphCLKConfig
                         0x801'13b1  0x26e  Code  Gb  stm32g0xx_hal_rcc_ex.o [4]
HAL_RCC_ClockConfig      0x800'ed05  0x14e  Code  Gb  stm32g0xx_hal_rcc.o [4]
HAL_RCC_GetHCLKFreq      0x800'eee3    0x6  Code  Gb  stm32g0xx_hal_rcc.o [4]
HAL_RCC_GetPCLK1Freq     0x800'eee9   0x1a  Code  Gb  stm32g0xx_hal_rcc.o [4]
HAL_RCC_GetSysClockFreq
                         0x800'ee61   0x82  Code  Gb  stm32g0xx_hal_rcc.o [4]
HAL_RCC_OscConfig        0x800'e8dd  0x418  Code  Gb  stm32g0xx_hal_rcc.o [4]
HAL_SYSCFG_StrobeDBattpinsConfig
                         0x800'f035    0xe  Code  Gb  stm32g0xx_hal.o [4]
HAL_SYSTICK_Config       0x800'f0d1   0x28  Code  Gb  stm32g0xx_hal_cortex.o [4]
HAL_TIMEx_Break2Callback
                         0x801'3de7    0x2  Code  Wk  stm32g0xx_hal_tim_ex.o [4]
HAL_TIMEx_BreakCallback
                         0x801'3de5    0x2  Code  Wk  stm32g0xx_hal_tim_ex.o [4]
HAL_TIMEx_CommutCallback
                         0x801'3deb    0x2  Code  Wk  stm32g0xx_hal_tim_ex.o [4]
HAL_TIM_IC_CaptureCallback
                         0x801'3ddd    0x2  Code  Wk  stm32g0xx_hal_tim.o [4]
HAL_TIM_IRQHandler       0x801'3c75  0x160  Code  Gb  stm32g0xx_hal_tim.o [4]
HAL_TIM_OC_DelayElapsedCallback
                         0x801'3ddf    0x2  Code  Wk  stm32g0xx_hal_tim.o [4]
HAL_TIM_PWM_PulseFinishedCallback
                         0x801'3de1    0x2  Code  Wk  stm32g0xx_hal_tim.o [4]
HAL_TIM_PeriodElapsedCallback
                         0x801'3de3    0x2  Code  Wk  stm32g0xx_hal_tim.o [4]
HAL_TIM_TriggerCallback
                         0x801'3de9    0x2  Code  Wk  stm32g0xx_hal_tim.o [4]
HAL_UARTEx_DisableFifoMode
                         0x800'e01d   0x3a  Code  Gb  stm32g0xx_hal_uart_ex.o [4]
HAL_UARTEx_RxEventCallback
                         0x800'e8d1    0x2  Code  Wk  stm32g0xx_hal_uart.o [4]
HAL_UARTEx_RxFifoFullCallback
                         0x800'e8d9    0x2  Code  Wk  stm32g0xx_hal_uart_ex.o [4]
HAL_UARTEx_SetRxFifoThreshold
                         0x800'e089   0x30  Code  Gb  stm32g0xx_hal_uart_ex.o [4]
HAL_UARTEx_SetTxFifoThreshold
                         0x800'e057   0x32  Code  Gb  stm32g0xx_hal_uart_ex.o [4]
HAL_UARTEx_TxFifoEmptyCallback
                         0x800'e8d7    0x2  Code  Wk  stm32g0xx_hal_uart_ex.o [4]
HAL_UARTEx_WakeupCallback
                         0x800'e8d3    0x2  Code  Wk  stm32g0xx_hal_uart_ex.o [4]
HAL_UART_ErrorCallback   0x800'c537   0x1c  Code  Gb  COMM.o [2]
HAL_UART_IRQHandler      0x800'c725  0x2fe  Code  Gb  stm32g0xx_hal_uart.o [4]
HAL_UART_Init            0x800'c571   0x66  Code  Gb  stm32g0xx_hal_uart.o [4]
HAL_UART_MspDeInit       0x800'e44f   0x44  Code  Gb  stm32g0xx_hal_msp.o [2]
HAL_UART_MspInit         0x800'e36d   0xe2  Code  Gb  stm32g0xx_hal_msp.o [2]
HAL_UART_Receive_IT      0x800'c6b7   0x66  Code  Gb  stm32g0xx_hal_uart.o [4]
HAL_UART_RxCpltCallback
                         0x800'c4c7   0x70  Code  Gb  COMM.o [2]
HAL_UART_Transmit        0x800'c5dd   0xda  Code  Gb  stm32g0xx_hal_uart.o [4]
HAL_UART_TxCpltCallback
                         0x800'e8d5    0x2  Code  Wk  stm32g0xx_hal_uart.o [4]
HardFault_Handler        0x801'3df1    0x2  Code  Gb  stm32g0xx_it.o [2]
I2C1_IRQHandler          0x801'3ec3   0x1c  Code  Gb  stm32g0xx_it.o [2]
I2C2_3_IRQHandler        0x801'49d9         Code  Wk  startup_stm32g0b1xx.o [1]
I2C_DMAAbort             0x801'2919   0x1c  Code  Lc  stm32g0xx_hal_i2c.o [4]
I2C_Disable_IRQ          0x801'2b95   0x64  Code  Lc  stm32g0xx_hal_i2c.o [4]
I2C_Flush_TXDR           0x801'28e7   0x1c  Code  Lc  stm32g0xx_hal_i2c.o [4]
I2C_ITAddrCplt           0x801'2491   0x9a  Code  Lc  stm32g0xx_hal_i2c.o [4]
I2C_ITError              0x801'27b1   0xfe  Code  Lc  stm32g0xx_hal_i2c.o [4]
I2C_ITListenCplt         0x801'2745   0x5e  Code  Lc  stm32g0xx_hal_i2c.o [4]
I2C_ITSlaveCplt          0x801'2591  0x1aa  Code  Lc  stm32g0xx_hal_i2c.o [4]
I2C_ITSlaveSeqCplt       0x801'252b   0x66  Code  Lc  stm32g0xx_hal_i2c.o [4]
I2C_IsErrorOccurred      0x801'2a65  0x100  Code  Lc  stm32g0xx_hal_i2c.o [4]
I2C_Slave_ISR_IT         0x801'235f  0x122  Code  Lc  stm32g0xx_hal_i2c.o [4]
I2C_TransferConfig       0x801'2b65   0x26  Code  Lc  stm32g0xx_hal_i2c.o [4]
I2C_TreatErrorCallback   0x801'28b9   0x2e  Code  Lc  stm32g0xx_hal_i2c.o [4]
I2C_WaitOnFlagUntilTimeout
                         0x801'2935   0x7c  Code  Lc  stm32g0xx_hal_i2c.o [4]
I2C_WaitOnSTOPFlagUntilTimeout
                         0x801'2a11   0x54  Code  Lc  stm32g0xx_hal_i2c.o [4]
I2C_WaitOnTXISFlagUntilTimeout
                         0x801'29b1   0x60  Code  Lc  stm32g0xx_hal_i2c.o [4]
LL_ADC_REG_IsTriggerSourceSWStart
                         0x801'16bf   0x10  Code  Lc  stm32g0xx_hal_adc.o [4]
LL_ADC_SetSamplingTimeCommonChannels
                         0x801'16a9   0x16  Code  Lc  stm32g0xx_hal_adc.o [4]
MX_I2C1_Init             0x800'f35b   0x4e  Code  Gb  E2PROM_I2C.o [2]
NMI_Handler              0x801'3ded    0x2  Code  Gb  stm32g0xx_it.o [2]
ODOData                 0x2000'1310   0x68  Data  Gb  ODO.o [2]
PVD_VDDIO2_IRQHandler    0x800'e8db         Code  Wk  startup_stm32g0b1xx.o [1]
PendSV_Handler           0x801'3dff    0x2  Code  Gb  stm32g0xx_it.o [2]
RCC_CRS_IRQHandler       0x801'13af         Code  Wk  startup_stm32g0b1xx.o [1]
RTC_TAMP_IRQHandler      0x800'f00f         Code  Wk  startup_stm32g0b1xx.o [1]
Region$$Table$$Base      0x801'42f8          --   Gb  - Linker created -
Region$$Table$$Limit     0x801'4318          --   Gb  - Linker created -
Reset_Handler            0x801'4691         Code  Wk  startup_stm32g0b1xx.o [1]
RxHeader                0x2000'12e0   0x28  Data  Gb  CAN.o [2]
SPI1_IRQHandler          0x801'49db         Code  Wk  startup_stm32g0b1xx.o [1]
SPI2_3_IRQHandler        0x801'49dd         Code  Wk  startup_stm32g0b1xx.o [1]
SVC_Handler              0x801'3dfd    0x2  Code  Gb  stm32g0xx_it.o [2]
SendDataOverMQTT_Exe     0x800'd9b1   0x50  Code  Gb  APP.o [2]
SysTick_Handler          0x801'3e01   0x90  Code  Gb  stm32g0xx_it.o [2]
SystemClock_Config       0x800'da2d   0x78  Code  Gb  APP.o [2]
SystemCoreClock         0x2000'05d4    0x4  Data  Gb  system_stm32g0xx.o [3]
SystemInit               0x801'46a1    0x8  Code  Gb  system_stm32g0xx.o [3]
TIM14_IRQHandler         0x801'49d5         Code  Wk  startup_stm32g0b1xx.o [1]
TIM15_IRQHandler         0x801'49d7         Code  Wk  startup_stm32g0b1xx.o [1]
TIM16_FDCAN_IT0_IRQHandler
                         0x801'3eaf    0xa  Code  Gb  stm32g0xx_it.o [2]
TIM17_FDCAN_IT1_IRQHandler
                         0x801'3eb9    0x2  Code  Gb  stm32g0xx_it.o [2]
TIM1_BRK_UP_TRG_COM_IRQHandler
                         0x801'3f37         Code  Wk  startup_stm32g0b1xx.o [1]
TIM1_CC_IRQHandler       0x801'412f         Code  Wk  startup_stm32g0b1xx.o [1]
TIM2_IRQHandler          0x801'43a3         Code  Wk  startup_stm32g0b1xx.o [1]
TIM3_TIM4_IRQHandler     0x801'43af         Code  Wk  startup_stm32g0b1xx.o [1]
TIM6_DAC_LPTIM1_IRQHandler
                         0x801'49d1         Code  Wk  startup_stm32g0b1xx.o [1]
TIM7_LPTIM2_IRQHandler   0x801'49d3         Code  Wk  startup_stm32g0b1xx.o [1]
TIMERData               0x2000'0014   0x38  Data  Gb  APP.o [2]
TxHeader                0x2000'12a4   0x24  Data  Gb  CAN.o [2]
UARTData                0x2000'1674    0xc  Data  Gb  COMM.o [2]
UARTEx_SetNbDataToProcess
                         0x800'e0d9   0x4a  Code  Lc  stm32g0xx_hal_uart_ex.o [4]
UARTEx_SetNbDataToProcess::denominator
                         0x800'e12c    0x8  Data  Lc  stm32g0xx_hal_uart_ex.o [4]
UARTEx_SetNbDataToProcess::numerator
                         0x800'e124    0x8  Data  Lc  stm32g0xx_hal_uart_ex.o [4]
UARTPrescTable           0x800'ccb8   0x18  Data  Gb  stm32g0xx_hal_uart.o [4]
UART_AdvFeatureConfig    0x800'ccd1   0xc8  Code  Gb  stm32g0xx_hal_uart.o [4]
UART_CheckIdleState      0x800'cda5   0xae  Code  Gb  stm32g0xx_hal_uart.o [4]
UART_DMAAbortOnError     0x800'd0c5   0x14  Code  Lc  stm32g0xx_hal_uart.o [4]
UART_EndRxTransfer       0x800'd049   0x5e  Code  Lc  stm32g0xx_hal_uart.o [4]
UART_RxISR_16BIT         0x800'd181   0xa8  Code  Lc  stm32g0xx_hal_uart.o [4]
UART_RxISR_16BIT_FIFOEN
                         0x800'd3f5  0x18a  Code  Lc  stm32g0xx_hal_uart.o [4]
UART_RxISR_8BIT          0x800'd0d9   0xa8  Code  Lc  stm32g0xx_hal_uart.o [4]
UART_RxISR_8BIT_FIFOEN   0x800'd25b  0x188  Code  Lc  stm32g0xx_hal_uart.o [4]
UART_SetConfig           0x800'ca41  0x24e  Code  Gb  stm32g0xx_hal_uart.o [4]
UART_Start_Receive_IT    0x800'cf1b  0x116  Code  Gb  stm32g0xx_hal_uart.o [4]
UART_WaitOnFlagUntilTimeout
                         0x800'ce79   0xa2  Code  Gb  stm32g0xx_hal_uart.o [4]
USART1_IRQHandler        0x801'3edf    0xa  Code  Gb  stm32g0xx_it.o [2]
USART2_LPUART2_IRQHandler
                         0x801'49df         Code  Wk  startup_stm32g0b1xx.o [1]
USART3_4_5_6_LPUART1_IRQHandler
                         0x801'3ee9    0xa  Code  Gb  stm32g0xx_it.o [2]
USB_UCPD1_2_IRQHandler   0x801'16a7         Code  Wk  startup_stm32g0b1xx.o [1]
WWDG_IRQHandler          0x800'dd33         Code  Wk  startup_stm32g0b1xx.o [1]
_LC                      0x801'044d    0x8  Code  Lc  xprintffull_nomb.o [5]
_LitobFullNoMb           0x801'11f5  0x124  Code  Lc  xprintffull_nomb.o [5]
_LocaleC_isspace         0x801'3481   0x14  Code  Gb  xlocale_c.o [5]
_LocaleC_isupper         0x801'3475    0x2  Code  Gb  xlocale_c.o [5]
_LocaleC_tolower         0x801'3495    0xc  Code  Gb  xlocale_c.o [5]
_Locale_lconv           0x2000'05d8   0x38  Data  Lc  xlocale_c.o [5]
_PrintfFullNoMb          0x801'0455  0xda0  Code  Gb  xprintffull_nomb.o [5]
_PutcharsFullNoMb        0x801'1365   0x36  Code  Lc  xprintffull_nomb.o [5]
_SNProut                 0x801'4421   0x1c  Code  Gb  xsnprout.o [5]
_SProut                  0x800'd5e3    0xa  Code  Gb  xsprout.o [5]
__ICFEDIT_region_RAM_end__ {Abs}
                        0x2002'3fff         Data  Gb  <internal module>
__ICFEDIT_region_RAM_start__ {Abs}
                        0x2000'0000         Data  Gb  <internal module>
__NVIC_SetPriority       0x800'f061   0x3a  Code  Lc  stm32g0xx_hal_cortex.o [4]
__aeabi_JMP_BUF_SIZE {Abs}
                                0x8          --   Gb  setjmp.o [7]
__aeabi_cdcmple          0x801'3575         Code  Gb  DblCmpLe.o [6]
__aeabi_cdrcmple         0x801'35a7         Code  Gb  DblCmpGe.o [6]
__aeabi_d2iz             0x801'3649         Code  Gb  DblToI32.o [6]
__aeabi_d2uiz            0x801'366d         Code  Gb  DblToI32.o [6]
__aeabi_ddiv             0x801'3879         Code  Gb  DblDiv.o [6]
__aeabi_dmul             0x801'393b         Code  Gb  DblMul.o [6]
__aeabi_dsub             0x801'378b         Code  Gb  DblAddSub.o [6]
__aeabi_f2d              0x801'3441         Code  Gb  FltToDbl.o [6]
__aeabi_f2iz             0x801'1e59         Code  Gb  FltToS32.o [6]
__aeabi_fdiv             0x801'339d         Code  Gb  FltDiv.o [6]
__aeabi_fmul             0x801'1da9         Code  Gb  FltMul.o [6]
__aeabi_i2d              0x801'36bd         Code  Gb  IxxToDbl.o [6]
__aeabi_idiv0            0x801'16a1         Code  Gb  IntDivZer.o [7]
__aeabi_ldiv0            0x801'16a5         Code  Gb  I64DivZer.o [7]
__aeabi_memcpy           0x801'3531         Code  Gb  ABImemcpy.o [7]
__aeabi_memcpy4          0x801'34fd         Code  Gb  ABImemcpy.o [7]
__aeabi_memcpy8          0x801'34fd         Code  Gb  ABImemcpy.o [7]
__aeabi_ui2d             0x801'369d         Code  Gb  IxxToDbl.o [6]
__aeabi_ui2f             0x801'1d89         Code  Gb  IxxToFlt.o [6]
__aeabi_uldivmod         0x800'ef93         Code  Gb  I64DivMod.o [7]
__aeabi_uread4           0x800'd60d         Code  Gb  uread4.o [7]
__aeabi_uwrite4          0x800'd5bd         Code  Gb  uwrite4.o [7]
__cmain                  0x801'4379         Code  Gb  cmain.o [7]
__exit                   0x801'3aed   0x14  Code  Gb  exit.o [8]
__iar_Fail_s             0x801'34b5   0x22  Code  Gb  xfail_s.o [5]
__iar_Memchr             0x801'0435         Code  Gb  memchr.o [7]
__iar_Memcpy             0x801'353d         Code  Gb  ABImemcpy.o [7]
__iar_Stoul              0x800'dc65    0xa  Code  Gb  iar_Stoulx.o [5]
__iar_Stoulx             0x800'db19  0x14c  Code  Gb  iar_Stoulx.o [5]
__iar_Strchr             0x800'd5d1         Code  Gb  strchr.o [7]
__iar_d2uiz              0x801'3671         Code  Gb  DblToI32.o [6]
__iar_data_init3         0x801'4241   0x28  Code  Gb  data_init.o [7]
__iar_frexp              0x801'3557         Code  Gb  frexp.o [6]
__iar_frexp64            0x801'354b         Code  Gb  frexp.o [6]
__iar_frexpl             0x801'3557         Code  Gb  frexp.o [6]
__iar_globLocale        0x2000'0610   0x48  Data  Lc  xlocale_c.o [5]
__iar_global_Locale      0x801'34a1    0x4  Code  Gb  xlocale_c.o [5]
__iar_ldexp64            0x801'35d9         Code  Gb  ldexp.o [6]
__iar_lz77_init_single3
                         0x801'4045   0x80  Code  Gb  lz77_init_single.o [7]
__iar_program_start      0x801'4405         Code  Gb  cstartup_M.o [7]
__iar_scalbln64          0x801'35d9         Code  Gb  ldexp.o [6]
__iar_scalbn64           0x801'35d9         Code  Gb  ldexp.o [6]
__iar_small_Memset4_word
                         0x800'f055         Code  Gb  ABImemset_small.o [7]
__iar_small_Memset_word
                         0x800'f055         Code  Gb  ABImemset_small.o [7]
__iar_small_idiv         0x800'ef35         Code  Gb  I32DivMod.o [7]
__iar_small_idivmod      0x800'ef35         Code  Gb  I32DivMod.o [7]
__iar_small_memclr       0x800'f051         Code  Gb  ABImemset_small.o [7]
__iar_small_memclr4      0x800'f051         Code  Gb  ABImemset_small.o [7]
__iar_small_memclr8      0x800'f051         Code  Gb  ABImemset_small.o [7]
__iar_small_memset       0x800'f055         Code  Gb  ABImemset_small.o [7]
__iar_small_memset4      0x800'f055         Code  Gb  ABImemset_small.o [7]
__iar_small_memset8      0x800'f055         Code  Gb  ABImemset_small.o [7]
__iar_small_strcpy       0x800'd5fd         Code  Gb  strcpy_small.o [7]
__iar_small_uidiv        0x800'ef5d         Code  Gb  I32DivMod.o [7]
__iar_small_uidivmod     0x800'ef5d         Code  Gb  I32DivMod.o [7]
__iar_zero_init3         0x801'4205   0x3c  Code  Gb  zero_init3.o [7]
__low_level_init         0x801'4397    0x4  Code  Gb  low_level_init.o [5]
__vector_table           0x800'b000         Data  Gb  startup_stm32g0b1xx.o [1]
_call_main               0x801'4385         Code  Gb  cmain.o [7]
_exit                    0x801'43a5         Code  Gb  cexit.o [7]
abort                    0x801'3ae3    0xa  Code  Gb  abort.o [5]
atoi                     0x800'dc6f    0x4  Code  Gb  iar_Stoulx.o [5]
bGPS_eGetGPSLoc_Exe      0x800'de1b  0x156  Code  Gb  GPS.o [2]
bGSM_eCheckAPNSetting_Exe
                         0x800'b9e1   0x78  Code  Gb  GSM.o [2]
bGSM_eCheckPendingSMSFromME_Exe
                         0x800'befb   0x2e  Code  Gb  GSM.o [2]
bGSM_eCheckPendingSMSFromSIM_Exe
                         0x800'becd   0x2e  Code  Gb  GSM.o [2]
bGSM_eDeleteSMS_Exe      0x800'c071   0x2c  Code  Gb  GSM.o [2]
bGSM_eGetICCIDNum_Exe    0x800'b1b1   0x5a  Code  Gb  GSM.o [2]
bGSM_eGetIMEINum_Exe     0x800'b157   0x5a  Code  Gb  GSM.o [2]
bGSM_eGetPendingSMS_Exe
                         0x800'bf29   0x78  Code  Gb  GSM.o [2]
bGSM_eNetworkSetup_Exe   0x800'b88d   0x7c  Code  Gb  GSM.o [2]
bGSM_eReadNetworkRegStatus_Exe
                         0x800'b90d   0x6e  Code  Gb  GSM.o [2]
bGSM_eSendSMS_Exe        0x800'c0a1   0x60  Code  Gb  GSM.o [2]
bGSM_eWait4RespOrTimeOut_Exe
                         0x800'b28d   0x3a  Code  Gb  GSM.o [2]
bMQTT_CheckAndConnect_Exe
                         0x800'bd0d   0xa4  Code  Gb  GSM.o [2]
bMQTT_PublishData_Exe    0x800'be91    0xc  Code  Gb  GSM.o [2]
bMQTT_SendPublishCmd_Exe
                         0x800'be21   0x3e  Code  Gb  GSM.o [2]
bUTL_eCompareData_Exe    0x800'dd0d   0x24  Code  Gb  UTL.o [2]
cAPP_eGPSDataBuffer     0x2000'005c  0x384  Data  Gb  APP.o [2]
cAPP_eGlobalBuffer      0x2000'0ee8  0x1f4  Data  Gb  APP.o [2]
cGEN_eDataType          0x2000'03e0    0xc  Data  Gb  GEN.o [2]
cGSM_QUECTEL_eATCommandTbl
                        0x2000'03ec   0xfc  Data  Gb  GSM.o [2]
cGSM_QUECTEL_eATResponseTbl
                        0x2000'04e8   0xac  Data  Gb  GSM.o [2]
cOTA_eOTACommandTbl     0x2000'05bc    0xc  Data  Gb  OTA.o [2]
cOTA_eOTAResponseTbl    0x2000'0594   0x28  Data  Gb  OTA.o [2]
digits                   0x801'4158   0x28  Data  Lc  iar_Stoulx.o [5]
exit                     0x801'439b    0x8  Code  Gb  exit.o [5]
frexp                    0x801'354b         Code  Gb  frexp.o [6]
frexpl                   0x801'354b         Code  Gb  frexp.o [6]
hadc                    0x2000'1378   0x64  Data  Gb  BATT.o [2]
hdma_adc1               0x2000'1440   0x60  Data  Gb  BATT.o [2]
hfdcan1                 0x2000'13dc   0x64  Data  Gb  CAN.o [2]
hi2c1                   0x2000'1550   0x54  Data  Gb  COMM.o [2]
hiwdg                   0x2000'004c   0x10  Data  Gb  APP.o [2]
htim16                  0x2000'15a4   0x4c  Data  Gb  COMM.o [2]
huart1                  0x2000'10dc   0x94  Data  Gb  COMM.o [2]
huart3                  0x2000'1170   0x94  Data  Gb  COMM.o [2]
isspace                  0x801'0411   0x12  Code  Gb  isspace.o [5]
jmpBuffer               0x2000'15f0   0x40  Data  Gb  APP.o [2]
ldexp                    0x801'35d9         Code  Gb  ldexp.o [6]
ldexpl                   0x801'35d9         Code  Gb  ldexp.o [6]
localeconv               0x801'34a5    0x4  Code  Gb  xlocale_c.o [5]
longjmp                  0x801'3f19         Code  Gb  setjmp.o [7]
main                     0x800'd625  0x244  Code  Gb  APP.o [2]
memchr                   0x801'0435         Code  Gb  memchr.o [7]
memset                   0x801'139b   0x14  Code  Gb  memset.o [7]
ndigs                    0x801'4130   0x28  Data  Lc  iar_Stoulx.o [5]
pucUTL_eSearchChar_Exe   0x800'dce5   0x28  Code  Gb  UTL.o [2]
sFilterConfig           0x2000'12c8   0x18  Data  Gb  CAN.o [2]
scalbln                  0x801'35d9         Code  Gb  ldexp.o [6]
scalblnl                 0x801'35d9         Code  Gb  ldexp.o [6]
scalbn                   0x801'35d9         Code  Gb  ldexp.o [6]
scalbnl                  0x801'35d9         Code  Gb  ldexp.o [6]
scale                    0x801'1319   0x44  Code  Lc  xprintffull_nomb.o [5]
sec_hand                0x2000'1688    0x4  Data  Lc  xfail_s.o [5]
snprintf                 0x800'dfd1   0x4c  Code  Gb  snprintf.o [5]
sprintf                  0x800'dca5   0x40  Code  Gb  sprintf.o [5]
strchr                   0x800'd5d1         Code  Gb  strchr.o [7]
strlen                   0x800'd5ed         Code  Gb  strlen.o [7]
strncmp                  0x801'336f   0x2e  Code  Gb  strncmp.o [5]
strstr                   0x800'dae9   0x2e  Code  Gb  strstr.o [5]
tolower                  0x801'0423   0x12  Code  Gb  tolower.o [5]
ucCAN_eRxData           0x2000'1294    0x8  Data  Gb  CAN.o [2]
ucCAN_eTxData           0x2000'1308    0x8  Data  Gb  CAN.o [2]
ucEEPROM_eReadByte_Exe   0x800'f40b   0x38  Code  Gb  E2PROM_I2C.o [2]
ucGPS_eGetGPSPowerStatus_Exe
                         0x800'dd91   0x44  Code  Gb  GPS.o [2]
ucGSM_eCheckATResponse_Exe
                         0x800'b3d1   0x38  Code  Gb  GSM.o [2]
ucGSM_eCompareStringInGSMBuff_Exe
                         0x800'b2cd   0x94  Code  Gb  GSM.o [2]
ucGSM_eProcessATCmdDualRespWithCmdNum_Exe
                         0x800'b4e3   0x16  Code  Gb  GSM.o [2]
ucGSM_eProcessATCmdDualRespWithPtr_Exe
                         0x800'b4d1   0x12  Code  Gb  GSM.o [2]
ucGSM_eProcessATCmdDualResp_Exe
                         0x800'b515   0xee  Code  Gb  GSM.o [2]
ucGSM_eProcessATCmdWithCmdNum_Exe
                         0x800'b20b    0xe  Code  Gb  GSM.o [2]
ucGSM_eProcessATCmdWithCmdPtr_Exe
                         0x800'b219    0x8  Code  Gb  GSM.o [2]
ucGSM_eProcessATCmd_Exe
                         0x800'b221   0x6c  Code  Gb  GSM.o [2]
ucGSM_eReadRTC_Exe       0x800'baf1   0xa0  Code  Gb  GSM.o [2]
ucGSM_eReadSMS_Exe       0x800'bfb5   0xb8  Code  Gb  GSM.o [2]
ucGSM_eReadSignalStrength_Exe
                         0x800'b805   0x88  Code  Gb  GSM.o [2]
ucGSM_eWait4RespOrTimeOutDualResp_Exe
                         0x800'b603   0x88  Code  Gb  GSM.o [2]
ucGSM_eWaitForATResponse
                         0x800'bcd5   0x30  Code  Gb  GSM.o [2]
ucGSM_iReadAndDeleteSMS_Exe
                         0x801'020d   0x86  Code  Lc  OTA.o [2]
uwTick                  0x2000'05cc    0x4  Data  Gb  stm32g0xx_hal.o [4]
uwTickFreq              0x2000'05c8    0x1  Data  Gb  stm32g0xx_hal.o [4]
uwTickPrio              0x2000'05d0    0x4  Data  Gb  stm32g0xx_hal.o [4]
vAPP_eFeedTheWDT_Exe     0x800'daa5    0xa  Code  Gb  APP.o [2]
vAPP_eSendLiveDataAtTxRate_Exe
                         0x800'd869   0xa2  Code  Gb  APP.o [2]
vAPP_iReadIgnStatus_Exe
                         0x800'da05   0x16  Code  Lc  APP.o [2]
vAPP_iSendLiveModeData_Exe::prevIgnStatus
                        0x2000'0010    0x1  Data  Lc  APP.o [2]
vAPP_iVehicleRunStatusAction_Exe
                         0x800'd915   0x6e  Code  Gb  APP.o [2]
vBATT_Start_ADC          0x800'f205    0xe  Code  Gb  BATT.o [2]
vBATT_eDetectBatteryPresence
                         0x800'f243   0x34  Code  Gb  BATT.o [2]
vBATT_eInit              0x800'f10d   0xf8  Code  Gb  BATT.o [2]
vCAN_eGetBattID_Exe      0x800'faf9   0x72  Code  Gb  CAN.o [2]
vCAN_eInit               0x800'f5c1  0x15c  Code  Gb  CAN.o [2]
vCAN_eReadCANData_Exe    0x800'f77d  0x366  Code  Gb  CAN.o [2]
vCAN_eSendCANCommands_Exe
                         0x800'f73f   0x1c  Code  Gb  CAN.o [2]
vCOMM_eTxString_Exe      0x800'c49d   0x2a  Code  Gb  COMM.o [2]
vCOMM_eUSART1Init        0x800'c419   0x24  Code  Gb  COMM.o [2]
vCOMM_eUSART3Init        0x800'c43d   0x20  Code  Gb  COMM.o [2]
vCONFIGEEPROM_eLoadDefaultPar_Exe
                         0x801'00b7  0x106  Code  Gb  CONFIG_EEPROM.o [2]
vCONFIGEEPROM_eReadConfigData_Exe
                         0x800'ff5d  0x15a  Code  Gb  CONFIG_EEPROM.o [2]
vEEPROM_eInit            0x800'f311   0x4a  Code  Gb  E2PROM_I2C.o [2]
vEEPROM_eReadBytes_Exe   0x800'f443   0x2c  Code  Gb  E2PROM_I2C.o [2]
vEEPROM_eWriteByte_Exe   0x800'f3a9   0x44  Code  Gb  E2PROM_I2C.o [2]
vEEPROM_eWriteBytes_Exe
                         0x800'f3ed   0x1e  Code  Gb  E2PROM_I2C.o [2]
vEEPROM_iMakeWPEnable_Exe
                         0x800'f46f    0xe  Code  Lc  E2PROM_I2C.o [2]
vFTP_eCheckFTPServerForFWUpdate_Exe
                         0x801'02fd   0xa0  Code  Gb  FTP.o [2]
vGEN_eLoadAndParseData_Exe
                         0x800'fb95  0x292  Code  Gb  GEN.o [2]
vGEN_eLoadTxRate_Exe     0x800'fe35   0x6a  Code  Gb  GEN.o [2]
vGEN_eMakeIntBattChargingOnOff_Exe
                         0x800'fead   0x38  Code  Gb  GEN.o [2]
vGEN_eONBattChg_Exe      0x800'fee9   0x2c  Code  Gb  GEN.o [2]
vGPS_eInit               0x800'dd35   0x5c  Code  Gb  GPS.o [2]
vGPS_eOperateGPSLED_Exe
                         0x800'df97   0x2c  Code  Gb  GPS.o [2]
vGPS_eReadGPSData_Exe    0x800'df71   0x26  Code  Gb  GPS.o [2]
vGPS_eSetGPSPower_Exe    0x800'ddd5   0x34  Code  Gb  GPS.o [2]
vGPS_eStartGPS_Exe       0x800'de09   0x12  Code  Gb  GPS.o [2]
vGSM_SendByte            0x800'bca9   0x12  Code  Gb  GSM.o [2]
vGSM_SendString          0x800'bcc1   0x14  Code  Gb  GSM.o [2]
vGSM_eDisableGPRS_Exe    0x800'b495   0x38  Code  Gb  GSM.o [2]
vGSM_eEnableGPRS_Exe     0x800'bb95   0x42  Code  Gb  GSM.o [2]
vGSM_eInit               0x800'b0bd   0x9a  Code  Gb  GSM.o [2]
vGSM_eInitaliseGSM_Exe   0x800'b691   0x30  Code  Gb  GSM.o [2]
vGSM_eInitialSetup_Exe   0x800'b6d9   0x8a  Code  Gb  GSM.o [2]
vGSM_ePWRKeyStartGSM_Exe
                         0x800'b409   0x58  Code  Gb  GSM.o [2]
vGSM_eReStartGSM_Exe     0x800'bc0d   0x82  Code  Gb  GSM.o [2]
vGSM_eReadGPRSStatus_Exe
                         0x800'bbd7   0x32  Code  Gb  GSM.o [2]
vGSM_eReadNetworkInfo_Exe
                         0x800'b97b   0x62  Code  Gb  GSM.o [2]
vGSM_eReadSIMInsertStatus_Exe
                         0x800'b7c3   0x32  Code  Gb  GSM.o [2]
vGSM_eRegisterAndSetModule_Exe
                         0x800'b763   0x60  Code  Gb  GSM.o [2]
vGSM_eResetGSM_Exe       0x800'b465   0x30  Code  Gb  GSM.o [2]
vGSM_eSetAPN_Exe         0x800'ba69   0x4a  Code  Gb  GSM.o [2]
vGSM_eStartGSM_Exe       0x800'b371   0x5c  Code  Gb  GSM.o [2]
vGSM_eUpdateTimeZoneAndRTC_Exe
                         0x800'bad9   0x18  Code  Gb  GSM.o [2]
vMQTT_Disconnect_Exe     0x800'be9d   0x28  Code  Gb  GSM.o [2]
vODO_eCalculateTripAndOdo_Exe
                         0x800'f4a7  0x108  Code  Gb  ODO.o [2]
vODO_eInit               0x800'f491   0x16  Code  Gb  ODO.o [2]
vOTA_eExecuteOTACmd_Exe
                         0x801'0293   0x44  Code  Gb  OTA.o [2]
vOTA_eReadSMSOTACmdFromME_Exe
                         0x801'01f5   0x18  Code  Gb  OTA.o [2]
vOTA_eReadSMSOTACmdFromSIM_Exe
                         0x801'01dd   0x18  Code  Gb  OTA.o [2]


[1] = D:\BZ\PROJECTS\Embedded Firmware\BZ\Standalone_IoT\Firmware\Standalone_IOT\Standalone_IOT (MQTT with BL)\MainProg\EWARM\standalone_IoT-ver_1.0\Obj\Application\EWARM
[2] = D:\BZ\PROJECTS\Embedded Firmware\BZ\Standalone_IoT\Firmware\Standalone_IOT\Standalone_IOT (MQTT with BL)\MainProg\EWARM\standalone_IoT-ver_1.0\Obj\Application\User\Core
[3] = D:\BZ\PROJECTS\Embedded Firmware\BZ\Standalone_IoT\Firmware\Standalone_IOT\Standalone_IOT (MQTT with BL)\MainProg\EWARM\standalone_IoT-ver_1.0\Obj\Drivers\CMSIS
[4] = D:\BZ\PROJECTS\Embedded Firmware\BZ\Standalone_IoT\Firmware\Standalone_IOT\Standalone_IOT (MQTT with BL)\MainProg\EWARM\standalone_IoT-ver_1.0\Obj\Drivers\STM32G0xx_HAL_Driver
[5] = dl6M_tlf.a
[6] = m6M_tl.a
[7] = rt6M_tl.a
[8] = shb_l.a

  36'694 bytes of readonly  code memory
   3'157 bytes of readonly  data memory
   6'796 bytes of readwrite data memory

Errors: none
Warnings: none
