###############################################################################
#
# IAR ELF Linker V9.30.1.335/W64 for ARM                  05/Aug/2025  16:07:11
# Copyright 2007-2022 IAR Systems AB.
#
#    Output file  =
#        D:\BZ\PROJECTS\Embedded
#        Firmware\BZ\Standalone_IoT\Firmware\Standalone_IOT\Standalone_IOT
#        (MQTT with
#        BL)\MainProg\EWARM\standalone_IoT-ver_1.0\Exe\standalone_IoT-ver_1.0.out
#    Map file     =
#        D:\BZ\PROJECTS\Embedded
#        Firmware\BZ\Standalone_IoT\Firmware\Standalone_IOT\Standalone_IOT
#        (MQTT with
#        BL)\MainProg\EWARM\standalone_IoT-ver_1.0\List\standalone_IoT-ver_1.0.map
#    Command line =
#        -f "D:\BZ\PROJECTS\Embedded
#        Firmware\BZ\Standalone_IoT\Firmware\Standalone_IOT\Standalone_IOT
#        (MQTT with
#        BL)\MainProg\EWARM\standalone_IoT-ver_1.0\Exe\standalone_IoT-ver_1.0.out.rsp"
#        ("D:\BZ\PROJECTS\Embedded
#        Firmware\BZ\Standalone_IoT\Firmware\Standalone_IOT\Standalone_IOT
#        (MQTT with
#        BL)\MainProg\EWARM\standalone_IoT-ver_1.0\Obj\Application\User\Core\ADC.o"
#        "D:\BZ\PROJECTS\Embedded
#        Firmware\BZ\Standalone_IoT\Firmware\Standalone_IOT\Standalone_IOT
#        (MQTT with
#        BL)\MainProg\EWARM\standalone_IoT-ver_1.0\Obj\Application\User\Core\APP.o"
#        "D:\BZ\PROJECTS\Embedded
#        Firmware\BZ\Standalone_IoT\Firmware\Standalone_IOT\Standalone_IOT
#        (MQTT with
#        BL)\MainProg\EWARM\standalone_IoT-ver_1.0\Obj\Application\User\Core\BATT.o"
#        "D:\BZ\PROJECTS\Embedded
#        Firmware\BZ\Standalone_IoT\Firmware\Standalone_IOT\Standalone_IOT
#        (MQTT with
#        BL)\MainProg\EWARM\standalone_IoT-ver_1.0\Obj\Application\User\Core\CAN.o"
#        "D:\BZ\PROJECTS\Embedded
#        Firmware\BZ\Standalone_IoT\Firmware\Standalone_IOT\Standalone_IOT
#        (MQTT with
#        BL)\MainProg\EWARM\standalone_IoT-ver_1.0\Obj\Application\User\Core\COMM.o"
#        "D:\BZ\PROJECTS\Embedded
#        Firmware\BZ\Standalone_IoT\Firmware\Standalone_IOT\Standalone_IOT
#        (MQTT with
#        BL)\MainProg\EWARM\standalone_IoT-ver_1.0\Obj\Application\User\Core\CONFIG_EEPROM.o"
#        "D:\BZ\PROJECTS\Embedded
#        Firmware\BZ\Standalone_IoT\Firmware\Standalone_IOT\Standalone_IOT
#        (MQTT with
#        BL)\MainProg\EWARM\standalone_IoT-ver_1.0\Obj\Application\User\Core\E2PROM_I2C.o"
#        "D:\BZ\PROJECTS\Embedded
#        Firmware\BZ\Standalone_IoT\Firmware\Standalone_IOT\Standalone_IOT
#        (MQTT with
#        BL)\MainProg\EWARM\standalone_IoT-ver_1.0\Obj\Application\User\Core\FTP.o"
#        "D:\BZ\PROJECTS\Embedded
#        Firmware\BZ\Standalone_IoT\Firmware\Standalone_IOT\Standalone_IOT
#        (MQTT with
#        BL)\MainProg\EWARM\standalone_IoT-ver_1.0\Obj\Application\User\Core\GEN.o"
#        "D:\BZ\PROJECTS\Embedded
#        Firmware\BZ\Standalone_IoT\Firmware\Standalone_IOT\Standalone_IOT
#        (MQTT with
#        BL)\MainProg\EWARM\standalone_IoT-ver_1.0\Obj\Application\User\Core\GPS.o"
#        "D:\BZ\PROJECTS\Embedded
#        Firmware\BZ\Standalone_IoT\Firmware\Standalone_IOT\Standalone_IOT
#        (MQTT with
#        BL)\MainProg\EWARM\standalone_IoT-ver_1.0\Obj\Application\User\Core\GSM.o"
#        "D:\BZ\PROJECTS\Embedded
#        Firmware\BZ\Standalone_IoT\Firmware\Standalone_IOT\Standalone_IOT
#        (MQTT with
#        BL)\MainProg\EWARM\standalone_IoT-ver_1.0\Obj\Application\User\Core\main.o"
#        "D:\BZ\PROJECTS\Embedded
#        Firmware\BZ\Standalone_IoT\Firmware\Standalone_IOT\Standalone_IOT
#        (MQTT with
#        BL)\MainProg\EWARM\standalone_IoT-ver_1.0\Obj\Application\User\Core\MCUFlash.o"
#        "D:\BZ\PROJECTS\Embedded
#        Firmware\BZ\Standalone_IoT\Firmware\Standalone_IOT\Standalone_IOT
#        (MQTT with
#        BL)\MainProg\EWARM\standalone_IoT-ver_1.0\Obj\Application\User\Core\MQTT.o"
#        "D:\BZ\PROJECTS\Embedded
#        Firmware\BZ\Standalone_IoT\Firmware\Standalone_IOT\Standalone_IOT
#        (MQTT with
#        BL)\MainProg\EWARM\standalone_IoT-ver_1.0\Obj\Application\User\Core\ODO.o"
#        "D:\BZ\PROJECTS\Embedded
#        Firmware\BZ\Standalone_IoT\Firmware\Standalone_IOT\Standalone_IOT
#        (MQTT with
#        BL)\MainProg\EWARM\standalone_IoT-ver_1.0\Obj\Application\User\Core\OTA.o"
#        "D:\BZ\PROJECTS\Embedded
#        Firmware\BZ\Standalone_IoT\Firmware\Standalone_IOT\Standalone_IOT
#        (MQTT with
#        BL)\MainProg\EWARM\standalone_IoT-ver_1.0\Obj\Application\EWARM\startup_stm32g0b1xx.o"
#        "D:\BZ\PROJECTS\Embedded
#        Firmware\BZ\Standalone_IoT\Firmware\Standalone_IOT\Standalone_IOT
#        (MQTT with
#        BL)\MainProg\EWARM\standalone_IoT-ver_1.0\Obj\Drivers\STM32G0xx_HAL_Driver\stm32g0xx_hal.o"
#        "D:\BZ\PROJECTS\Embedded
#        Firmware\BZ\Standalone_IoT\Firmware\Standalone_IOT\Standalone_IOT
#        (MQTT with
#        BL)\MainProg\EWARM\standalone_IoT-ver_1.0\Obj\Drivers\STM32G0xx_HAL_Driver\stm32g0xx_hal_adc.o"
#        "D:\BZ\PROJECTS\Embedded
#        Firmware\BZ\Standalone_IoT\Firmware\Standalone_IOT\Standalone_IOT
#        (MQTT with
#        BL)\MainProg\EWARM\standalone_IoT-ver_1.0\Obj\Drivers\STM32G0xx_HAL_Driver\stm32g0xx_hal_adc_ex.o"
#        "D:\BZ\PROJECTS\Embedded
#        Firmware\BZ\Standalone_IoT\Firmware\Standalone_IOT\Standalone_IOT
#        (MQTT with
#        BL)\MainProg\EWARM\standalone_IoT-ver_1.0\Obj\Drivers\STM32G0xx_HAL_Driver\stm32g0xx_hal_cortex.o"
#        "D:\BZ\PROJECTS\Embedded
#        Firmware\BZ\Standalone_IoT\Firmware\Standalone_IOT\Standalone_IOT
#        (MQTT with
#        BL)\MainProg\EWARM\standalone_IoT-ver_1.0\Obj\Drivers\STM32G0xx_HAL_Driver\stm32g0xx_hal_crc.o"
#        "D:\BZ\PROJECTS\Embedded
#        Firmware\BZ\Standalone_IoT\Firmware\Standalone_IOT\Standalone_IOT
#        (MQTT with
#        BL)\MainProg\EWARM\standalone_IoT-ver_1.0\Obj\Drivers\STM32G0xx_HAL_Driver\stm32g0xx_hal_crc_ex.o"
#        "D:\BZ\PROJECTS\Embedded
#        Firmware\BZ\Standalone_IoT\Firmware\Standalone_IOT\Standalone_IOT
#        (MQTT with
#        BL)\MainProg\EWARM\standalone_IoT-ver_1.0\Obj\Drivers\STM32G0xx_HAL_Driver\stm32g0xx_hal_dma.o"
#        "D:\BZ\PROJECTS\Embedded
#        Firmware\BZ\Standalone_IoT\Firmware\Standalone_IOT\Standalone_IOT
#        (MQTT with
#        BL)\MainProg\EWARM\standalone_IoT-ver_1.0\Obj\Drivers\STM32G0xx_HAL_Driver\stm32g0xx_hal_dma_ex.o"
#        "D:\BZ\PROJECTS\Embedded
#        Firmware\BZ\Standalone_IoT\Firmware\Standalone_IOT\Standalone_IOT
#        (MQTT with
#        BL)\MainProg\EWARM\standalone_IoT-ver_1.0\Obj\Drivers\STM32G0xx_HAL_Driver\stm32g0xx_hal_exti.o"
#        "D:\BZ\PROJECTS\Embedded
#        Firmware\BZ\Standalone_IoT\Firmware\Standalone_IOT\Standalone_IOT
#        (MQTT with
#        BL)\MainProg\EWARM\standalone_IoT-ver_1.0\Obj\Drivers\STM32G0xx_HAL_Driver\stm32g0xx_hal_fdcan.o"
#        "D:\BZ\PROJECTS\Embedded
#        Firmware\BZ\Standalone_IoT\Firmware\Standalone_IOT\Standalone_IOT
#        (MQTT with
#        BL)\MainProg\EWARM\standalone_IoT-ver_1.0\Obj\Drivers\STM32G0xx_HAL_Driver\stm32g0xx_hal_flash.o"
#        "D:\BZ\PROJECTS\Embedded
#        Firmware\BZ\Standalone_IoT\Firmware\Standalone_IOT\Standalone_IOT
#        (MQTT with
#        BL)\MainProg\EWARM\standalone_IoT-ver_1.0\Obj\Drivers\STM32G0xx_HAL_Driver\stm32g0xx_hal_flash_ex.o"
#        "D:\BZ\PROJECTS\Embedded
#        Firmware\BZ\Standalone_IoT\Firmware\Standalone_IOT\Standalone_IOT
#        (MQTT with
#        BL)\MainProg\EWARM\standalone_IoT-ver_1.0\Obj\Drivers\STM32G0xx_HAL_Driver\stm32g0xx_hal_gpio.o"
#        "D:\BZ\PROJECTS\Embedded
#        Firmware\BZ\Standalone_IoT\Firmware\Standalone_IOT\Standalone_IOT
#        (MQTT with
#        BL)\MainProg\EWARM\standalone_IoT-ver_1.0\Obj\Drivers\STM32G0xx_HAL_Driver\stm32g0xx_hal_i2c.o"
#        "D:\BZ\PROJECTS\Embedded
#        Firmware\BZ\Standalone_IoT\Firmware\Standalone_IOT\Standalone_IOT
#        (MQTT with
#        BL)\MainProg\EWARM\standalone_IoT-ver_1.0\Obj\Drivers\STM32G0xx_HAL_Driver\stm32g0xx_hal_i2c_ex.o"
#        "D:\BZ\PROJECTS\Embedded
#        Firmware\BZ\Standalone_IoT\Firmware\Standalone_IOT\Standalone_IOT
#        (MQTT with
#        BL)\MainProg\EWARM\standalone_IoT-ver_1.0\Obj\Drivers\STM32G0xx_HAL_Driver\stm32g0xx_hal_iwdg.o"
#        "D:\BZ\PROJECTS\Embedded
#        Firmware\BZ\Standalone_IoT\Firmware\Standalone_IOT\Standalone_IOT
#        (MQTT with
#        BL)\MainProg\EWARM\standalone_IoT-ver_1.0\Obj\Application\User\Core\stm32g0xx_hal_msp.o"
#        "D:\BZ\PROJECTS\Embedded
#        Firmware\BZ\Standalone_IoT\Firmware\Standalone_IOT\Standalone_IOT
#        (MQTT with
#        BL)\MainProg\EWARM\standalone_IoT-ver_1.0\Obj\Drivers\STM32G0xx_HAL_Driver\stm32g0xx_hal_pwr.o"
#        "D:\BZ\PROJECTS\Embedded
#        Firmware\BZ\Standalone_IoT\Firmware\Standalone_IOT\Standalone_IOT
#        (MQTT with
#        BL)\MainProg\EWARM\standalone_IoT-ver_1.0\Obj\Drivers\STM32G0xx_HAL_Driver\stm32g0xx_hal_pwr_ex.o"
#        "D:\BZ\PROJECTS\Embedded
#        Firmware\BZ\Standalone_IoT\Firmware\Standalone_IOT\Standalone_IOT
#        (MQTT with
#        BL)\MainProg\EWARM\standalone_IoT-ver_1.0\Obj\Drivers\STM32G0xx_HAL_Driver\stm32g0xx_hal_rcc.o"
#        "D:\BZ\PROJECTS\Embedded
#        Firmware\BZ\Standalone_IoT\Firmware\Standalone_IOT\Standalone_IOT
#        (MQTT with
#        BL)\MainProg\EWARM\standalone_IoT-ver_1.0\Obj\Drivers\STM32G0xx_HAL_Driver\stm32g0xx_hal_rcc_ex.o"
#        "D:\BZ\PROJECTS\Embedded
#        Firmware\BZ\Standalone_IoT\Firmware\Standalone_IOT\Standalone_IOT
#        (MQTT with
#        BL)\MainProg\EWARM\standalone_IoT-ver_1.0\Obj\Drivers\STM32G0xx_HAL_Driver\stm32g0xx_hal_tim.o"
#        "D:\BZ\PROJECTS\Embedded
#        Firmware\BZ\Standalone_IoT\Firmware\Standalone_IOT\Standalone_IOT
#        (MQTT with
#        BL)\MainProg\EWARM\standalone_IoT-ver_1.0\Obj\Drivers\STM32G0xx_HAL_Driver\stm32g0xx_hal_tim_ex.o"
#        "D:\BZ\PROJECTS\Embedded
#        Firmware\BZ\Standalone_IoT\Firmware\Standalone_IOT\Standalone_IOT
#        (MQTT with
#        BL)\MainProg\EWARM\standalone_IoT-ver_1.0\Obj\Drivers\STM32G0xx_HAL_Driver\stm32g0xx_hal_uart.o"
#        "D:\BZ\PROJECTS\Embedded
#        Firmware\BZ\Standalone_IoT\Firmware\Standalone_IOT\Standalone_IOT
#        (MQTT with
#        BL)\MainProg\EWARM\standalone_IoT-ver_1.0\Obj\Drivers\STM32G0xx_HAL_Driver\stm32g0xx_hal_uart_ex.o"
#        "D:\BZ\PROJECTS\Embedded
#        Firmware\BZ\Standalone_IoT\Firmware\Standalone_IOT\Standalone_IOT
#        (MQTT with
#        BL)\MainProg\EWARM\standalone_IoT-ver_1.0\Obj\Application\User\Core\stm32g0xx_it.o"
#        "D:\BZ\PROJECTS\Embedded
#        Firmware\BZ\Standalone_IoT\Firmware\Standalone_IOT\Standalone_IOT
#        (MQTT with
#        BL)\MainProg\EWARM\standalone_IoT-ver_1.0\Obj\Drivers\STM32G0xx_HAL_Driver\stm32g0xx_ll_adc.o"
#        "D:\BZ\PROJECTS\Embedded
#        Firmware\BZ\Standalone_IoT\Firmware\Standalone_IOT\Standalone_IOT
#        (MQTT with
#        BL)\MainProg\EWARM\standalone_IoT-ver_1.0\Obj\Drivers\STM32G0xx_HAL_Driver\stm32g0xx_ll_rcc.o"
#        "D:\BZ\PROJECTS\Embedded
#        Firmware\BZ\Standalone_IoT\Firmware\Standalone_IOT\Standalone_IOT
#        (MQTT with
#        BL)\MainProg\EWARM\standalone_IoT-ver_1.0\Obj\Drivers\CMSIS\system_stm32g0xx.o"
#        "D:\BZ\PROJECTS\Embedded
#        Firmware\BZ\Standalone_IoT\Firmware\Standalone_IOT\Standalone_IOT
#        (MQTT with
#        BL)\MainProg\EWARM\standalone_IoT-ver_1.0\Obj\Application\User\Core\UTL.o"
#        --no_out_extension -o "D:\BZ\PROJECTS\Embedded
#        Firmware\BZ\Standalone_IoT\Firmware\Standalone_IOT\Standalone_IOT
#        (MQTT with
#        BL)\MainProg\EWARM\standalone_IoT-ver_1.0\Exe\standalone_IoT-ver_1.0.out"
#        --redirect _Printf=_PrintfFullNoMb --redirect _Scanf=_ScanfFullNoMb
#        --map "D:\BZ\PROJECTS\Embedded
#        Firmware\BZ\Standalone_IoT\Firmware\Standalone_IOT\Standalone_IOT
#        (MQTT with
#        BL)\MainProg\EWARM\standalone_IoT-ver_1.0\List\standalone_IoT-ver_1.0.map"
#        --config "D:\BZ\PROJECTS\Embedded
#        Firmware\BZ\Standalone_IoT\Firmware\Standalone_IOT\Standalone_IOT
#        (MQTT with BL)\MainProg\EWARM/stm32g0b1xx_flash.icf" --semihosting
#        --entry __iar_program_start --vfe --text_out locale --cpu=Cortex-M0+
#        --fpu=None)
#
###############################################################################

*******************************************************************************
*** RUNTIME MODEL ATTRIBUTES
***

CppFlavor                   = *
__CPP_Runtime               = 1
__SystemLibrary             = DLib
__dlib_jmp_buf_num_elements = 8
__dlib_version              = 6


*******************************************************************************
*** HEAP SELECTION
***

The basic heap was selected because --advanced_heap
was not specified and the application did not appear to
be primarily optimized for speed.


*******************************************************************************
*** PLACEMENT SUMMARY
***

"A0":  place at address 0x800'b000 { ro section .intvec };
"P1":  place in [from 0x800'0000 to 0x803'ffff] { ro };
define block CSTACK with size = 1K, alignment = 8 { };
define block HEAP with size = 512, alignment = 8 { };
"P2":  place in [from 0x2000'0000 to 0x2002'3fff] {
          rw, block CSTACK, block HEAP };
initialize by copy { rw };

  Section            Kind         Address    Size  Object
  -------            ----         -------    ----  ------
"A0":                                        0xbc
  .intvec            ro code   0x800'b000    0xbc  startup_stm32g0b1xx.o [1]
                             - 0x800'b0bc    0xbc

"P1":                                      0x9a51
  .text              ro code   0x800'b0bc  0x104c  stm32g0xx_hal_uart.o [4]
  .text              ro code   0x800'c108   0x380  stm32g0xx_hal_msp.o [2]
  .text              ro code   0x800'c488     0xc  stm32g0xx_hal.o [4]
  .text              ro code   0x800'c494   0x410  stm32g0xx_hal_dma.o [4]
  .text              ro code   0x800'c8a4   0x180  COMM.o [2]
  .text              ro code   0x800'ca24     0x2  stm32g0xx_hal_uart.o [4]
  .text              ro code   0x800'ca26     0x2  stm32g0xx_hal_uart_ex.o [4]
  .text              ro code   0x800'ca28     0x2  stm32g0xx_hal_uart.o [4]
  .text              ro code   0x800'ca2a     0x2  stm32g0xx_hal_uart_ex.o [4]
  .text              ro code   0x800'ca2c     0x2  stm32g0xx_hal_uart_ex.o [4]
  .text              ro code   0x800'ca2e     0xa  xsprout.o [5]
  .text              ro code   0x800'ca38   0x658  stm32g0xx_hal_rcc.o [4]
  .text              ro code   0x800'd090    0x5e  I32DivMod.o [7]
  .text              ro code   0x800'd0ee    0x7c  I64DivMod.o [7]
  .rodata            const     0x800'd16a     0x2  GSM.o [2]
  .text              ro code   0x800'd16c    0x40  stm32g0xx_hal.o [4]
  .text              ro code   0x800'd1ac    0x14  memset.o [7]
  .text              ro code   0x800'd1c0   0x2a4  stm32g0xx_hal_rcc_ex.o [4]
  .text              ro code   0x800'd464   0x4aa  APP.o [2]
  .rodata            const     0x800'd90e     0x2  xlocale_c.o [5]
  .text              ro code   0x800'd910   0x2e0  stm32g0xx_hal_gpio.o [4]
  .text              ro code   0x800'dbf0    0xac  stm32g0xx_hal_cortex.o [4]
  .text              ro code   0x800'dc9c   0x118  stm32g0xx_hal_uart_ex.o [4]
  .text              ro code   0x800'ddb4     0xe  strlen.o [7]
  .text              ro code   0x800'ddc2    0x2e  strstr.o [5]
  .text              ro code   0x800'ddf0    0x14  uwrite4.o [7]
  .text              ro code   0x800'de04    0x4c  stm32g0xx_hal.o [4]
  .text              ro code   0x800'de50     0x2  IntDivZer.o [7]
  .rodata            const     0x800'de52     0x2  xlocale_c.o [5]
  .text              ro code   0x800'de54     0x2  I64DivZer.o [7]
  .text              ro code   0x800'de56     0x2  startup_stm32g0b1xx.o [1]
  .text              ro code   0x800'de58    0x10  ABImemset_small.o [7]
  .text              ro code   0x800'de68   0x198  BATT.o [2]
  .text              ro code   0x800'e000    0x6c  stm32g0xx_hal_iwdg.o [4]
  .text              ro code   0x800'e06c   0x180  E2PROM_I2C.o [2]
  .text              ro code   0x800'e1ec   0x130  ODO.o [2]
  .text              ro code   0x800'e31c   0x5d4  CAN.o [2]
  .text              ro code   0x800'e8f0   0xc84  GSM.o [2]
  .text              ro code   0x800'f574   0x29c  GPS.o [2]
  .text              ro code   0x800'f810   0x3c8  GEN.o [2]
  .text              ro code   0x800'fbd8   0x280  CONFIG_EEPROM.o [2]
  .text              ro code   0x800'fe58   0x498  MQTT.o [2]
  .text              ro code   0x801'02f0    0x16  uread4.o [7]
  .text              ro code   0x801'0306     0x2  startup_stm32g0b1xx.o [1]
  .text              ro code   0x801'0308    0xdc  FTP.o [2]
  .text              ro code   0x801'03e4    0x28  stm32g0xx_hal.o [4]
  .text              ro code   0x801'040c    0x4c  stm32g0xx_hal_pwr_ex.o [4]
  .text              ro code   0x801'0458    0x12  strchr.o [7]
  .text              ro code   0x801'046a     0x2  startup_stm32g0b1xx.o [1]
  .text              ro code   0x801'046c   0x6e0  stm32g0xx_hal_adc.o [4]
  .text              ro code   0x801'0b4c    0x20  IxxToFlt.o [6]
  .text              ro code   0x801'0b6c    0xb0  FltMul.o [6]
  .text              ro code   0x801'0c1c    0x3a  FltToS32.o [6]
  .text              ro code   0x801'0c56     0x2  startup_stm32g0b1xx.o [1]
  .text              ro code   0x801'0c58   0xd64  stm32g0xx_hal_i2c.o [4]
  .text              ro code   0x801'19bc    0x8c  stm32g0xx_hal_i2c_ex.o [4]
  .text              ro code   0x801'1a48   0x6ea  stm32g0xx_hal_fdcan.o [4]
  .text              ro code   0x801'2132     0x2  startup_stm32g0b1xx.o [1]
  .text              ro code   0x801'2134    0x10  strcpy_small.o [7]
  .text              ro code   0x801'2144    0x40  sprintf.o [5]
  .text              ro code   0x801'2184    0x2e  strncmp.o [5]
  .text              ro code   0x801'21b2     0x2  startup_stm32g0b1xx.o [1]
  .text              ro code   0x801'21b4   0x164  iar_Stoulx.o [5]
  .text              ro code   0x801'2318    0x4e  UTL.o [2]
  .text              ro code   0x801'2366    0xa4  FltDiv.o [6]
  .text              ro code   0x801'240a     0x2  startup_stm32g0b1xx.o [1]
  .text              ro code   0x801'240c    0x32  FltToDbl.o [6]
  .text              ro code   0x801'243e     0x2  startup_stm32g0b1xx.o [1]
  .text              ro code   0x801'2440    0x4c  snprintf.o [5]
  .text              ro code   0x801'248c    0x22  strncpy_small.o [7]
  .text              ro code   0x801'24ae     0x2  startup_stm32g0b1xx.o [1]
  .text              ro code   0x801'24b0    0x4c  strtok.o [5]
  .text              ro code   0x801'24fc    0x14  strcmp_small.o [7]
  .text              ro code   0x801'2510     0x2  stm32g0xx_hal_adc.o [4]
  .text              ro code   0x801'2512     0x2  stm32g0xx_hal_adc.o [4]
  .text              ro code   0x801'2514     0x2  stm32g0xx_hal_i2c.o [4]
  .text              ro code   0x801'2516     0x2  stm32g0xx_hal_i2c.o [4]
  .text              ro code   0x801'2518     0x2  stm32g0xx_hal_i2c.o [4]
  .text              ro code   0x801'251a     0x2  stm32g0xx_hal_i2c.o [4]
  .text              ro code   0x801'251c     0x2  stm32g0xx_hal_i2c.o [4]
  .text              ro code   0x801'251e     0x2  stm32g0xx_hal_i2c.o [4]
  .text              ro code   0x801'2520     0x2  stm32g0xx_hal_fdcan.o [4]
  .text              ro code   0x801'2522     0x2  stm32g0xx_hal_fdcan.o [4]
  .text              ro code   0x801'2524     0x2  stm32g0xx_hal_fdcan.o [4]
  .text              ro code   0x801'2526     0x2  stm32g0xx_hal_fdcan.o [4]
  .text              ro code   0x801'2528     0x2  stm32g0xx_hal_fdcan.o [4]
  .text              ro code   0x801'252a     0x2  stm32g0xx_hal_fdcan.o [4]
  .text              ro code   0x801'252c     0x2  stm32g0xx_hal_fdcan.o [4]
  .text              ro code   0x801'252e     0x2  stm32g0xx_hal_fdcan.o [4]
  .text              ro code   0x801'2530     0x2  stm32g0xx_hal_fdcan.o [4]
  .text              ro code   0x801'2532     0x2  stm32g0xx_hal_fdcan.o [4]
  .text              ro code   0x801'2534   0xf4e  xprintffull_nomb.o [5]
  .text              ro code   0x801'3482    0x12  isspace.o [5]
  .text              ro code   0x801'3494    0x12  tolower.o [5]
  .text              ro code   0x801'34a6     0x2  startup_stm32g0b1xx.o [1]
  .text              ro code   0x801'34a8    0x16  memchr.o [7]
  .text              ro code   0x801'34be    0x24  strspn.o [5]
  .text              ro code   0x801'34e2    0x24  strcspn.o [5]
  .text              ro code   0x801'3506     0x2  startup_stm32g0b1xx.o [1]
  .text              ro code   0x801'3508    0x48  xfail_s.o [5]
  .text              ro code   0x801'3550    0x4e  ABImemcpy.o [7]
  .text              ro code   0x801'359e    0x2a  frexp.o [6]
  .text              ro code   0x801'35c8    0x32  DblCmpLe.o [6]
  .text              ro code   0x801'35fa    0x32  DblCmpGe.o [6]
  .text              ro code   0x801'362c    0x70  ldexp.o [6]
  .text              ro code   0x801'369c    0x52  DblToI32.o [6]
  .text              ro code   0x801'36ee     0x2  startup_stm32g0b1xx.o [1]
  .text              ro code   0x801'36f0    0x34  IxxToDbl.o [6]
  .text              ro code   0x801'3724   0x1a8  DblAddSub.o [6]
  .text              ro code   0x801'38cc    0xc2  DblDiv.o [6]
  .text              ro code   0x801'398e   0x184  DblMul.o [6]
  .text              ro code   0x801'3b12     0x2  startup_stm32g0b1xx.o [1]
  .text              ro code   0x801'3b14    0x40  xlocale_c.o [5]
  .text              ro code   0x801'3b54     0xa  abort.o [5]
  .text              ro code   0x801'3b5e     0x2  startup_stm32g0b1xx.o [1]
  .text              ro code   0x801'3b60    0x14  exit.o [8]
  .rodata            const     0x801'3b74   0x174  GEN.o [2]
  .text              ro code   0x801'3ce8   0x168  stm32g0xx_hal_tim.o [4]
  .text              ro code   0x801'3e50     0x2  stm32g0xx_hal_tim.o [4]
  .text              ro code   0x801'3e52     0x2  stm32g0xx_hal_tim.o [4]
  .text              ro code   0x801'3e54     0x2  stm32g0xx_hal_tim.o [4]
  .text              ro code   0x801'3e56     0x2  stm32g0xx_hal_tim.o [4]
  .text              ro code   0x801'3e58     0x2  stm32g0xx_hal_tim_ex.o [4]
  .text              ro code   0x801'3e5a     0x2  stm32g0xx_hal_tim_ex.o [4]
  .text              ro code   0x801'3e5c     0x2  stm32g0xx_hal_tim.o [4]
  .text              ro code   0x801'3e5e     0x2  stm32g0xx_hal_tim_ex.o [4]
  .text              ro code   0x801'3e60   0x12c  stm32g0xx_it.o [2]
  .text              ro code   0x801'3f8c    0x1e  setjmp.o [7]
  .text              ro code   0x801'3faa     0x2  startup_stm32g0b1xx.o [1]
  .text              ro code   0x801'3fac    0x10  stm32g0xx_hal.o [4]
  .rodata            const     0x801'3fbc    0xfc  CONFIG_EEPROM.o [2]
  .text              ro code   0x801'40b8    0x80  lz77_init_single.o [7]
  .rodata            const     0x801'4138    0x6a  xprintffull_nomb.o [5]
  .text              ro code   0x801'41a2     0x2  startup_stm32g0b1xx.o [1]
  .rodata            const     0x801'41a4    0x50  iar_Stoulx.o [5]
  .rodata            const     0x801'41f4    0x44  GSM.o [2]
  .rodata            const     0x801'4238    0x40  system_stm32g0xx.o [3]
  .rodata            const     0x801'4278    0x3c  MQTT.o [2]
  .text              ro code   0x801'42b4    0x3c  zero_init3.o [7]
  .text              ro code   0x801'42f0    0x28  data_init.o [7]
  .rodata            const     0x801'4318    0x24  GSM.o [2]
  .iar.init_table    const     0x801'433c    0x20  - Linker created -
  .rodata            const     0x801'435c    0x20  GSM.o [2]
  .rodata            const     0x801'437c    0x20  GSM.o [2]
  .rodata            const     0x801'439c    0x20  system_stm32g0xx.o [3]
  .text              ro code   0x801'43bc    0x1e  cmain.o [7]
  .text              ro code   0x801'43da     0x4  low_level_init.o [5]
  .text              ro code   0x801'43de     0x8  exit.o [5]
  .text              ro code   0x801'43e6     0x2  startup_stm32g0b1xx.o [1]
  .text              ro code   0x801'43e8     0xa  cexit.o [7]
  .text              ro code   0x801'43f2     0x2  startup_stm32g0b1xx.o [1]
  .rodata            const     0x801'43f4    0x1c  GSM.o [2]
  .rodata            const     0x801'4410    0x1c  GSM.o [2]
  .rodata            const     0x801'442c    0x1c  GSM.o [2]
  .text              ro code   0x801'4448    0x1c  cstartup_M.o [7]
  .text              ro code   0x801'4464    0x1c  xsnprout.o [5]
  .rodata            const     0x801'4480    0x18  GSM.o [2]
  .rodata            const     0x801'4498    0x18  GSM.o [2]
  .rodata            const     0x801'44b0    0x18  GSM.o [2]
  .rodata            const     0x801'44c8    0x18  GSM.o [2]
  .rodata            const     0x801'44e0    0x18  GSM.o [2]
  .rodata            const     0x801'44f8    0x14  GSM.o [2]
  .rodata            const     0x801'450c    0x14  GSM.o [2]
  .rodata            const     0x801'4520    0x10  GSM.o [2]
  .rodata            const     0x801'4530    0x10  GSM.o [2]
  .rodata            const     0x801'4540    0x10  GSM.o [2]
  .rodata            const     0x801'4550    0x10  GSM.o [2]
  .rodata            const     0x801'4560    0x10  GSM.o [2]
  .rodata            const     0x801'4570    0x10  GSM.o [2]
  .rodata            const     0x801'4580    0x10  GSM.o [2]
  .rodata            const     0x801'4590    0x10  GSM.o [2]
  .rodata            const     0x801'45a0    0x10  GSM.o [2]
  .rodata            const     0x801'45b0    0x10  GSM.o [2]
  .rodata            const     0x801'45c0    0x10  GSM.o [2]
  .rodata            const     0x801'45d0    0x10  GSM.o [2]
  .rodata            const     0x801'45e0    0x10  GSM.o [2]
  .rodata            const     0x801'45f0    0x10  GSM.o [2]
  .rodata            const     0x801'4600    0x10  GSM.o [2]
  .rodata            const     0x801'4610    0x10  GSM.o [2]
  .rodata            const     0x801'4620    0x10  GSM.o [2]
  .rodata            const     0x801'4630    0x10  GSM.o [2]
  .text              ro code   0x801'4640    0x10  startup_stm32g0b1xx.o [1]
  .text              ro code   0x801'4650    0x10  system_stm32g0xx.o [3]
  .rodata            const     0x801'4660     0xc  GSM.o [2]
  .rodata            const     0x801'466c     0xc  GSM.o [2]
  .rodata            const     0x801'4678     0xc  GSM.o [2]
  .rodata            const     0x801'4684     0xc  GSM.o [2]
  .rodata            const     0x801'4690     0xc  GSM.o [2]
  .rodata            const     0x801'469c     0xc  GSM.o [2]
  .rodata            const     0x801'46a8     0xc  GSM.o [2]
  .rodata            const     0x801'46b4     0xc  GSM.o [2]
  .rodata            const     0x801'46c0     0xc  GSM.o [2]
  .rodata            const     0x801'46cc     0xc  GSM.o [2]
  .rodata            const     0x801'46d8     0xc  GSM.o [2]
  .rodata            const     0x801'46e4     0xc  GSM.o [2]
  .rodata            const     0x801'46f0     0xc  GSM.o [2]
  .rodata            const     0x801'46fc     0xc  GSM.o [2]
  .rodata            const     0x801'4708     0xc  GSM.o [2]
  .rodata            const     0x801'4714     0xc  GSM.o [2]
  .rodata            const     0x801'4720     0xc  GSM.o [2]
  .rodata            const     0x801'472c     0xc  GSM.o [2]
  .rodata            const     0x801'4738     0xc  GSM.o [2]
  .rodata            const     0x801'4744     0xc  GSM.o [2]
  .rodata            const     0x801'4750     0xc  GSM.o [2]
  .rodata            const     0x801'475c     0xc  GSM.o [2]
  .rodata            const     0x801'4768     0xc  GSM.o [2]
  .rodata            const     0x801'4774     0xc  GSM.o [2]
  .rodata            const     0x801'4780     0xc  GSM.o [2]
  .rodata            const     0x801'478c     0xc  GSM.o [2]
  .rodata            const     0x801'4798     0xc  GSM.o [2]
  .rodata            const     0x801'47a4     0xc  GSM.o [2]
  .rodata            const     0x801'47b0     0xc  GSM.o [2]
  .rodata            const     0x801'47bc     0xc  GSM.o [2]
  .rodata            const     0x801'47c8     0xc  GSM.o [2]
  .rodata            const     0x801'47d4     0xc  GSM.o [2]
  .rodata            const     0x801'47e0     0xc  GSM.o [2]
  .rodata            const     0x801'47ec     0xc  GSM.o [2]
  .rodata            const     0x801'47f8     0xc  GSM.o [2]
  .rodata            const     0x801'4804     0xc  GSM.o [2]
  .rodata            const     0x801'4810     0xc  GSM.o [2]
  .rodata            const     0x801'481c     0xc  GSM.o [2]
  .rodata            const     0x801'4828     0xc  GSM.o [2]
  .rodata            const     0x801'4834     0xc  GSM.o [2]
  .rodata            const     0x801'4840     0xc  GSM.o [2]
  .rodata            const     0x801'484c     0xc  GSM.o [2]
  .rodata            const     0x801'4858     0xc  GSM.o [2]
  .rodata            const     0x801'4864     0xc  GSM.o [2]
  .rodata            const     0x801'4870     0xc  GSM.o [2]
  .rodata            const     0x801'487c     0xc  GSM.o [2]
  .rodata            const     0x801'4888     0xc  GSM.o [2]
  .rodata            const     0x801'4894     0xc  GSM.o [2]
  .rodata            const     0x801'48a0     0xc  GSM.o [2]
  .rodata            const     0x801'48ac     0x8  GSM.o [2]
  .rodata            const     0x801'48b4     0x8  GSM.o [2]
  .rodata            const     0x801'48bc     0x8  GSM.o [2]
  .rodata            const     0x801'48c4     0x8  GSM.o [2]
  .rodata            const     0x801'48cc     0x8  GSM.o [2]
  .rodata            const     0x801'48d4     0x8  GSM.o [2]
  .rodata            const     0x801'48dc     0x8  GSM.o [2]
  .rodata            const     0x801'48e4     0x8  GSM.o [2]
  .rodata            const     0x801'48ec     0x8  GSM.o [2]
  .rodata            const     0x801'48f4     0x8  GSM.o [2]
  .rodata            const     0x801'48fc     0x8  GSM.o [2]
  .rodata            const     0x801'4904     0x8  GSM.o [2]
  .rodata            const     0x801'490c     0x8  GSM.o [2]
  .rodata            const     0x801'4914     0x8  GSM.o [2]
  .rodata            const     0x801'491c     0x8  GSM.o [2]
  .rodata            const     0x801'4924     0x8  GSM.o [2]
  .rodata            const     0x801'492c     0x8  GSM.o [2]
  .rodata            const     0x801'4934     0x8  GSM.o [2]
  .rodata            const     0x801'493c     0x8  GSM.o [2]
  .rodata            const     0x801'4944     0x8  GSM.o [2]
  .rodata            const     0x801'494c     0x4  GEN.o [2]
  .rodata            const     0x801'4950     0x4  GEN.o [2]
  .rodata            const     0x801'4954     0x4  GEN.o [2]
  .rodata            const     0x801'4958     0x4  GSM.o [2]
  .rodata            const     0x801'495c     0x4  GSM.o [2]
  .rodata            const     0x801'4960     0x4  GSM.o [2]
  .rodata            const     0x801'4964     0x4  GSM.o [2]
  .text              ro code   0x801'4968     0x2  startup_stm32g0b1xx.o [1]
  .text              ro code   0x801'496a     0x2  startup_stm32g0b1xx.o [1]
  .text              ro code   0x801'496c     0x2  startup_stm32g0b1xx.o [1]
  .text              ro code   0x801'496e     0x2  startup_stm32g0b1xx.o [1]
  .text              ro code   0x801'4970     0x2  startup_stm32g0b1xx.o [1]
  .rodata            const     0x801'4972     0x1  xlocale_c.o [5]
  .rodata            const     0x801'4973     0x0  zero_init3.o [7]
  .rodata            const     0x801'4973     0x0  lz77_init_single.o [7]
  Initializer bytes  const     0x801'4973   0x19a  <for P2-1>
                             - 0x801'4b0d  0x9a51

"P2", part 1 of 3:                          0x678
  P2-1                        0x2000'0000   0x678  <Init block>
    .data            inited   0x2000'0000   0x434  APP.o [2]
    .data            inited   0x2000'0434     0xc  GEN.o [2]
    .data            inited   0x2000'0440    0xfc  GSM.o [2]
    .data            inited   0x2000'053c    0xac  GSM.o [2]
    .data            inited   0x2000'05e8     0xc  stm32g0xx_hal.o [4]
    .data            inited   0x2000'05f4     0x4  system_stm32g0xx.o [3]
    .data            inited   0x2000'05f8    0x38  xlocale_c.o [5]
    .data            inited   0x2000'0630    0x48  xlocale_c.o [5]
                            - 0x2000'0678   0x678

"P2", part 2 of 3:                          0xfe4
  .bss               zero     0x2000'0678   0x890  GSM.o [2]
  .bss               zero     0x2000'0f08   0x1f4  APP.o [2]
  .bss               zero     0x2000'10fc    0x94  COMM.o [2]
  .bss               zero     0x2000'1190    0x94  COMM.o [2]
  .bss               zero     0x2000'1224    0x90  CAN.o [2]
  .bss               zero     0x2000'12b4    0x7c  CAN.o [2]
  .bss               zero     0x2000'1330    0x68  ODO.o [2]
  .bss               zero     0x2000'1398    0x64  BATT.o [2]
  .bss               zero     0x2000'13fc    0x64  CAN.o [2]
  .bss               zero     0x2000'1460    0x60  BATT.o [2]
  .bss               zero     0x2000'14c0    0x5c  GPS.o [2]
  .bss               zero     0x2000'151c    0x54  COMM.o [2]
  .bss               zero     0x2000'1570    0x4c  COMM.o [2]
  .bss               zero     0x2000'15bc    0x14  BATT.o [2]
  .bss               zero     0x2000'15d0    0x40  APP.o [2]
  .bss               zero     0x2000'1610    0x30  CAN.o [2]
  .bss               zero     0x2000'1640     0xc  COMM.o [2]
  .bss               zero     0x2000'164c     0x4  FTP.o [2]
  .bss               zero     0x2000'1650     0x4  GSM.o [2]
  .bss               zero     0x2000'1654     0x4  strtok.o [5]
  .bss               zero     0x2000'1658     0x4  xfail_s.o [5]
                            - 0x2000'165c   0xfe4

"P2", part 3 of 3:                          0x400
  CSTACK                      0x2000'1660   0x400  <Block>
    CSTACK           uninit   0x2000'1660   0x400  <Block tail>
                            - 0x2000'1a60   0x400

Unused ranges:

         From           To      Size
         ----           --      ----
   0x800'0000   0x800'afff    0xb000
   0x801'4b0d   0x803'ffff  0x2'b4f3
  0x2000'165c  0x2000'165f       0x4
  0x2000'1a60  0x2002'3fff  0x2'25a0


*******************************************************************************
*** INIT TABLE
***

          Address      Size
          -------      ----
Zero (__iar_zero_init3)
    1 destination range, total size 0xfe4:
          0x2000'0678  0xfe4

Copy/lz77 (__iar_lz77_init_single3)
    1 source range, total size 0x19a (24% of destination):
           0x801'4973  0x19a
    1 destination range, total size 0x678:
          0x2000'0000  0x678



*******************************************************************************
*** MODULE SUMMARY
***

    Module                   ro code  ro data  rw data
    ------                   -------  -------  -------
command line/config:
    --------------------------------------------------
    Total:

D:\BZ\PROJECTS\Embedded Firmware\BZ\Standalone_IoT\Firmware\Standalone_IOT\Standalone_IOT (MQTT with BL)\MainProg\EWARM\standalone_IoT-ver_1.0\Obj\Application\EWARM: [1]
    startup_stm32g0b1xx.o        250
    --------------------------------------------------
    Total:                       250

D:\BZ\PROJECTS\Embedded Firmware\BZ\Standalone_IoT\Firmware\Standalone_IOT\Standalone_IOT (MQTT with BL)\MainProg\EWARM\standalone_IoT-ver_1.0\Obj\Application\User\Core: [2]
    APP.o                      1'194      266    1'640
    BATT.o                       408               216
    CAN.o                      1'492               416
    COMM.o                       384               468
    CONFIG_EEPROM.o              640      252
    E2PROM_I2C.o                 384
    FTP.o                        220                 4
    GEN.o                        968      387       12
    GPS.o                        668                92
    GSM.o                      3'204    1'571    2'620
    MQTT.o                     1'176       60
    ODO.o                        304               104
    UTL.o                         78
    stm32g0xx_hal_msp.o          896
    stm32g0xx_it.o               300
    --------------------------------------------------
    Total:                    12'316    2'536    5'572

D:\BZ\PROJECTS\Embedded Firmware\BZ\Standalone_IoT\Firmware\Standalone_IOT\Standalone_IOT (MQTT with BL)\MainProg\EWARM\standalone_IoT-ver_1.0\Obj\Drivers\CMSIS: [3]
    system_stm32g0xx.o            16       97        4
    --------------------------------------------------
    Total:                        16       97        4

D:\BZ\PROJECTS\Embedded Firmware\BZ\Standalone_IoT\Firmware\Standalone_IOT\Standalone_IOT (MQTT with BL)\MainProg\EWARM\standalone_IoT-ver_1.0\Obj\Drivers\STM32G0xx_HAL_Driver: [4]
    stm32g0xx_hal.o              208        3       12
    stm32g0xx_hal_adc.o        1'764
    stm32g0xx_hal_cortex.o       172
    stm32g0xx_hal_dma.o        1'040
    stm32g0xx_hal_fdcan.o      1'790
    stm32g0xx_hal_gpio.o         736
    stm32g0xx_hal_i2c.o        3'440
    stm32g0xx_hal_i2c_ex.o       140
    stm32g0xx_hal_iwdg.o         108
    stm32g0xx_hal_pwr_ex.o        76
    stm32g0xx_hal_rcc.o        1'624
    stm32g0xx_hal_rcc_ex.o       676
    stm32g0xx_hal_tim.o          370
    stm32g0xx_hal_tim_ex.o         6
    stm32g0xx_hal_uart.o       4'176
    stm32g0xx_hal_uart_ex.o      286
    --------------------------------------------------
    Total:                    16'612        3       12

dl6M_tlf.a: [5]
    abort.o                       10
    exit.o                         8
    iar_Stoulx.o                 356       80
    isspace.o                     18
    low_level_init.o               4
    snprintf.o                    76
    sprintf.o                     64
    strcspn.o                     36
    strncmp.o                     46
    strspn.o                      36
    strstr.o                      46
    strtok.o                      76                 4
    tolower.o                     18
    xfail_s.o                     72                 4
    xlocale_c.o                   64       37      128
    xprintffull_nomb.o         3'918      106
    xsnprout.o                    28
    xsprout.o                     10
    --------------------------------------------------
    Total:                     4'886      223      136

m6M_tl.a: [6]
    DblAddSub.o                  424
    DblCmpGe.o                    50
    DblCmpLe.o                    50
    DblDiv.o                     194
    DblMul.o                     388
    DblToI32.o                    82
    FltDiv.o                     164
    FltMul.o                     176
    FltToDbl.o                    50
    FltToS32.o                    58
    IxxToDbl.o                    52
    IxxToFlt.o                    32
    frexp.o                       42
    ldexp.o                      112
    --------------------------------------------------
    Total:                     1'874

rt6M_tl.a: [7]
    ABImemcpy.o                   78
    ABImemset_small.o             16
    I32DivMod.o                   94
    I64DivMod.o                  124
    I64DivZer.o                    2
    IntDivZer.o                    2
    cexit.o                       10
    cmain.o                       30
    cstartup_M.o                  28
    data_init.o                   40
    lz77_init_single.o           128
    memchr.o                      22
    memset.o                      20
    setjmp.o                      30
    strchr.o                      18
    strcmp_small.o                20
    strcpy_small.o                16
    strlen.o                      14
    strncpy_small.o               34
    uread4.o                      22
    uwrite4.o                     20
    zero_init3.o                  60
    --------------------------------------------------
    Total:                       828

shb_l.a: [8]
    exit.o                        20
    --------------------------------------------------
    Total:                        20

    Linker created                         32    1'024
------------------------------------------------------
    Grand Total:              36'802    2'891    6'748


*******************************************************************************
*** ENTRY LIST
***

Entry                       Address   Size  Type      Object
-----                       -------   ----  ----      ------
.iar.init_table$$Base    0x801'433c          --   Gb  - Linker created -
.iar.init_table$$Limit   0x801'435c          --   Gb  - Linker created -
?main                    0x801'43bd         Code  Gb  cmain.o [7]
ADC1_COMP_IRQHandler     0x801'34a7         Code  Wk  startup_stm32g0b1xx.o [1]
ADC_DMAConvCplt          0x801'0a93   0x7c  Code  Lc  stm32g0xx_hal_adc.o [4]
ADC_DMAError             0x801'0b33   0x1a  Code  Lc  stm32g0xx_hal_adc.o [4]
ADC_DMAHalfConvCplt      0x801'0b29    0xa  Code  Lc  stm32g0xx_hal_adc.o [4]
ADC_Enable               0x801'09fd   0x96  Code  Gb  stm32g0xx_hal_adc.o [4]
AHBPrescTable            0x801'4238   0x40  Data  Gb  system_stm32g0xx.o [3]
APBPrescTable            0x801'439c   0x20  Data  Gb  system_stm32g0xx.o [3]
APPCONFIG               0x2000'03e0   0x54  Data  Gb  APP.o [2]
APPStatus               0x2000'0000   0x10  Data  Gb  APP.o [2]
BATTData                0x2000'15c0   0x10  Data  Gb  BATT.o [2]
BATTStatus              0x2000'15bc    0x2  Data  Gb  BATT.o [2]
CANData                 0x2000'1224   0x90  Data  Gb  CAN.o [2]
CANStatus               0x2000'12bc    0x8  Data  Gb  CAN.o [2]
CEC_IRQHandler           0x801'4971         Code  Wk  startup_stm32g0b1xx.o [1]
CELLData                0x2000'1610   0x30  Data  Gb  CAN.o [2]
CONFIG                   0x801'3fbc   0x6c  Data  Gb  CONFIG_EEPROM.o [2]
CSTACK$$Base            0x2000'1660          --   Gb  - Linker created -
CSTACK$$Limit           0x2000'1a60          --   Gb  - Linker created -
DLCtoBytes               0x801'1ebc   0x10  Data  Lc  stm32g0xx_hal_fdcan.o [4]
DMA1_Ch4_7_DMA2_Ch1_5_DMAMUX1_OVR_IRQHandler
                         0x801'24af         Code  Wk  startup_stm32g0b1xx.o [1]
DMA1_Channel1_IRQHandler
                         0x801'3f19    0xa  Code  Gb  stm32g0xx_it.o [2]
DMA1_Channel2_3_IRQHandler
                         0x801'243f         Code  Wk  startup_stm32g0b1xx.o [1]
DMA_CalcDMAMUXChannelBaseAndMask
                         0x800'c819   0x46  Code  Lc  stm32g0xx_hal_dma.o [4]
DMA_CalcDMAMUXRequestGenBaseAndMask
                         0x800'c85f   0x20  Code  Lc  stm32g0xx_hal_dma.o [4]
DMA_SetConfig            0x800'c7df   0x3a  Code  Lc  stm32g0xx_hal_dma.o [4]
EEPROMCONFIG             0x801'4028   0x90  Data  Gb  CONFIG_EEPROM.o [2]
EXTI0_1_IRQHandler       0x801'21b3         Code  Wk  startup_stm32g0b1xx.o [1]
EXTI2_3_IRQHandler       0x801'3f05    0xa  Code  Gb  stm32g0xx_it.o [2]
EXTI4_15_IRQHandler      0x801'3f0f    0xa  Code  Gb  stm32g0xx_it.o [2]
Error_Handler            0x800'd90d    0x2  Code  Gb  APP.o [2]
FLASH_IRQHandler         0x801'0c57         Code  Wk  startup_stm32g0b1xx.o [1]
FTPData                 0x2000'164c    0x4  Data  Gb  FTP.o [2]
GPSData                 0x2000'14c0   0x5c  Data  Gb  GPS.o [2]
GSMData                 0x2000'0678  0x890  Data  Gb  GSM.o [2]
GSMStatus               0x2000'1650    0x4  Data  Gb  GSM.o [2]
HAL_ADC_ConfigChannel    0x801'0769  0x262  Code  Gb  stm32g0xx_hal_adc.o [4]
HAL_ADC_ConvCpltCallback
                         0x800'df6f   0x30  Code  Gb  BATT.o [2]
HAL_ADC_ConvHalfCpltCallback
                         0x801'2513    0x2  Code  Wk  stm32g0xx_hal_adc.o [4]
HAL_ADC_ErrorCallback    0x801'2511    0x2  Code  Wk  stm32g0xx_hal_adc.o [4]
HAL_ADC_Init             0x801'0493  0x1fe  Code  Gb  stm32g0xx_hal_adc.o [4]
HAL_ADC_MspInit          0x800'c139   0xc6  Code  Gb  stm32g0xx_hal_msp.o [2]
HAL_ADC_Start_DMA        0x801'06b5   0x9e  Code  Gb  stm32g0xx_hal_adc.o [4]
HAL_DMA_Abort            0x800'c5e3   0x72  Code  Gb  stm32g0xx_hal_dma.o [4]
HAL_DMA_Abort_IT         0x800'c659   0x72  Code  Gb  stm32g0xx_hal_dma.o [4]
HAL_DMA_GetState         0x800'c7d9    0x6  Code  Gb  stm32g0xx_hal_dma.o [4]
HAL_DMA_IRQHandler       0x800'c6e1   0xf0  Code  Gb  stm32g0xx_hal_dma.o [4]
HAL_DMA_Init             0x800'c495   0xb8  Code  Gb  stm32g0xx_hal_dma.o [4]
HAL_DMA_Start_IT         0x800'c555   0x8e  Code  Gb  stm32g0xx_hal_dma.o [4]
HAL_Delay                0x801'03e5   0x28  Code  Wk  stm32g0xx_hal.o [4]
HAL_FDCAN_ActivateNotification
                         0x801'1ecd  0x110  Code  Gb  stm32g0xx_hal_fdcan.o [4]
HAL_FDCAN_AddMessageToTxFifoQ
                         0x801'1ced   0xb4  Code  Gb  stm32g0xx_hal_fdcan.o [4]
HAL_FDCAN_ConfigFilter   0x801'1c41   0x50  Code  Gb  stm32g0xx_hal_fdcan.o [4]
HAL_FDCAN_ErrorCallback
                         0x801'2533    0x2  Code  Wk  stm32g0xx_hal_fdcan.o [4]
HAL_FDCAN_ErrorStatusCallback
                         0x801'2531    0x2  Code  Wk  stm32g0xx_hal_fdcan.o [4]
HAL_FDCAN_GetRxMessage   0x801'1da1  0x11c  Code  Gb  stm32g0xx_hal_fdcan.o [4]
HAL_FDCAN_HighPriorityMessageCallback
                         0x801'2521    0x2  Code  Wk  stm32g0xx_hal_fdcan.o [4]
HAL_FDCAN_IRQHandler     0x801'1fdd  0x156  Code  Gb  stm32g0xx_hal_fdcan.o [4]
HAL_FDCAN_Init           0x801'1a49  0x1f8  Code  Gb  stm32g0xx_hal_fdcan.o [4]
HAL_FDCAN_MspInit        0x800'c1ff   0x9c  Code  Gb  stm32g0xx_hal_msp.o [2]
HAL_FDCAN_RxFifo0Callback
                         0x800'e479   0x22  Code  Gb  CAN.o [2]
HAL_FDCAN_RxFifo1Callback
                         0x801'2527    0x2  Code  Wk  stm32g0xx_hal_fdcan.o [4]
HAL_FDCAN_Start          0x801'1cc1   0x2c  Code  Gb  stm32g0xx_hal_fdcan.o [4]
HAL_FDCAN_TimeoutOccurredCallback
                         0x801'252f    0x2  Code  Wk  stm32g0xx_hal_fdcan.o [4]
HAL_FDCAN_TimestampWraparoundCallback
                         0x801'252d    0x2  Code  Wk  stm32g0xx_hal_fdcan.o [4]
HAL_FDCAN_TxBufferAbortCallback
                         0x801'2523    0x2  Code  Wk  stm32g0xx_hal_fdcan.o [4]
HAL_FDCAN_TxBufferCompleteCallback
                         0x801'252b    0x2  Code  Wk  stm32g0xx_hal_fdcan.o [4]
HAL_FDCAN_TxEventFifoCallback
                         0x801'2525    0x2  Code  Wk  stm32g0xx_hal_fdcan.o [4]
HAL_FDCAN_TxFifoEmptyCallback
                         0x801'2529    0x2  Code  Wk  stm32g0xx_hal_fdcan.o [4]
HAL_GPIO_DeInit          0x800'da7d  0x104  Code  Gb  stm32g0xx_hal_gpio.o [4]
HAL_GPIO_EXTI_Falling_Callback
                         0x800'd7c9    0xc  Code  Gb  APP.o [2]
HAL_GPIO_EXTI_IRQHandler
                         0x800'dba9   0x26  Code  Gb  stm32g0xx_hal_gpio.o [4]
HAL_GPIO_EXTI_Rising_Callback
                         0x800'd7bb    0xe  Code  Gb  APP.o [2]
HAL_GPIO_Init            0x800'd911  0x16c  Code  Gb  stm32g0xx_hal_gpio.o [4]
HAL_GPIO_ReadPin         0x800'db81    0xc  Code  Gb  stm32g0xx_hal_gpio.o [4]
HAL_GPIO_TogglePin       0x800'db99   0x10  Code  Gb  stm32g0xx_hal_gpio.o [4]
HAL_GPIO_WritePin        0x800'db8d    0xc  Code  Gb  stm32g0xx_hal_gpio.o [4]
HAL_GetTick              0x800'c489    0xc  Code  Wk  stm32g0xx_hal.o [4]
HAL_I2CEx_ConfigAnalogFilter
                         0x801'19bd   0x3a  Code  Gb  stm32g0xx_hal_i2c_ex.o [4]
HAL_I2CEx_ConfigDigitalFilter
                         0x801'19f7   0x36  Code  Gb  stm32g0xx_hal_i2c_ex.o [4]
HAL_I2C_AbortCpltCallback
                         0x801'251d    0x2  Code  Wk  stm32g0xx_hal_i2c.o [4]
HAL_I2C_AddrCallback     0x801'2515    0x2  Code  Wk  stm32g0xx_hal_i2c.o [4]
HAL_I2C_ER_IRQHandler    0x801'10c9   0x5a  Code  Gb  stm32g0xx_hal_i2c.o [4]
HAL_I2C_EV_IRQHandler    0x801'10b5   0x14  Code  Gb  stm32g0xx_hal_i2c.o [4]
HAL_I2C_ErrorCallback    0x801'251f    0x2  Code  Wk  stm32g0xx_hal_i2c.o [4]
HAL_I2C_Init             0x801'0c59   0xb2  Code  Gb  stm32g0xx_hal_i2c.o [4]
HAL_I2C_ListenCpltCallback
                         0x801'251b    0x2  Code  Wk  stm32g0xx_hal_i2c.o [4]
HAL_I2C_Mem_Read         0x801'0ee1  0x1c4  Code  Gb  stm32g0xx_hal_i2c.o [4]
HAL_I2C_Mem_Write        0x801'0d1d  0x1c4  Code  Gb  stm32g0xx_hal_i2c.o [4]
HAL_I2C_MspInit          0x800'c29b   0x88  Code  Gb  stm32g0xx_hal_msp.o [2]
HAL_I2C_SlaveRxCpltCallback
                         0x801'2519    0x2  Code  Wk  stm32g0xx_hal_i2c.o [4]
HAL_I2C_SlaveTxCpltCallback
                         0x801'2517    0x2  Code  Wk  stm32g0xx_hal_i2c.o [4]
HAL_IWDG_Init            0x800'e001   0x56  Code  Gb  stm32g0xx_hal_iwdg.o [4]
HAL_IWDG_Refresh         0x800'e057    0xa  Code  Gb  stm32g0xx_hal_iwdg.o [4]
HAL_IncTick              0x801'3fad   0x10  Code  Wk  stm32g0xx_hal.o [4]
HAL_Init                 0x800'd16d   0x24  Code  Gb  stm32g0xx_hal.o [4]
HAL_InitTick             0x800'de05   0x4c  Code  Wk  stm32g0xx_hal.o [4]
HAL_MspInit              0x800'c109   0x30  Code  Gb  stm32g0xx_hal_msp.o [2]
HAL_NVIC_DisableIRQ      0x800'dc47   0x1a  Code  Gb  stm32g0xx_hal_cortex.o [4]
HAL_NVIC_EnableIRQ       0x800'dc35   0x12  Code  Gb  stm32g0xx_hal_cortex.o [4]
HAL_NVIC_SetPriority     0x800'dc2b    0x8  Code  Gb  stm32g0xx_hal_cortex.o [4]
HAL_PWREx_ControlVoltageScaling
                         0x801'040d   0x3a  Code  Gb  stm32g0xx_hal_pwr_ex.o [4]
HAL_RCCEx_PeriphCLKConfig
                         0x800'd1c1  0x26e  Code  Gb  stm32g0xx_hal_rcc_ex.o [4]
HAL_RCC_ClockConfig      0x800'ce61  0x14e  Code  Gb  stm32g0xx_hal_rcc.o [4]
HAL_RCC_GetHCLKFreq      0x800'd03f    0x6  Code  Gb  stm32g0xx_hal_rcc.o [4]
HAL_RCC_GetPCLK1Freq     0x800'd045   0x1a  Code  Gb  stm32g0xx_hal_rcc.o [4]
HAL_RCC_GetSysClockFreq
                         0x800'cfbd   0x82  Code  Gb  stm32g0xx_hal_rcc.o [4]
HAL_RCC_OscConfig        0x800'ca39  0x418  Code  Gb  stm32g0xx_hal_rcc.o [4]
HAL_SYSCFG_StrobeDBattpinsConfig
                         0x800'd191    0xe  Code  Gb  stm32g0xx_hal.o [4]
HAL_SYSTICK_Config       0x800'dc61   0x28  Code  Gb  stm32g0xx_hal_cortex.o [4]
HAL_TIMEx_Break2Callback
                         0x801'3e5b    0x2  Code  Wk  stm32g0xx_hal_tim_ex.o [4]
HAL_TIMEx_BreakCallback
                         0x801'3e59    0x2  Code  Wk  stm32g0xx_hal_tim_ex.o [4]
HAL_TIMEx_CommutCallback
                         0x801'3e5f    0x2  Code  Wk  stm32g0xx_hal_tim_ex.o [4]
HAL_TIM_IC_CaptureCallback
                         0x801'3e51    0x2  Code  Wk  stm32g0xx_hal_tim.o [4]
HAL_TIM_IRQHandler       0x801'3ce9  0x160  Code  Gb  stm32g0xx_hal_tim.o [4]
HAL_TIM_OC_DelayElapsedCallback
                         0x801'3e53    0x2  Code  Wk  stm32g0xx_hal_tim.o [4]
HAL_TIM_PWM_PulseFinishedCallback
                         0x801'3e55    0x2  Code  Wk  stm32g0xx_hal_tim.o [4]
HAL_TIM_PeriodElapsedCallback
                         0x801'3e57    0x2  Code  Wk  stm32g0xx_hal_tim.o [4]
HAL_TIM_TriggerCallback
                         0x801'3e5d    0x2  Code  Wk  stm32g0xx_hal_tim.o [4]
HAL_UARTEx_DisableFifoMode
                         0x800'dc9d   0x3a  Code  Gb  stm32g0xx_hal_uart_ex.o [4]
HAL_UARTEx_RxEventCallback
                         0x800'ca25    0x2  Code  Wk  stm32g0xx_hal_uart.o [4]
HAL_UARTEx_RxFifoFullCallback
                         0x800'ca2d    0x2  Code  Wk  stm32g0xx_hal_uart_ex.o [4]
HAL_UARTEx_SetRxFifoThreshold
                         0x800'dd09   0x30  Code  Gb  stm32g0xx_hal_uart_ex.o [4]
HAL_UARTEx_SetTxFifoThreshold
                         0x800'dcd7   0x32  Code  Gb  stm32g0xx_hal_uart_ex.o [4]
HAL_UARTEx_TxFifoEmptyCallback
                         0x800'ca2b    0x2  Code  Wk  stm32g0xx_hal_uart_ex.o [4]
HAL_UARTEx_WakeupCallback
                         0x800'ca27    0x2  Code  Wk  stm32g0xx_hal_uart_ex.o [4]
HAL_UART_ErrorCallback   0x800'c9dd   0x1c  Code  Gb  COMM.o [2]
HAL_UART_IRQHandler      0x800'b271  0x2fe  Code  Gb  stm32g0xx_hal_uart.o [4]
HAL_UART_Init            0x800'b0bd   0x66  Code  Gb  stm32g0xx_hal_uart.o [4]
HAL_UART_MspDeInit       0x800'c423   0x44  Code  Gb  stm32g0xx_hal_msp.o [2]
HAL_UART_MspInit         0x800'c341   0xe2  Code  Gb  stm32g0xx_hal_msp.o [2]
HAL_UART_Receive_IT      0x800'b203   0x66  Code  Gb  stm32g0xx_hal_uart.o [4]
HAL_UART_RxCpltCallback
                         0x800'c955   0x88  Code  Gb  COMM.o [2]
HAL_UART_Transmit        0x800'b129   0xda  Code  Gb  stm32g0xx_hal_uart.o [4]
HAL_UART_TxCpltCallback
                         0x800'ca29    0x2  Code  Wk  stm32g0xx_hal_uart.o [4]
HardFault_Handler        0x801'3e65    0x2  Code  Gb  stm32g0xx_it.o [2]
I2C1_IRQHandler          0x801'3f37   0x1c  Code  Gb  stm32g0xx_it.o [2]
I2C2_3_IRQHandler        0x801'4969         Code  Wk  startup_stm32g0b1xx.o [1]
I2C_DMAAbort             0x801'16dd   0x1c  Code  Lc  stm32g0xx_hal_i2c.o [4]
I2C_Disable_IRQ          0x801'1959   0x64  Code  Lc  stm32g0xx_hal_i2c.o [4]
I2C_Flush_TXDR           0x801'16ab   0x1c  Code  Lc  stm32g0xx_hal_i2c.o [4]
I2C_ITAddrCplt           0x801'1255   0x9a  Code  Lc  stm32g0xx_hal_i2c.o [4]
I2C_ITError              0x801'1575   0xfe  Code  Lc  stm32g0xx_hal_i2c.o [4]
I2C_ITListenCplt         0x801'1509   0x5e  Code  Lc  stm32g0xx_hal_i2c.o [4]
I2C_ITSlaveCplt          0x801'1355  0x1aa  Code  Lc  stm32g0xx_hal_i2c.o [4]
I2C_ITSlaveSeqCplt       0x801'12ef   0x66  Code  Lc  stm32g0xx_hal_i2c.o [4]
I2C_IsErrorOccurred      0x801'1829  0x100  Code  Lc  stm32g0xx_hal_i2c.o [4]
I2C_Slave_ISR_IT         0x801'1123  0x122  Code  Lc  stm32g0xx_hal_i2c.o [4]
I2C_TransferConfig       0x801'1929   0x26  Code  Lc  stm32g0xx_hal_i2c.o [4]
I2C_TreatErrorCallback   0x801'167d   0x2e  Code  Lc  stm32g0xx_hal_i2c.o [4]
I2C_WaitOnFlagUntilTimeout
                         0x801'16f9   0x7c  Code  Lc  stm32g0xx_hal_i2c.o [4]
I2C_WaitOnSTOPFlagUntilTimeout
                         0x801'17d5   0x54  Code  Lc  stm32g0xx_hal_i2c.o [4]
I2C_WaitOnTXISFlagUntilTimeout
                         0x801'1775   0x60  Code  Lc  stm32g0xx_hal_i2c.o [4]
LL_ADC_REG_IsTriggerSourceSWStart
                         0x801'0483   0x10  Code  Lc  stm32g0xx_hal_adc.o [4]
LL_ADC_SetSamplingTimeCommonChannels
                         0x801'046d   0x16  Code  Lc  stm32g0xx_hal_adc.o [4]
MX_I2C1_Init             0x800'e0b7   0x4e  Code  Gb  E2PROM_I2C.o [2]
NMI_Handler              0x801'3e61    0x2  Code  Gb  stm32g0xx_it.o [2]
ODOData                 0x2000'1330   0x68  Data  Gb  ODO.o [2]
PVD_VDDIO2_IRQHandler    0x801'0307         Code  Wk  startup_stm32g0b1xx.o [1]
PendSV_Handler           0x801'3e73    0x2  Code  Gb  stm32g0xx_it.o [2]
RCC_CRS_IRQHandler       0x801'2133         Code  Wk  startup_stm32g0b1xx.o [1]
RTC_TAMP_IRQHandler      0x801'046b         Code  Wk  startup_stm32g0b1xx.o [1]
Region$$Table$$Base      0x801'433c          --   Gb  - Linker created -
Region$$Table$$Limit     0x801'435c          --   Gb  - Linker created -
Reset_Handler            0x801'4641         Code  Wk  startup_stm32g0b1xx.o [1]
RxHeader                0x2000'1300   0x28  Data  Gb  CAN.o [2]
SPI1_IRQHandler          0x801'496b         Code  Wk  startup_stm32g0b1xx.o [1]
SPI2_3_IRQHandler        0x801'496d         Code  Wk  startup_stm32g0b1xx.o [1]
SVC_Handler              0x801'3e71    0x2  Code  Gb  stm32g0xx_it.o [2]
SendDataOverMQTT_Exe     0x800'd7e5   0x56  Code  Gb  APP.o [2]
SysTick_Handler          0x801'3e75   0x90  Code  Gb  stm32g0xx_it.o [2]
SystemClock_Config       0x800'd869   0x78  Code  Gb  APP.o [2]
SystemCoreClock         0x2000'05f4    0x4  Data  Gb  system_stm32g0xx.o [3]
SystemInit               0x801'4651    0x8  Code  Gb  system_stm32g0xx.o [3]
TIM14_IRQHandler         0x801'43e7         Code  Wk  startup_stm32g0b1xx.o [1]
TIM15_IRQHandler         0x801'43f3         Code  Wk  startup_stm32g0b1xx.o [1]
TIM16_FDCAN_IT0_IRQHandler
                         0x801'3f23    0xa  Code  Gb  stm32g0xx_it.o [2]
TIM17_FDCAN_IT1_IRQHandler
                         0x801'3f2d    0x2  Code  Gb  stm32g0xx_it.o [2]
TIM1_BRK_UP_TRG_COM_IRQHandler
                         0x801'3507         Code  Wk  startup_stm32g0b1xx.o [1]
TIM1_CC_IRQHandler       0x801'36ef         Code  Wk  startup_stm32g0b1xx.o [1]
TIM2_IRQHandler          0x801'3b13         Code  Wk  startup_stm32g0b1xx.o [1]
TIM3_TIM4_IRQHandler     0x801'3b5f         Code  Wk  startup_stm32g0b1xx.o [1]
TIM6_DAC_LPTIM1_IRQHandler
                         0x801'3fab         Code  Wk  startup_stm32g0b1xx.o [1]
TIM7_LPTIM2_IRQHandler   0x801'41a3         Code  Wk  startup_stm32g0b1xx.o [1]
TIMERData               0x2000'0014   0x38  Data  Gb  APP.o [2]
TxHeader                0x2000'12c4   0x24  Data  Gb  CAN.o [2]
UARTData                0x2000'1640    0xc  Data  Gb  COMM.o [2]
UARTEx_SetNbDataToProcess
                         0x800'dd59   0x4a  Code  Lc  stm32g0xx_hal_uart_ex.o [4]
UARTEx_SetNbDataToProcess::denominator
                         0x800'ddac    0x8  Data  Lc  stm32g0xx_hal_uart_ex.o [4]
UARTEx_SetNbDataToProcess::numerator
                         0x800'dda4    0x8  Data  Lc  stm32g0xx_hal_uart_ex.o [4]
UARTPrescTable           0x800'b804   0x18  Data  Gb  stm32g0xx_hal_uart.o [4]
UART_AdvFeatureConfig    0x800'b81d   0xc8  Code  Gb  stm32g0xx_hal_uart.o [4]
UART_CheckIdleState      0x800'b8f1   0xae  Code  Gb  stm32g0xx_hal_uart.o [4]
UART_DMAAbortOnError     0x800'bc11   0x14  Code  Lc  stm32g0xx_hal_uart.o [4]
UART_EndRxTransfer       0x800'bb95   0x5e  Code  Lc  stm32g0xx_hal_uart.o [4]
UART_RxISR_16BIT         0x800'bccd   0xa8  Code  Lc  stm32g0xx_hal_uart.o [4]
UART_RxISR_16BIT_FIFOEN
                         0x800'bf41  0x18a  Code  Lc  stm32g0xx_hal_uart.o [4]
UART_RxISR_8BIT          0x800'bc25   0xa8  Code  Lc  stm32g0xx_hal_uart.o [4]
UART_RxISR_8BIT_FIFOEN   0x800'bda7  0x188  Code  Lc  stm32g0xx_hal_uart.o [4]
UART_SetConfig           0x800'b58d  0x24e  Code  Gb  stm32g0xx_hal_uart.o [4]
UART_Start_Receive_IT    0x800'ba67  0x116  Code  Gb  stm32g0xx_hal_uart.o [4]
UART_WaitOnFlagUntilTimeout
                         0x800'b9c5   0xa2  Code  Gb  stm32g0xx_hal_uart.o [4]
USART1_IRQHandler        0x801'3f53    0xa  Code  Gb  stm32g0xx_it.o [2]
USART2_LPUART2_IRQHandler
                         0x801'496f         Code  Wk  startup_stm32g0b1xx.o [1]
USART3_4_5_6_LPUART1_IRQHandler
                         0x801'3f5d    0xa  Code  Gb  stm32g0xx_it.o [2]
USB_UCPD1_2_IRQHandler   0x801'240b         Code  Wk  startup_stm32g0b1xx.o [1]
WWDG_IRQHandler          0x800'de57         Code  Wk  startup_stm32g0b1xx.o [1]
_LC                      0x801'2535    0x8  Code  Lc  xprintffull_nomb.o [5]
_LitobFullNoMb           0x801'32dd  0x124  Code  Lc  xprintffull_nomb.o [5]
_LocaleC_isspace         0x801'3b21   0x14  Code  Gb  xlocale_c.o [5]
_LocaleC_isupper         0x801'3b15    0x2  Code  Gb  xlocale_c.o [5]
_LocaleC_tolower         0x801'3b35    0xc  Code  Gb  xlocale_c.o [5]
_Locale_lconv           0x2000'05f8   0x38  Data  Lc  xlocale_c.o [5]
_PrintfFullNoMb          0x801'253d  0xda0  Code  Gb  xprintffull_nomb.o [5]
_PutcharsFullNoMb        0x801'344d   0x36  Code  Lc  xprintffull_nomb.o [5]
_SNProut                 0x801'4465   0x1c  Code  Gb  xsnprout.o [5]
_SProut                  0x800'ca2f    0xa  Code  Gb  xsprout.o [5]
_Strtok_ssave           0x2000'1654    0x4  Data  Lc  strtok.o [5]
__ICFEDIT_region_RAM_end__ {Abs}
                        0x2002'3fff         Data  Gb  <internal module>
__ICFEDIT_region_RAM_start__ {Abs}
                        0x2000'0000         Data  Gb  <internal module>
__NVIC_SetPriority       0x800'dbf1   0x3a  Code  Lc  stm32g0xx_hal_cortex.o [4]
__aeabi_JMP_BUF_SIZE {Abs}
                                0x8          --   Gb  setjmp.o [7]
__aeabi_cdcmple          0x801'35c9         Code  Gb  DblCmpLe.o [6]
__aeabi_cdrcmple         0x801'35fb         Code  Gb  DblCmpGe.o [6]
__aeabi_d2iz             0x801'369d         Code  Gb  DblToI32.o [6]
__aeabi_d2uiz            0x801'36c1         Code  Gb  DblToI32.o [6]
__aeabi_ddiv             0x801'38cd         Code  Gb  DblDiv.o [6]
__aeabi_dmul             0x801'398f         Code  Gb  DblMul.o [6]
__aeabi_dsub             0x801'37df         Code  Gb  DblAddSub.o [6]
__aeabi_f2d              0x801'240d         Code  Gb  FltToDbl.o [6]
__aeabi_f2iz             0x801'0c1d         Code  Gb  FltToS32.o [6]
__aeabi_fdiv             0x801'2367         Code  Gb  FltDiv.o [6]
__aeabi_fmul             0x801'0b6d         Code  Gb  FltMul.o [6]
__aeabi_i2d              0x801'3711         Code  Gb  IxxToDbl.o [6]
__aeabi_idiv0            0x800'de51         Code  Gb  IntDivZer.o [7]
__aeabi_ldiv0            0x800'de55         Code  Gb  I64DivZer.o [7]
__aeabi_memcpy           0x801'3585         Code  Gb  ABImemcpy.o [7]
__aeabi_memcpy4          0x801'3551         Code  Gb  ABImemcpy.o [7]
__aeabi_memcpy8          0x801'3551         Code  Gb  ABImemcpy.o [7]
__aeabi_ui2d             0x801'36f1         Code  Gb  IxxToDbl.o [6]
__aeabi_ui2f             0x801'0b4d         Code  Gb  IxxToFlt.o [6]
__aeabi_uldivmod         0x800'd0ef         Code  Gb  I64DivMod.o [7]
__aeabi_uread4           0x801'02f1         Code  Gb  uread4.o [7]
__aeabi_uwrite4          0x800'ddf1         Code  Gb  uwrite4.o [7]
__cmain                  0x801'43bd         Code  Gb  cmain.o [7]
__exit                   0x801'3b61   0x14  Code  Gb  exit.o [8]
__iar_Fail_s             0x801'3509   0x22  Code  Gb  xfail_s.o [5]
__iar_Memchr             0x801'34a9         Code  Gb  memchr.o [7]
__iar_Memcpy             0x801'3591         Code  Gb  ABImemcpy.o [7]
__iar_Stoul              0x801'2301    0xa  Code  Gb  iar_Stoulx.o [5]
__iar_Stoulx             0x801'21b5  0x14c  Code  Gb  iar_Stoulx.o [5]
__iar_Strchr             0x801'0459         Code  Gb  strchr.o [7]
__iar_d2uiz              0x801'36c5         Code  Gb  DblToI32.o [6]
__iar_data_init3         0x801'42f1   0x28  Code  Gb  data_init.o [7]
__iar_frexp              0x801'35ab         Code  Gb  frexp.o [6]
__iar_frexp64            0x801'359f         Code  Gb  frexp.o [6]
__iar_frexpl             0x801'35ab         Code  Gb  frexp.o [6]
__iar_globLocale        0x2000'0630   0x48  Data  Lc  xlocale_c.o [5]
__iar_global_Locale      0x801'3b41    0x4  Code  Gb  xlocale_c.o [5]
__iar_ldexp64            0x801'362d         Code  Gb  ldexp.o [6]
__iar_lz77_init_single3
                         0x801'40b9   0x80  Code  Gb  lz77_init_single.o [7]
__iar_program_start      0x801'4449         Code  Gb  cstartup_M.o [7]
__iar_scalbln64          0x801'362d         Code  Gb  ldexp.o [6]
__iar_scalbn64           0x801'362d         Code  Gb  ldexp.o [6]
__iar_small_Memset4_word
                         0x800'de5d         Code  Gb  ABImemset_small.o [7]
__iar_small_Memset_word
                         0x800'de5d         Code  Gb  ABImemset_small.o [7]
__iar_small_idiv         0x800'd091         Code  Gb  I32DivMod.o [7]
__iar_small_idivmod      0x800'd091         Code  Gb  I32DivMod.o [7]
__iar_small_memclr       0x800'de59         Code  Gb  ABImemset_small.o [7]
__iar_small_memclr4      0x800'de59         Code  Gb  ABImemset_small.o [7]
__iar_small_memclr8      0x800'de59         Code  Gb  ABImemset_small.o [7]
__iar_small_memset       0x800'de5d         Code  Gb  ABImemset_small.o [7]
__iar_small_memset4      0x800'de5d         Code  Gb  ABImemset_small.o [7]
__iar_small_memset8      0x800'de5d         Code  Gb  ABImemset_small.o [7]
__iar_small_strcmp       0x801'24fd         Code  Gb  strcmp_small.o [7]
__iar_small_strcpy       0x801'2135         Code  Gb  strcpy_small.o [7]
__iar_small_strncpy      0x801'248d         Code  Gb  strncpy_small.o [7]
__iar_small_uidiv        0x800'd0b9         Code  Gb  I32DivMod.o [7]
__iar_small_uidivmod     0x800'd0b9         Code  Gb  I32DivMod.o [7]
__iar_zero_init3         0x801'42b5   0x3c  Code  Gb  zero_init3.o [7]
__low_level_init         0x801'43db    0x4  Code  Gb  low_level_init.o [5]
__vector_table           0x800'b000         Data  Gb  startup_stm32g0b1xx.o [1]
_call_main               0x801'43c9         Code  Gb  cmain.o [7]
_exit                    0x801'43e9         Code  Gb  cexit.o [7]
abort                    0x801'3b55    0xa  Code  Gb  abort.o [5]
atoi                     0x801'230b    0x4  Code  Gb  iar_Stoulx.o [5]
bGPS_eGetGPSLoc_Exe      0x800'f65b  0x156  Code  Gb  GPS.o [2]
bGSM_eCheckAPNSetting_Exe
                         0x800'f21d   0x78  Code  Gb  GSM.o [2]
bGSM_eGetICCIDNum_Exe    0x800'e9e5   0x5a  Code  Gb  GSM.o [2]
bGSM_eGetIMEINum_Exe     0x800'e98b   0x5a  Code  Gb  GSM.o [2]
bGSM_eNetworkSetup_Exe   0x800'f0c9   0x7c  Code  Gb  GSM.o [2]
bGSM_eReadNetworkRegStatus_Exe
                         0x800'f149   0x6e  Code  Gb  GSM.o [2]
bGSM_eWait4RespOrTimeOut_Exe
                         0x800'eac1   0x3a  Code  Gb  GSM.o [2]
bMQTT_CheckAndConnect_Exe
                         0x800'fe59   0xd8  Code  Gb  MQTT.o [2]
bMQTT_PublishPayload_Exe
                         0x801'00f7    0xc  Code  Gb  MQTT.o [2]
bMQTT_Publish_CriticalData
                         0x801'0169   0x58  Code  Gb  MQTT.o [2]
bMQTT_Publish_ResetFWcheckkDateData
                         0x801'01c5   0x26  Code  Gb  MQTT.o [2]
bMQTT_Publish_VehicleState
                         0x801'0115   0x50  Code  Gb  MQTT.o [2]
bMQTT_SendPublishCmd_Exe
                         0x800'ffb9   0x3e  Code  Gb  MQTT.o [2]
bUTL_eCompareData_Exe    0x801'2341   0x24  Code  Gb  UTL.o [2]
cAPP_eGPSDataBuffer     0x2000'005c  0x384  Data  Gb  APP.o [2]
cAPP_eGlobalBuffer      0x2000'0f08  0x1f4  Data  Gb  APP.o [2]
cGEN_eDataType          0x2000'0434    0xc  Data  Gb  GEN.o [2]
cGSM_QUECTEL_eATCommandTbl
                        0x2000'0440   0xfc  Data  Gb  GSM.o [2]
cGSM_QUECTEL_eATResponseTbl
                        0x2000'053c   0xac  Data  Gb  GSM.o [2]
digits                   0x801'41cc   0x28  Data  Lc  iar_Stoulx.o [5]
exit                     0x801'43df    0x8  Code  Gb  exit.o [5]
frexp                    0x801'359f         Code  Gb  frexp.o [6]
frexpl                   0x801'359f         Code  Gb  frexp.o [6]
hadc                    0x2000'1398   0x64  Data  Gb  BATT.o [2]
handle_payload           0x801'0081   0x76  Code  Gb  MQTT.o [2]
hdma_adc1               0x2000'1460   0x60  Data  Gb  BATT.o [2]
hfdcan1                 0x2000'13fc   0x64  Data  Gb  CAN.o [2]
hi2c1                   0x2000'151c   0x54  Data  Gb  COMM.o [2]
hiwdg                   0x2000'004c   0x10  Data  Gb  APP.o [2]
htim16                  0x2000'1570   0x4c  Data  Gb  COMM.o [2]
huart1                  0x2000'10fc   0x94  Data  Gb  COMM.o [2]
huart3                  0x2000'1190   0x94  Data  Gb  COMM.o [2]
isspace                  0x801'3483   0x12  Code  Gb  isspace.o [5]
jmpBuffer               0x2000'15d0   0x40  Data  Gb  APP.o [2]
ldexp                    0x801'362d         Code  Gb  ldexp.o [6]
ldexpl                   0x801'362d         Code  Gb  ldexp.o [6]
localeconv               0x801'3b45    0x4  Code  Gb  xlocale_c.o [5]
longjmp                  0x801'3f8d         Code  Gb  setjmp.o [7]
main                     0x800'd465  0x23e  Code  Gb  APP.o [2]
memchr                   0x801'34a9         Code  Gb  memchr.o [7]
memset                   0x800'd1ad   0x14  Code  Gb  memset.o [7]
ndigs                    0x801'41a4   0x28  Data  Lc  iar_Stoulx.o [5]
parse_and_transmit_qmtrecv
                         0x801'001d   0x64  Code  Gb  MQTT.o [2]
pucUTL_eSearchChar_Exe   0x801'2319   0x28  Code  Gb  UTL.o [2]
sFilterConfig           0x2000'12e8   0x18  Data  Gb  CAN.o [2]
scalbln                  0x801'362d         Code  Gb  ldexp.o [6]
scalblnl                 0x801'362d         Code  Gb  ldexp.o [6]
scalbn                   0x801'362d         Code  Gb  ldexp.o [6]
scalbnl                  0x801'362d         Code  Gb  ldexp.o [6]
scale                    0x801'3401   0x44  Code  Lc  xprintffull_nomb.o [5]
sec_hand                0x2000'1658    0x4  Data  Lc  xfail_s.o [5]
snprintf                 0x801'2441   0x4c  Code  Gb  snprintf.o [5]
sprintf                  0x801'2145   0x40  Code  Gb  sprintf.o [5]
strchr                   0x801'0459         Code  Gb  strchr.o [7]
strcspn                  0x801'34e3   0x24  Code  Gb  strcspn.o [5]
strlen                   0x800'ddb5         Code  Gb  strlen.o [7]
strncmp                  0x801'2185   0x2e  Code  Gb  strncmp.o [5]
strspn                   0x801'34bf   0x24  Code  Gb  strspn.o [5]
strstr                   0x800'ddc3   0x2e  Code  Gb  strstr.o [5]
strtok                   0x801'24b1   0x4c  Code  Gb  strtok.o [5]
tolower                  0x801'3495   0x12  Code  Gb  tolower.o [5]
ucCAN_eRxData           0x2000'12b4    0x8  Data  Gb  CAN.o [2]
ucCAN_eTxData           0x2000'1328    0x8  Data  Gb  CAN.o [2]
ucEEPROM_eReadByte_Exe   0x800'e167   0x38  Code  Gb  E2PROM_I2C.o [2]
ucGPS_eGetGPSPowerStatus_Exe
                         0x800'f5d1   0x44  Code  Gb  GPS.o [2]
ucGSM_eCheckATResponse_Exe
                         0x800'ec0d   0x38  Code  Gb  GSM.o [2]
ucGSM_eCompareStringInGSMBuff_Exe
                         0x800'eb01   0x94  Code  Gb  GSM.o [2]
ucGSM_eProcessATCmdDualRespWithCmdNum_Exe
                         0x800'ed1f   0x16  Code  Gb  GSM.o [2]
ucGSM_eProcessATCmdDualRespWithPtr_Exe
                         0x800'ed0d   0x12  Code  Gb  GSM.o [2]
ucGSM_eProcessATCmdDualResp_Exe
                         0x800'ed51   0xee  Code  Gb  GSM.o [2]
ucGSM_eProcessATCmdWithCmdNum_Exe
                         0x800'ea3f    0xe  Code  Gb  GSM.o [2]
ucGSM_eProcessATCmdWithCmdPtr_Exe
                         0x800'ea4d    0x8  Code  Gb  GSM.o [2]
ucGSM_eProcessATCmd_Exe
                         0x800'ea55   0x6c  Code  Gb  GSM.o [2]
ucGSM_eReadRTC_Exe       0x800'f32d   0xa0  Code  Gb  GSM.o [2]
ucGSM_eReadSignalStrength_Exe
                         0x800'f041   0x88  Code  Gb  GSM.o [2]
ucGSM_eWait4RespOrTimeOutDualResp_Exe
                         0x800'ee45   0x88  Code  Gb  GSM.o [2]
ucGSM_eWaitForATResponse
                         0x800'f523   0x30  Code  Gb  GSM.o [2]
uwTick                  0x2000'05ec    0x4  Data  Gb  stm32g0xx_hal.o [4]
uwTickFreq              0x2000'05e8    0x1  Data  Gb  stm32g0xx_hal.o [4]
uwTickPrio              0x2000'05f0    0x4  Data  Gb  stm32g0xx_hal.o [4]
vAPP_eFeedTheWDT_Exe     0x800'd8e1    0xa  Code  Gb  APP.o [2]
vAPP_eSendLiveDataAtTxRate_Exe
                         0x800'd6a3   0xa2  Code  Gb  APP.o [2]
vAPP_iReadIgnStatus_Exe
                         0x800'd841   0x16  Code  Lc  APP.o [2]
vAPP_iSendLiveModeData_Exe::prevIgnStatus
                        0x2000'0010    0x1  Data  Lc  APP.o [2]
vAPP_iVehicleRunStatusAction_Exe
                         0x800'd74d   0x6e  Code  Gb  APP.o [2]
vBATT_Start_ADC          0x800'df61    0xe  Code  Gb  BATT.o [2]
vBATT_eDetectBatteryPresence
                         0x800'df9f   0x34  Code  Gb  BATT.o [2]
vBATT_eInit              0x800'de69   0xf8  Code  Gb  BATT.o [2]
vCAN_eGetBattID_Exe      0x800'e855   0x72  Code  Gb  CAN.o [2]
vCAN_eInit               0x800'e31d  0x15c  Code  Gb  CAN.o [2]
vCAN_eReadCANData_Exe    0x800'e4d9  0x366  Code  Gb  CAN.o [2]
vCAN_eSendCANCommands_Exe
                         0x800'e49b   0x1c  Code  Gb  CAN.o [2]
vCOMM_eTxString_Exe      0x800'c929   0x2a  Code  Gb  COMM.o [2]
vCOMM_eUSART1Init        0x800'c8a5   0x24  Code  Gb  COMM.o [2]
vCOMM_eUSART3Init        0x800'c8c9   0x20  Code  Gb  COMM.o [2]
vCONFIGEEPROM_eLoadDefaultPar_Exe
                         0x800'fd33  0x106  Code  Gb  CONFIG_EEPROM.o [2]
vCONFIGEEPROM_eReadConfigData_Exe
                         0x800'fbd9  0x15a  Code  Gb  CONFIG_EEPROM.o [2]
vEEPROM_eInit            0x800'e06d   0x4a  Code  Gb  E2PROM_I2C.o [2]
vEEPROM_eReadBytes_Exe   0x800'e19f   0x2c  Code  Gb  E2PROM_I2C.o [2]
vEEPROM_eWriteByte_Exe   0x800'e105   0x44  Code  Gb  E2PROM_I2C.o [2]
vEEPROM_eWriteBytes_Exe
                         0x800'e149   0x1e  Code  Gb  E2PROM_I2C.o [2]
vEEPROM_iMakeWPEnable_Exe
                         0x800'e1cb    0xe  Code  Lc  E2PROM_I2C.o [2]
vFTP_eCheckFTPServerForFWUpdate_Exe
                         0x801'0309   0x9e  Code  Gb  FTP.o [2]
vGEN_eLoadAndParseData_Exe
                         0x800'f811  0x292  Code  Gb  GEN.o [2]
vGEN_eLoadTxRate_Exe     0x800'fab1   0x6a  Code  Gb  GEN.o [2]
vGEN_eMakeIntBattChargingOnOff_Exe
                         0x800'fb29   0x38  Code  Gb  GEN.o [2]
vGEN_eONBattChg_Exe      0x800'fb65   0x2c  Code  Gb  GEN.o [2]
vGPS_eInit               0x800'f575   0x5c  Code  Gb  GPS.o [2]
vGPS_eOperateGPSLED_Exe
                         0x800'f7d7   0x2c  Code  Gb  GPS.o [2]
vGPS_eReadGPSData_Exe    0x800'f7b1   0x26  Code  Gb  GPS.o [2]
vGPS_eSetGPSPower_Exe    0x800'f615   0x34  Code  Gb  GPS.o [2]
vGPS_eStartGPS_Exe       0x800'f649   0x12  Code  Gb  GPS.o [2]
vGSM_SendByte            0x800'f4e9   0x12  Code  Gb  GSM.o [2]
vGSM_SendString          0x800'f501   0x22  Code  Gb  GSM.o [2]
vGSM_eDisableGPRS_Exe    0x800'ecd1   0x38  Code  Gb  GSM.o [2]
vGSM_eEnableGPRS_Exe     0x800'f3cd   0x42  Code  Gb  GSM.o [2]
vGSM_eInit               0x800'e8f1   0x9a  Code  Gb  GSM.o [2]
vGSM_eInitaliseGSM_Exe   0x800'eecd   0x30  Code  Gb  GSM.o [2]
vGSM_eInitialSetup_Exe   0x800'ef15   0x8a  Code  Gb  GSM.o [2]
vGSM_ePWRKeyStartGSM_Exe
                         0x800'ec45   0x58  Code  Gb  GSM.o [2]
vGSM_eReStartGSM_Exe     0x800'f44d   0x82  Code  Gb  GSM.o [2]
vGSM_eReadGPRSStatus_Exe
                         0x800'f415   0x32  Code  Gb  GSM.o [2]
vGSM_eReadNetworkInfo_Exe
                         0x800'f1b7   0x62  Code  Gb  GSM.o [2]
vGSM_eReadSIMInsertStatus_Exe
                         0x800'efff   0x32  Code  Gb  GSM.o [2]
vGSM_eRegisterAndSetModule_Exe
                         0x800'ef9f   0x60  Code  Gb  GSM.o [2]
vGSM_eResetGSM_Exe       0x800'eca1   0x30  Code  Gb  GSM.o [2]
vGSM_eSetAPN_Exe         0x800'f2a5   0x4a  Code  Gb  GSM.o [2]
vGSM_eStartGSM_Exe       0x800'eba5   0x64  Code  Gb  GSM.o [2]
vGSM_eUpdateTimeZoneAndRTC_Exe
                         0x800'f315   0x18  Code  Gb  GSM.o [2]
vMQTT_Disconnect_Exe     0x801'01eb   0x2c  Code  Gb  MQTT.o [2]
vMQTT_Incoming_Msg       0x800'fff7   0x24  Code  Gb  MQTT.o [2]
vODO_eCalculateTripAndOdo_Exe
                         0x800'e203  0x108  Code  Gb  ODO.o [2]
vODO_eInit               0x800'e1ed   0x16  Code  Gb  ODO.o [2]


[1] = D:\BZ\PROJECTS\Embedded Firmware\BZ\Standalone_IoT\Firmware\Standalone_IOT\Standalone_IOT (MQTT with BL)\MainProg\EWARM\standalone_IoT-ver_1.0\Obj\Application\EWARM
[2] = D:\BZ\PROJECTS\Embedded Firmware\BZ\Standalone_IoT\Firmware\Standalone_IOT\Standalone_IOT (MQTT with BL)\MainProg\EWARM\standalone_IoT-ver_1.0\Obj\Application\User\Core
[3] = D:\BZ\PROJECTS\Embedded Firmware\BZ\Standalone_IoT\Firmware\Standalone_IOT\Standalone_IOT (MQTT with BL)\MainProg\EWARM\standalone_IoT-ver_1.0\Obj\Drivers\CMSIS
[4] = D:\BZ\PROJECTS\Embedded Firmware\BZ\Standalone_IoT\Firmware\Standalone_IOT\Standalone_IOT (MQTT with BL)\MainProg\EWARM\standalone_IoT-ver_1.0\Obj\Drivers\STM32G0xx_HAL_Driver
[5] = dl6M_tlf.a
[6] = m6M_tl.a
[7] = rt6M_tl.a
[8] = shb_l.a

  36'802 bytes of readonly  code memory
   2'891 bytes of readonly  data memory
   6'748 bytes of readwrite data memory

Errors: none
Warnings: none
